iVBORw0KGgoAAAANSUhEUgAABegAAAPWCAIAAAAUBO8tAAAQAElEQVR4nOz92ZNkWX7g993Nd48996y9qqt6AxpodKMBcjaCw224vIiUmSQTJULU/yPpQSYzmklmehFNEjU0cmwkzWiGg8Fglu7G9F7dVdW1ZuWesUf4ehedez0iMqq6MSSimmb34fPpRFSEx/Xr7vmU9sU5v5Otr69HAAAAALRPFgEAAADQSsINAAAAQEsJNwAAAAAtJdwAAAAAtJRwAwAAANBSwg0AAABASwk3AAAAAC0l3AAAAAC0lHADAAAA0FLCDQAAAEBLCTcAAAAALSXcAAAAALSUcAMAAADQUsINAAAAQEsJNwAAAAAtJdwAAAAAtJRwAwAAANBSwg0AAABASwk3AAAAAC0l3AAAAAC0lHADAAAA0FLCDQAAAEBLCTcAAAAALSXcAAAAALSUcAMAAADQUsINAAAAQEsJNwAAAAAtJdwAAAAAtJRwAwAAANBSwg0AAABASwk3AAAAAC0l3AAAAAC0lHADAAAA0FLCDQAAAEBLCTcAAAAALSXcAAAAALSUcAMAAADQUsINAAAAQEsJNwAAAAAtJdwAAAAAtJRwAwAAANBSwg0AAABASwk3AAAAAC0l3AAAAAC0lHADAAAA0FLCDQAAAEBLCTcAAAAALSXcAAAAALSUcAMAAADQUsINAAAAQEsJNwAAAAAtJdwAAAAAtJRwAwAAANBSwg0AAABASwk3AAAAAC0l3AAAAAC0lHADAAAA0FLCDQAAAEBLCTcAAAAALSXcAAAAALSUcAMAAADQUsINAAAAQEsJNwAAAAAtJdwAAAAAtJRwAwAAANBSwg0AAABASwk3AAAAAC0l3AAAAAC0lHADAAAA0FLCDQAAAEBLCTcAAAAALSXcAAAAALSUcAMAAADQUsINAAAAQEsJNwAAAAAtJdwAAAAAtJRwAwAAANBSwg0AAABASwk3AAAAAC0l3AAAAAC0lHADAAAA0FLCDQAAAEBLCTcAAAAALSXcAAAAALSUcAMAAADQUsINAAAAQEsJNwAAAAAtJdwAAAAAtJRwAwAAANBSwg0AAABASwk3AAAAAC0l3AAAAAC0lHADAAAA0FLCDQAAAEBLCTcAAAAALSXcAAAAALSUcAMAAADQUsINAAAAQEsJNwAAAAAtJdwAAAAAtJRwQwQAAAC0k3ADAAAA0FLCDQAAAEBLCTcAAAAALSXcAAAAALSUcAMAAADQUsINAAAAQEsJNwAAAAAtJdwAAAAAtJRwAwAAANBSwg0AAABASwk3AAAAAC0l3AAAAAC0lHADAAAA0FLCDQAAAEBLCTcAAAAALSXcAAAAALSUcAMAAADQUsINAAAAQEsJNwAAAAAtJdwAAAAAtJRwAwAAANBSwg0AAABASwk3AAAAAC0l3AAAAAC0lHADAAAA0FLCDQAAAEBLCTcAAAAALSXcAAAAALSUcAMAAADQUsINAAAAQEsJNwAAAAAtJdwAAAAAtJRwAwAAANBSwg0AAABASwk3AAAAAC0l3AAAAAC0lHADAAAA0FLCDQAAAEBLCTcAAAAALSXcAAAAALSUcAMAAADQUsINAAAAQEsJNwAAAAAtJdwAAAAAtJRwAwAAANBSwg0AAABASwk3AAAAAC0l3AAAAAC0lHADAAAA0FLCDQAAAEBLCTcAAAAALSXcAAAAALSUcAMAAADQUsINAAAAQEsJNwAAAAAtJdwAAAAAtJRwAwAAANBSwg0AAABASwk3AAAAAC0l3AAAAAC0lHADAAAA0FLCDQAAAEBLCTcAAAAALSXcAAAAALSUcAMAAADQUsINAAAAQEsJNwAAAAAtJdwAAAAAtJRwAwAAANBSwg0AAABASwk3AAAAAC0l3AAAAAC0lHADAAAA0FLCDQAAAEBLCTcAAAAALSXcAAAAALSUcAMAAADQUsINAAAAQEsJNwAAAAAtJdwAAAAAtJRwAwAAANBSwg0AAABASwk3AAAAAC0l3AAAAAC0lHADAAAA0FLCDQAAAEBLCTcAAAAALSXcAAAAALSUcAMAAADQUsINAAAAQEsJNwAAAAAtJdwAAAAAtJRwAwAAANBSwg0AAABASwk3AAAAAC0l3AAAAAC0lHADAAAA0FLCDQAAAEBLCTcAAAAALSXcAAAAALSUcAMAAADQUsINAAAAQEsJNwAAAAAtJdwAAAAAtJRwAwAAANBSwg0AAABASwk3AAAAAC0l3AAAAAC0lHADAAAA0FLCDQAAAEBLCTcAAAAALSXcAAAAALSUcAMAAADQUsINAAAAQEsJNwAAAAAtJdwAAAAAtJRwAwAAANBSwg0AAABASwk3AAAAAC0l3AAAAAC0lHADAAAA0FLCDQAAAEBLCTcAAAAALSXcAAAAALSUcAMAAADQUsINAAAAQEsJNwAAAAAtJdwAAAAAtJRwAwAAANBSwg0AAABASwk3AAAAAC0l3AAAAAC0lHADAAAA0FLCDQAAAEBLCTcAAAAALSXcAAAAALSUcAMAAADQUsINAAAAQEsJNwAAAAAtJdwAAAAAtJRwAwAAANBSwg0AAABASwk3AAAAAC0l3AAAAAC0lHADAAAA0FLCDQAAAEBLCTcAAAAALSXcAAAAALSUcAMAAADQUsINAAAAQEsJNwAAAAAtJdwAAAAAtJRwAwAAANBSwg0AAABASwk3AAAAAC0l3AAAAAC0lHADAAAA0FLCDQAAAEBLCTcAAAAALSXcAAAAALSUcAMAAADQUsINAAAAQEsJNwAAAAAtJdwAAAAAtJRwAwAAANBSwg0AAABASwk3AAAAAC0l3AAAAAC0lHADAAAA0FLCDQAAAEBLCTcAAAAALSXcAAAAALSUcAMAAADQUsINAAAAQEsJNwAAAAAtJdwAAAAAtJRwAwAAANBSwg0AAABASwk3AAAAAC0l3AAAAAC0lHADAAAA0FLCDQAAAEBLCTcAAAAALSXcAAAAALSUcAMAAADQUsINAAAAQEsJNwAAAAAtJdwAAAAAtJRwAwAAANBSwg0AAABASwk3AAAAAC0l3AAAAAC0lHADAAAA0FLCDQAAAEBLCTcAAAAALSXcAAAAALSUcAMAAADQUsINAAAAQEsJNwAAAAAtJdwAAAAAtJRwAwAAANBSwg0AAABASwk3AAAAAC0l3AAAAAC0lHADAAAA0FLCDQAAAEBLCTcAAAAALSXcAAAAALSUcAMAAADQUsINAAAAQEsJNwAAAAAtJdwAAAAAtJRwAwAAANBSwg0AAABASwk3AAAAAC0l3AAAAAC0lHADAAAA0FLCDQAAAEBLCTcAAAAALSXcAAAAALSUcAMAAADQUsINAAAAQEsJNwAAAAAtJdwAAAAAtJRwAwAAANBSwg0AAABASwk3AAAAAC0l3AAAAAC0lHADAAAA0FLCDQAAAEBLCTcAAAAALSXcAAAAALSUcAMAAADQUsINAAAAQEsJNwAAAAAtJdwAAAAAtJRwAwAAANBSwg0AAABASwk3AAAAAC0l3AAAAAC0lHADAAAA0FLCDQAAAEBLCTcAAAAALSXcAAAAALSUcAMAAADQUsINAAAAQEsJNwAAAAAtJdwAAAAAtJRwAwAAANBSwg0AAABASwk3AAAAAC0l3AAAAAC0lHADAAAA0FLCDQAAAEBLCTcAAAAALSXcAAAAALSUcAMAAADQUsINAAAAQEsJNwAAAAAtJdwAAAAAtJRwAwAAANBSwg0AAABASwk3AAAAAC0l3AAAAAC0lHADAAAA0FLCDQAAAEBLCTcAAAAALSXcAAAAALSUcAMAAADQUsINAAAAQEsJNwAAAAAtJdwAAAAAtJRwAwAAANBSwg0AAABASwk3AAAAAC0l3AAAAAC0lHADAAAA0FLCDQAAAEBLCTcAAAAALSXcAAAAALSUcAMAAADQUsINAAAAQEsJNwAAAAAtJdwAAAAAtJRwAwAAANBSwg0AAABASwk3AAAAAC0l3AAAAAC0lHADAAAA0FLCDQAAAEBLCTcAAAAALSXcAAAAALSUcAMAAADQUsINAAAAQEsJNwAAAAAtJdwAAAAAtJRwAwAAANBSwg0AAABASwk3AAAAAC0l3AAAAAC0lHADAAAA0FLCDQAAAEBLCTcAAAAALSXcAAAAALSUcAMAAADQUsINAAAAQEsJNwAAAAAtJdwAAAAAtJRwAwAAANBSwg0AAABASwk3AAAAAC0l3AAAAAC0lHADAAAA0FLCDQAAAEBLCTcAAAAALSXcAAAAALSUcAMAAADQUsINAAAAQEsJNwAAAAAtJdwAAAAAtJRwAwAAANBSwg0AAABASwk3AAAAAC0l3AAAAAC0lHADAAAA0FLCDQAAAEBLCTcAAAAALSXcAAAAALSUcAMAAADQUsINAAAAQEsJNwAAAAAtJdwAAAAAtJRwAwBc0d/7L/93cRyvvg/fVFWVJEnzQxV+jMuq+e3ZBeFX4YLPXd9cF4fr64eqeHVN+DatLwu3C9cUSZXWFyfPn7W6SVLFF+9k9cjqa7l6pLm+ilYvUF389uJZF+/k8o/VpQebG9R3a3519tOvPqt+w0n9YCeu33x5+c7J84u//lf+kwgA4C8viQAAruQil1x8c1FVzr95fsHnqk10qZJ87ulV4/y56a8tLI3q4ikXL7G6YNWPLt5Y+PHyTVY/ri6+fNnZTc8f/9Vf/dpnXXwtLjrUZ9/n524CAPCXYsUNAHB1n+sUIWw0/0+hs25SlXG9aiYq66U0UbmKHun5upi6ZyR1KKnK5rtzaZqufqiaNBOv1uzEn3/dZk1OuHO9GGd1ZbhPdHanavXo6klVGa6MsuRsjU/RvMnnq3iq5/esLn2Wqvlz/qtfX3nOLo4/81dxtqbn+YP+/2QAwNX5lwQA8JuRfHb/UZNjni+luXzlajfTxVan+LOaX8Vl9Pyiz62IOb9tuGdZJfHnFr9c9qvrYi7/KvqV8BT9ulU2/4q1M7/6ilX8F64wAgC4AituAIArSpplJWeR4mLpSlMu6uwSHo6ex4uz1TNNtTmbZVPVT0nipDy/4a+ElfO1OfVsmuYeyfN00oSR9GKNTH3D+NLLXZqzU64eXzWgZLUUqH5OvVCnar45X1yzuk/ZrNVJolVCWt0sunzn5rWa/VaX3m11vg7o7C/n+f4s1QYAuDrhBgC4or9oRUnTNf5VteJzC3AuP355w1Eamk5ZXn6V6tJrlUURZ2cTcC6m2/zqe4t+3durq9Gl1/rMb0OyWT1+6T1+7spm59evX+MT/QVjjwEArka4AQC+kOcDiePnkSKpf0ybb8vofG/25eyyWhETnlqdnQB1Ple4WaXTLOGJi6hM0iQq619VSVw2D4ZfpU00yZM4OV8sE5/PlamfmFwaN5M8X+9Sxp/fu3Rp8U6VpM3qnovZw+fVJrm0XubiQKpfu4jmc/f83ClaAABXI9wAAFf3fP1L8zX97IMXx3ufDQm+9KzzXVRnv3k+PqZZC3NRPepMc3aTz1wTXRoh3Dx6dhbV5Sk0n5uMc3ZU+dl+qM88hd2qvgAAEABJREFUuHrWWbVJznZAxeejeS5N1fk1S2l+7ZSc6LOrh+QbAODKhBsA4IqqS8cwnQWYZrXLqoCkUbna6FTF5+c7NY+vFsGUUVKV0fn+p6heEFMmzTya1XFRcVQnlfqKMrxOEp+VoXh1aZNFmnU8yWc2UpX1lRdjaaLz2lM3lKQ8O9Mqqsp6Qs2vbtcKEacoysuP/Ct6TfRrdmOthtqsPlX6/ILmfCsAgKsRbgCAL+RzC1suHinK5wtVqvL5epnyMwtz4suzZFbDcZrWc7bE5vI+rOizO5SaecPnD8XVxfDj6GwpzfPv4/PrL95edenHlYthOkmz7+ryDqnnt43+wo+/+izN1zQy5gYA+M0RbgCAq/v81N56cUxSrE4CPy81dVRJVsc/rebd1GdOrebaVKtHmr1L5cWep2Zazvn037RarcxJsioqoou9Vc8L0flUmuTsl/WMm+is+DQPRqtJOqtjqC6fYFXV63iqVaOJ6xVAzbas1f0vfaxL31Znd2ze8qVVNquKVK+sOfsx+vXPBwD4yxJuAICruzz/5WIqTXNSdlxdmlZTnU+oObugis7izHl8OVs+c0mde+rHy9Vo47Iss05a5sWvXbxyefvSxTv5713nEt5buO3FE89iUFXXmMt3qxfjnK0EWg3EuVgwlES/suLmV/ZP/YVHaAEA/A8h3AAAV5SkTew47xLNGpaLBTHNWJmybFbS1JNlymb472qVShWXq+1PZ9OJV8dRnc0aXt3gfNfSxYTjqiqKopNl4euq8Vw+i2p1/fn6mrMHL7Wksy4T3s/q9Kiz6+v/1O+z/lW4VRJfPhireb9VGZ+tzTlfRVNfnMTZ6iarNULhBs1/08+MtrlQFREAwFUJNwDAF3U2HSZ5PvE3bg72TtO0iMpVNElWU4qboBPHWegwoYysnnIxjyZ6PtB39UMV/levtTnrNdFqVM5qLc9nrv91Lp0JdXF0VPy89VxcE68GKpcXx05V54dO1Z8iSS4t52m6TMhQv6LZMpXG50N8ks/85SQW3QAAVybcAABXVMeX6HnXWM33PV8700yv+ey2qfhseU19vlOadsq4jM5yyWcqzEVMiVYDa87P+a4fLfMQcfI8D99X5cU6nYv305SgS+dPXcw0fr4TqlkyEzJNiEoX63Yu1AdTFUVzpFWSZOnnkk10fvT4qtQ0ders41fhgvrHrLnm/FDzVf+pHykjAIArEW4AgCsKbaOpIfUsmovlNk1kiS5tUCrrUFI8375Ul5pmcMzZ+Juy3mx1uZ+s2sjlFyrL/Gw9S1XnodBcVrNpLubjlM3inXptS3mxeeoz77SqLq4/izjNLJ7k/P5lkjbzbpr7pNlndjxdmmJzKdycj7OpX73pPKt1NtX5Tqz6fxeHWFlwAwBclXADAFxRyDGr4BK+fmY3UPU8VYQakud5uDJUnjhN6qUqzUFOob00TwkPr4pPvfrm+Q3OZx5H58dFrVbThG/qcJN1671N9ZKbavVaq11OZR2Q6uayOqyqcXYIVHPQVLMGaLUEJ2SaekVM1Twrrj9GUVbhzp2sDkBnG7WaL585Yvyzy3PO2835G/7sX010UZ8stwEArk64AQCuqA4uZXw27rdpKNFnV7Wsqs1yka9GFSdlXUxCsYmyMonCd1EzwaZM005z8lTSbCt6HoCeL3Wpzo+oiuM8JJGQgdJOkc+aHpNUZ0td0vrm4fFiNQy4bGJKmiZZHlXL5TKLV9momTVcLaOQapq9Xau1P/ky73a78aUxNxe7sJrVOWcTcC6v5Vkt26kX29S7v+pwc35G1erU8+f9yIwbAODKhBsA4IpWLaNe+JI0y0uazLJqL82Z3/Ualiovm5KSZWlad55lfbZ2aDVxr2wGw9QzbIpimYbAkjQTiJvgk6xG0sSrvVfnS1nqNTZps8Gq7jHLemNTXIZnhYyT9bNubzAad/u9VbipD7SqqnDbOO1MF8X+s92jvf00jge9TrmcrA/SftacItXsyprPp/1+Pzo/iKpuNs3wmmYjV7Oip77yfCNY816aE82reHXW+Wp1Tnkxb6dZ2nP+t7S6MgIAuBLhBgC4urOhv9VqnUx1eRxMvbamWcySZVkcd5I0LYoqz5fh+k4nrrdNJXWuaSYcV02yiZrhNfnqeO9mnU0Ux9WlF2qOqEqzvA4jaRH+GVN151W6LOO13ni8tZWknXqMcNoszomauclRMsuLB7vPHj4+XC7yex98uLE+3Ht8/1u/9aXbN7bSpMyqaD6b9Xq9MjSh9GzJzFmQej6yJz4/96o+MKqKirrGlE3ZqaczN7u8ymixmOZ53u/3+t3sM9uyRBsA4AsQbgCAK6rDRL3OJg1JJWlW3UTV5fO5m2OWsnqeTfgnR72ZKA3ZIy7yemPRyWSeLcvhoNvNQsIpmrHDRVEWSdaJVjEnKpPVEp6zU6LqNTRluZhPZ1lvOMnnSdx9ejg7zuPeaL07TovQaurVPFGeFyGghCTU6fWOT0+eHRzuHZws8mi+jJ8cHL/99s/nk8Ojvd2vvPnq9tZaL02KxeLmjWu9XmfQ7xbFstPp1IeQ152oOeM8Xu2BOju5fHU+VFOU6jU1ZZWeHE/feff9f/rPv/vhhx8vl8u7t2/+5/+b/9XN69v1vq/zU6UAAK5MuAEAvpCm1KSrQHExVLjZ6BTXR243u5HK5ujuuIjiTidkkH/23e/+k3/2vfDAa6+89LWvfvnNN15dH4+S5kDteu5MlHQ6qzO/6xBztn2pXtKymM7KJ7sHzw5Os/7wdDI7OJ0X3dH16ze3Rmuz7izKF1FRnu1bSuL56aRMkrXBsDMYv//xvePjxel0/umjp+uDzp/82b/4/ve//9aXXj082H/57p03Xnv11ZdfqMp8a2tjNE47SbpabROfO/+sq48VPlCaF9XB0cl3v/vnf+/v/4P3P/w4L6J+fxh+9fTps7/9X/+d/+0f/y9W56BHAABfjHADAFxRXVXq/5TN3qbV+VJN7aiaE7tX61LqQ5qqNF4NgSmTKn34+Nnf/X///ek8z4vi40/u/8mf/fOXXnjx97/zzW/9zjeubW90OuG6fLmssiwLDacMwaYoQi9ZFvnB4emDpyf3Hz37/g9/snXt5kef3Nu6dmtta+f2jZtrnc5yb7+fddJ6BnISp0nSzLgp6gOj4rX10fDLb3zvz3/80ksv7T55upydHp/Ok6QXAtD77320f3C8e3D8/sefDvvZm196PVSkqqxbU6fTSc4PtDpPMPXXokwOjo7/5B//2d/5u3/v8eOnRXV2iHhZLMPXZZX+8oMP5vN5Nuw2PQsA4AsRbgCAK7pYXHMx2uZs5M2lc5Qur1ipR8VU8S9+8Yujk0m9LaosF4u8iqOfvP2Ln//inX/4D/7Rd779u3/lX/+DO7duhAvzZV1/wlP2D4+Pjo7my+qTB49Cb/no/tP7jw/uvPqVnRvlbLl46eUX/o2/+q8/+/DDo6dP3vvJT7797W+v71wvy3I+O/3TP/3Tr/z21+++8mrW766Nxl/9ypv1zqdvfvPpk0enR/uvvHDznV+8XSbpyWz54b1H737w8WjQ6w3WJtP55sbaC3dubqyH108vfcz6BPLJZPHP/sX3/vZ//d/+8oOP8iJqxvfU43rCld3GbL48OjrJ8zyKupcPNQcAuBrhBgC4uuftJqqXqdSHMNWrbFYDeZNmtPBn4kW4ZnfvoCjqMTRlVGVZUp8HXhbhh3ufPnz4+Mn3fvDjf/OP/sYffvv3xv1ekiwXeVHG3R/94pP3fvnhdFkez/Ivffnr2ejTjZ2dtNd7/Y1X/uiv/7XRIC1v7sTV4nBy9N0//+7f/Hf+1mI5//GPf/yTn/30t37/22vbm53RoEqT69e2X3rxdjcLMaZ4fONGFYckdDCfTk9OTkejUafTefmV1z/59Okn9x7cvnW9k/XC21pfCy2nszrHar5Y/uzn7/3f/x//rx/++O1lXjQfajXDpup2e4NuLwodajoro3ixWNRrdqrkebGSbwCAqxJuAICrWy0quVhWszqPqTw7iSlpdketNhidXVkW9eng4Ver1SzV+cqc8KtlUeZl9dHHn/7f/sv/549/8MNvf+ubb77++my5/PHPf9kdrB/Nyo8+eTDLi2t3XvqP/+P/+Bvf+O0XX7rbSeIkLqKq3Nje3NneePWll3/+9tuh0URZ+tXf/sZf+aM/2rxxvciSOI3zKAqpKLyhZ08fv/Pzn33lzS/9+Ec/OD2ZzuaTbta7c3f71VdfD+/hR794p1zMP/jw3qf3H/zO195660uvjcaD5XK5+2z/v/27f/e73/vB6XReVklRRWk9cznJkk6axeWyKNKy1+mmnex0vshCjmr+HgAAvjjhBgC4ojhZbYn6/BTeJK6H20RlcfHDKtA0A2fS0bCf1G2nrjxVVOVl3pwCXo+kCV/zKq4m05/+4r2Hj3c3Nr47HI13D0/2j0+/+a1/bf3a7fHGxr//7/+tV1++2+mkcZXXBzeFJzbHPIUXy0aDu1/60snxpOh017e2++ujZRJeJbxYdDqdvf/xgw8//Oj//F/8F7eu7UTL+bA/+L3f/daPfvyDV1974/r1648fP/3k3r0sTevdT7P8/pOD+ewXn9x/NpscP3z48L0PPtjb3282QDUfqT6UPO0H3UG4/3g4rHd1NXOLZ4t8Y7wWGk5Unz/1fKcVAMDVCDcAwNXFq2Ox/2KhxayWnyRnk37ja9euRVWSdpPBYFgP8Q0PFiHfFGVZF5H6miweDtbipHM6yx/sPljkVac/ePRs99/+9/7d73znO6PxIA6VpiqW80Wv3603aaVJvlyGFzpZFkV4dn/QCY/2epPFspdEWdwJF3S7/fX1jfBy3W53f3//wf37r778Uug1/9kf/+fhdX/4o5+UVfzlL3+12x8sFoujg/3TWZUmi/n9p1Wx2D+exlmvNxhXs1loUGmcpGkn6Hb6/cGg1+2GarO9sT4aDg8O9k6nk3opUKez2kp1Mf0nAgC4EuEGALiiOEqaLrPaJJWVZb0gpT5dqkqamlO3mrheanOWdurdUmly94WXXn7t1cWyPDg4Cvmm3xnWZSOpl7HMZrOoKvv97sbaerhyWUQb29fvvPT6W1/+ym9/87deeeWVfierqiJqlu9kvW59yHiSLsK98mg+X+bzvK4lizy8q2UV9Qbdal70wpsMUSgOb6984e5Lf/2v/40f/ssfhDuEy6/duN7vD3/x83dHo3G4yXS+6AxGg+F6+CxFUXTCO+pki3y5KJulQItl+AghAA1DGMp6G1ubZVkt5nmUdG7cvBFqTqeThjBUFMtv/s43siwLH0S1AQC+OOEGALiiy6cmhbJx6fvVKpt61k29xua8X5TNQ2vj4ZMnT6ooff2tr25sbOZFVSXxfLY8DI7255PTbifrD0adfi/rDze3b7wYus3Xvnrz5s04rpbLZXo2PSYJlSQv6iHBZVn/eHIyq2cDz2ZJXoeb3vooz1ij8D4AABAASURBVIfD0ShOozKNnu0+/uTjh3/7b//tarnY3NpYHw8G/f73v//9jY2t0XgjlKas2y0X+XQy7/TrBhRuPhr2s248GG30Tk/j6KA/HKRJJ9w5ZKIoLvb3D3ZuXL95++7paQg+5fbW2vHBXngf167tfP23vtpsHlNtAIDfAOEGALiq+GyycNQUirOOU8WrNTjN2VJVfN53mpOn6seuba+9fPfW+588Oj4+WeZx1u3X61OiZLy+8fLLry4Ws3wx63Tq07WXcZpX6WA03NjY6GS9cIP6EPFmvPH+wdFoNJot836/H157f+/wZP9oenRUnBxPdx+F7HL9pVe3bt0p4qQXJ4PRYDRam04/6nW6/+J7/2I06Lz2yqvXr+/0ep0HDx5lnd7h8Ul4yvr6elnl+byuLuHVm3cVTeezXog3O9dPjg9DtUnTtCpDC4o73bRc5kf7B6++8aXxeHy4tx8l6Xy5+J2vhhq1sQo39QeO4yTSbgCAqxNuAICrO5txUw/mjZpFJpcjxa8ZfhMu7Pc63/r27z54+o/SpNMfjru9wWw2y/M8hJJP7z+cTY9PJ8fFYp52e+Ota7dffPnTTx+UUfXlt964cX0nFJPJZFKHlUE/VJs07RRFNZvOj46Oq+WynJ5+8t7P3/nB95fLxRu//c2vfStbT7NlGS+LfDKdHh8f379/f9jrjgaDhw8fvv/++9vb26+88kqvP3zppZdOT0/rUTid3ul0dnRwOJ1OQ7pZzGdVESVZJ8m6SWeQRFGv1wsv2k2zkHg21tZD3wkfam19s9PpTI4PQsH5zne+nWVpXEeb5n//fTOAAAD+1YQbAOCLiatfuyGoWXBy/tvm+2YFSpRE8Te+/lt//x/88/liOirL3qA/WlsL4Wa5XIYOcpyUxXJeJHFnMBw0WWfn+rUkyYbDUVFG88UiL6PhqFefSFXGk9m8qMoQWaq8Otzbe/jeL/7xP/z7h08fpmn64YP7aa/39f5oeziez5ZlGX3wwS+H/W6+tV3MJ0dHR0W+qMr1J48fZmn3e5/+s6zb2dm5nhdVlKRro1Eal+HPeHM95KTwxjY3NxeNre1r49FGk2/ScIdwozgqV+HpZHISWs+Xv/JmPdnnYi5x1JyrBQBwVcINAHBFz7dHXbJ65OLBX9d0yq3tjW/+3jd++LP3RqPBnTt3er3+wcHBJ598fLC/m89Op9PT0GXWer1XXn752q1b49HaYDQ8Ojg4Pqx3MG1vb8dJdFJfNQ33Ctkli+LHjx/v3v/ku//0H+8+fdSrT3QKOaX403/49/IofunNr167eyfp9m7evP1nf/pP3nrj1WePH21tbT169OBwb7fKl4PB6OBwryzL2fR0c+t6FKfL+azXzU5PDqqiDK+YdrpFIxSie58+uH7t1t2XXr6+vTNe21gbrU9Pj8bjtU8+fm8yPflrf/UPNjY36xevkvp48Kge9NMcH27VDQBwReH/F9WLAAD+8v6z/9l/cL6a5iLWNP+pD5Wq6p1TzxebNCdPnY/sDVUjzTr/+E//tN8fdzqD+Wy2aM5jSuIiiat+rzsYDLNu99GDBx8E7/9y98njOA+/jUbD8WK5LMp6kcvaeK1YFAe7e8e7z55+8tF3//E/+PD9dzpZUk+gCdWkrE4np/c/+Xg8HHa6g8WiHG9svvzaq8fHR6++9trxyUmaxkdHh9vbm2ubG7u7e00tiosiT9Mk3GQ+n+WzaXjFIl8ulvOyKMPnLEO7OT2ZTSez8HU27XU716/fHm+sP9t9erD3tCqmf/zH/8v1tXFcL7lJmm1hSbN/LA3Z5v/wf/q/RgAAf3lW3AAAV3QxdThpzgC//KvVQptfXY8Trc4Lj6pXXn7hrTde+/jBw9FobTgc3rt379mzJ/lyFvJNnufr65vNceBlWcXhgifF/NrW5tra2mx6ut7dmp5O+v3+vY8+juuEM3987+O3f/C9ex+93wmhJS7LMl69SlJFk5PDf/qP/n/zZf7im18dbuysj9fiKD08OXnt9S8l8Wsnx4fP9vam88U3fve333vn3QcPHswa4YXqhTZRvFzMkhB44riIqzRN+91sUh+ftZicHPQ72UfLRZ6XL71wt5elj588/Hf/rb9248aNtN4lVTafPQlvoKpWfy1pBABwJVbcAABX9MerFTfR2eHXq++j+uezYNGsfqmvbJbeVGcnZNe/j9J6+U3y4x//dDqZPH54/+SgPgi8KpbFclGWi8V8Np1OTyaT6XQS/q1y+/ad7Rs3Xnnt1fD9s6dPuln36OBgMZ0ePn364P1ffPjOz376k3+ZF3lVT5apB8yUVVU3n6oOKPP5bG/vWa+ThV7U7/XCO/nko4/LIqSY4oUXX3z46OHJ8cmTx09u3r716muvPX7ypF5QM5tWeT4er/V6/aLIO51Orz9cLBa9bifcPdx1OBimadLNsmgxf/zg3t6zxxvr4//0P/2fD4f9KInS+tM27yN8xiRpFuDE//v/4/8lAgD4y0siAICr+tU1NReDby5/E3122E14PI2jr3/5zc21/t7TR8vZab/X2d7aGPS64Umh6aytjeIk1Jflcrl48uTJL3/5y8219dls9ujTe/0sPdh9ls+mabk8fPbw8NmjRw8+nk5OQ1jJ87w4tyzyMqrKMq/K/Hh/dzk5+m/+q//y0w/f2xqNX33l5VvXb3x678HR0cm3v/Wd1ft5/Pjx22+//ZW3vnzr1s1wn0WR7+/vV0mcZd28GTS8ubk5Hq+HH8M3N2/e3BivxeVycnq4XExOTo/+5r/1Rzs7O80h4t0468RxmoS0E6erj58k/sUFAFyRf0YAAFdUr2ipl9FUzQlSSfj+c6WmHnbTLL25uDI8Upbl6unjtf6/82//URqXg8EgydLgbCFwFYek8vTp093d3clk0uv3v/71r0fV8qc//PPj/b39p0+mR/uz473Hn3z4y5/+6P1f/vzZs0erxhM0p1MVeV6GP+GboqjCI+Em7/z8ZyHx/H//m//qFz/8/qjTmc8mnSx74c7dH/zgB7/3rd+vBw+fTpbzxds//UmWJL/7u7/b6fbLuB6BHCVZrzvqdvu93mC0ttEfjMI3SfhMVdHrdjc2NsKL3r5z46/+1T/sdDpxkiVpuHFWj8lppOGDJc3cHQCAKzHjBgC4ovNG06SZS6tsovjXXHnx/Wr5STMIJv7WN7/xg3/5ow8+frS5vTGbnIYIMhqNoiR+sru3ubkZKknIJq++9ma4/kc//OHdWzenk5N+r9PLspO9g3u/fPftn/6oWE6LqCib21b1gJsyfFNUZVnUL5KGThRV4ZGH9++Ht5gWi+/+2Z98Oypefv3NDz5Y1lOSO93Hj5++9eWvfvzRR2lUHR4dHOwf7h+efPVrX5vPlw8fPkySLNSavKiGWbes4q1rOyeHR6ezaT6bdjrpcjkfDgd//Mf/67X1cVIv8EnCxw9hKk2jMq7SZsbN+ZgbAICrsOIGALi6ukpU8fN1N6vDlH7Fxazi5ofmyno5Ttzvpf/ev/M346Tc23s2m806nU6oHkdHJ+H70ErSTu/Fl145nU5WrafZcxRXeb37af/pk8nxUT6dxvWupPr87xBr8qIIb6Ssj7Sqr6+3StXvrY4peRniTlEUeVzOf/bD7z99+Gm/25kv8m9+6w8eP30SIlFZVftHx6ET9UfjXn/4/vsf7h8chaBz6/bdcJPBaLQsiqzbHY7WBuPRfLmYzmanpyfHx0e/+ztf/9Ibr6bx2ces30/anGuVZlV4t0kchXqU+hcXAHBF/hkBAFzdxVKaX510c/mbVbKpi8bla5J6e9Vrr774ta+8NZuezufzEF+6/d5suQhXhnbzySf3Pv7449BjfvKTHy2X85BvxuPxcNA73H1W5ouqyMNNpvPlfJkvlsWyLELRmS8Wi3q8TdEMuCnDDcOfRb6sf5UXk8lJuM9sevKLt9+enBxNJpPwKi++8PIHH3z09a9/fWNzc9AfLeZ5v98fDochBP3sZz978ODT8ca43+9tbKyHrpRk6db2td5gFF4u5Juyyo9PDqOyip6vPzr71EmcJclqw1Rmxg0AcGW2SgEAVxVf3hV16btfOQJ89WDZ7BtqVtvEZwtzmtU3x0d7ZT4fbYyms2lVT/JNQnwpoySEkvFoEEpNWYw3NjYODw/Ho+GgU//r5eDgINxqMBrOTo6WZTXLl0W9X6rKsiwti/og7qheYJM0K2FWI4vD9cs873Wz4dr6/U8+2Ln1wvG1g/WNrSxN9/f3b926dXIyiari9PR0/2B3vLY2HI6Xi3kSj548ejA9nQ1Ho1deeW1tbS3rdr/05pc/zpL9vSc3r98YjdfjNKmXAp3HqepcFGf15y6T6tf9hQAA/A8h3AAAV/QXLbf53AV1rIniarWranVyeOP8RKoyNJK1tVGeL8N1B8dHz3b3p/PlYDDc3l4vy/Lk5OTo6OjBgwcv3rkbusxsNlvOF+HP/tHh073dbDgsFou8Pvq7iSXNKpvofI1PtaxCUinjevdUWb9+1Y2S3b29PC+Sbm/zYH9nZ+fBg09feeWV3d3dt95666OPPhqNx8vlcjZb1IONi+rDDz/sDwdr442jR48mk9loNN7auT7sd7e3r6Vp3O13v/G7v5N2sqoq4s+mq1W7icO/teLmKwDAlfhnBABwZeVq23VIJeftJr740hwyVe+Hqn9VnX2t/zTLYZKqaTpxPVT4S19+6/2P7z15djBbLqfTaXhkZ+fa9vZ2eEpoKOGyjY2NEGf29vZu3rheZml92ndzZNRiWZwcHlVJvS+paUPNdql6gUtclmfHV6XhJeKk3jZVhteKTmezeoxxXXjKMl88ffyozItnz551Or31ja2y+ngwXE/m88EwC3En6w03NrbCLcejtc3tUGeqTm8QFXVLCh/75Zde2dkc/O7vfiNa7ZM6/0s5m9B80a1iw4kBgKsTbgCAL6b6C/cBfe7MqVBMVjGl6RpxfaxUFU+ns739g+l8uVjma2sbeRkyS3cwGo3H64vF7MmTJ6enpzdu3Mqy7NatW7PZbLy+XsZVp5OFG2bdzrJs9kHldd9ZFZk6ytR/orJZelMsozQtmzeT1GtuojJu3kC4+Xw2mU26a2tr8/n88OhgPr+5tbWVJFmcdsPNB0n9z6TZbBL+k2Sd8JZCgQlXhvcwGPYms2lR5f/Bf/Qfpt1O8zFDlqqerzCyNwoA+A0xKg8AuLKzf0is5vKujpSqvzbnTF0+BrueNVOvvylXC3CaQ6Dq3y6Xy3ufPvrJz94pyrTbH5yeTsOD29vb48HwwYNPHz58GKpKr9d7+Om9x48fhmiSRvF8Ps3z8LzlPKSX2TzP81UoqRfQlPVY4qJeaxOtJhPX+6fiqKj3SNUXXEyfac4tj44OdstimSXR0dFRv99/592fv/jiy0cnp/WZVnk+n55mWdLp9LJur9cdHB4cn5xOh8PhbD45PT15/OjTD95/75NPPlqlqPpsq6w1mUfWAAAQAElEQVQTPujnto81M3zCX5OOAwBckRU3AMBvQvx8c9DZA3/BBJzL24jmi/Kff/f7Ib+USZqmnTit+t3es2fPBv1hN81u3LgRLj462M+L5aiz9uDh/cnR0Yt3bib5MjyehBoUekkUNdNl6g1RRb3UplrNmmkOeqoLzmomcrh7HXeKYnW+UwhAy3x+enzy6NHD8drmdDpdFou8rCbzWchGodqERyaTSZQkcZr1ur1ONx0nw3CH0HRC4smy+MnpaehKofhcfK5Li4nOP3VpkxQA8EVZcQMAXNFZpFitslk9Uj7fOXW2uKU8f/Bzf+JqWZQ/f+fdn73z3uHxSdrpllEyX+ZPnjwZNkajUUghIZQcHx+Hb06Pj548ery/v78IgaUJIt2sszpfvF7lkiYXq2lCP1kWVVHF4Ybha17Wm6PyqqzPlYqfv/NQZ+q2UpTzfBluEV4oPP7Jx/deff2N8DbWNjZv3r5TVPVWqf393cP9vW6W5ot5VOaDwSDLurdv3w3fPHr0qCiK5pZlXH/O8tLbKFevZdsUAPBFWHEDAHwhnxvscvFN0ixuWSWMz19TL08pZ/P8Zz9/99P7jzd3boX8cXx6Eh68fft2PbImz+vhNaf1eVKbm5v1JqkkOz45XV/feLa7f/fGTqfTDZLmsKrQceoTo0K/KeO619T7o6JmcPIqLdWzdJK4LMqqm2X1zqmiiNM0KevNUyvhraZpfcdwv2fPnoxGg6OjgxCGkqjqdDqr3Vj3798f9nvN4p1kfX09HfbHo43j49Pw3kLTSdO4Ol9x83yPmAU3AMAXJtwAAFdVNUN54+jyOJvoPNA0u5mSZjHOxUKXZmVOvakqbbYdneztHw4HoyzL6kU3jZPJZBZ+cRL+Ox0MBnfuvhh+m3V6G+vroaGM1za2r13b2t45PjicTuehtiRFvjoIvKk3cZOJzlbW1G+jmU8cFVVRh6Q0L8usWW5cxGUUF82im2R2Orl27VooRItl0cnK93/53le+8pX7n94b9vr1ip406XU705OT0I9WJ17t7z07Otxdzhe371x/eH+0/2x/NOhf7IqqwovVM5BXn7QuVnFpgTMAcHXCDQDwhXzuEKXV7OGLdlPXnUu/bWpOeLyuG/Uqm+PjUFAmk0noJqGJzOfzgxBQFouQbG7dud3vDUO0GY3WVluiev3htVt3X/3Sl+PlvDccbRVRuGyymIcOU1TlsgixZLVBqT6Au14akyRZmg163fDYbDFfFmW9pyu0m5Bw6vVAyfra5ng8fvRs9/h02hv0u936MKl+iDfL/Oa16yHQhLAT3lJ4reV8HlrS9vb2fD6d5ouQkOazyfTkNKpfu8gXyzRdrSQqzj9n81fR7N8K8chuKQDgyoQbAOCKmtU0Z10mjpIqhJHLq2/i80Uo9QqY1aV111kd6xRyx9OnT0Ov6XWyyWIZbnJ4fBwiSJZ11tc3BqNhkzvi8fpantfnei8XxXhz59qt25vXrn/yzi/SrHfr1ua1nVvPjg6qKFmEi5pBxINOvW1ptTkrieJBr7exNp7Pl0/2Fnl9/niU10tjyk6a1Ot31tfjtN4JVR9HdbrsdvvdzlqaZffuffzyyy9PTyfhM4XLkk4Wl8XJyVEoThsbG1W/n+chLi2OT45m80n4Pvyp6g92/rnrv4WzTx5ey5FSAMAXIdwAAL8Bn1t3c9kqZDQHcK+O4j57cGtr69q1ayf3HoXUsra21q2DSAg3WZrV82uiJF4ui4cPHw+Hw2VR3bp9tz8YDtfXk27v5ksv9Xu9zeF4fWOzzjTNYVKh24z7vWvbm+Hm8/k8SZJOmm2MxtubW6u9V4vZNG/eZD2zJktDpnnpldf2D4+qJE7i+kyrcJPwxPDkLEuOj476g+6iPnZ8mcbV5ubm8fHx3v5++LEZnTxeGw+PDnZPDo8mpyd5sVWVSdIM1qmS1YKj+o5RUT6POAAAVyLcAABf1FmOiVfrby4m2px9U5ar7VFnE3HqY7JDZSnKfrcXqspH9+qDmcr6yfFobZwvy1BFQr45Ojrqdvo719dCdtlYG4/W19e3d155/bXNrc3RaJRUSS+Ktq9fq0cgL4t6wHAVb69vvHD9Tnih0+kkvG6n09kZb926efPk5OjRoyfHs2Ve5qvhM0kU93q9V157/Rd//7/rdIfdXi/LQjjqTycnp6fH8/ni6dPHL7/86sHBQUhL4eah+4QXeuGFl6bT6eHRSUgx62uj7a2dGzeujYbdqsijODk7RKps7h4l9Xlacd2rSod4AgBfgHADAHwhn1toc/l4qeh85M1nL66HFqfd7mBQhXqS53lRVJPFstfrh9Sytb2xXBYnx5PNje2ne7ujNBkMRtdv3drc2vnGt765sbERmk5/fb1czMvT2cuvv5H8yT9IkiJtutG1jZ07126VVbQo6t1P3W53czDe3thc64+ub9x/cLBfv4Oy6nU6/f7w+rWbyzKZLPK1zZ2QbBZ5MVvO86IKz8qyJLzKZHJy7fr2wd5ubxBecHNv76A3HKxvbpX1Rql5aDPj9eH29nZ4z1FZ1N2oDjbN6poqLqu8LkqrSTdRZcYNAHBlwg0AcEXlagJxvdRkFSbO8sT5UpvmRPDy+U6h1Uyc1fV5vjyZnD7dfXZ4fJJH9THeRTFJsrQoo263P8+Xp892r1+/vlwu+4NhFKfb166vr69XURluGTLN2vr68bx8862vbWxshcJSVNH8ZLYTssr6ZpJ1yySdLxchwYy7/Syq1rfWb9+4/eMP3202MRWDwTiEm9/95nf6w+H1G7eqpD4XfGdnazo9nR4fHB8dFstleOTo6CgEnSJflHl6eHh49+7d+48edju94XC4tlavA8qLenRxeIehPXXq48WTs3E/db5JLg5Bj+KyslsKALgq4QYAuKKLlTUh0FzMJI7Pp/RWqynEly47n/ZSh5LFYrG/dziZzEJeqVNMmg2H49PJJEnL3d2H127cCr96+PDhxubWcLy+s7Nz/db1jY2NzfX1fq8TSsgsiiedk53r17769W+8987bZRwVJ/O1wWjUGxVRGmVppzuMqqLT6XSjZNgZ3L55J0vStJ54HF4sGY82br/w4pPjybXbt8vmA/T6/fVo+8mDOMSa+SwEnP2yPN7b3b158/rB4XGZL/b3d2/sXJvMZ1FZnh4f93rdYpnXZ2MtllVRFvUyonCfuK5ZSTPOp/k+TpMm41hxAwBckXADAFzZaoFJXBRFkmRVdXZmVHS28KTpNfVw3ipptkxVq01DzaDislmJs7a2FprMdFHM8yKK063tG9Pp9MWXXz05POn1eiG/hGs+vvdJ1u+GNlSviOl1Qo7pZZ00TbN+L4qTb//+H+zu7obfTp4e9tLOeDAs4qyIk9Bulvm8l2W9OI2W1ct3X9re2H58+DSJkvXB6Nq1G8PRWjzLv/2HfzBfLJtXjz+9d687HC/jeBly0mBYnzV+erxYFqPx4Ojw5OT4sF7yky8ni9Ner5MmVZSmod2kaf3JkvoM8qoq02Q106duU1FSNSdtVcYTAwBXJ9wAAFe3CjH1lqjz+TXx83Oxf+Xi89ITEke/39/e3n7hzu0Hj59N58vRaBTCTXjicG29quL1za3+cNDp927dvvvSKy+/9dZbN25c6/W7aXP/0Eyqouz2e8Vi+cZXvrLzve/1s2S6uzcaDLIqrYfUDIZ5XE2nIZxUs8m0jLLxxvobL72y/9O9/qD34osv3rp9u9sf/P4fvNFfX5/Pl0nWebq3v7u/NxiOQzDa3Nycz072njyZ7j09ONgbjwadrBuK0qf3Pt7Y2Dg83J9OTsIbfvXFu1maLPNFVEea5m+gqvNTslqFFP424rIpVuFdFxEAwJUINwDA1TULbFbJpozORrp85rer4cT1NdXZoOKq2ToUp+nmxtpf/dd+7+at6//0+z/+8N6j6TwPCSjtDcdr66HW7Fy/sb658eabb2xd21kfDTtZXOXLIq46SRonSdbt9EfDaXW6s37jt77x9Y/efXvv0/uDrBsVeZaEwJMURTHo9ZfTSZqm+el0FkdvvvzG2++8PRwOwpu6+8ort164s3nretrrNu85XdtYWyxmN6/f2tt9ery/+/Dn94+OT0bDtTQqlvNZGsUnJyez+TLcNhScrNNJ03g87P7B739ze32tLPOyzMKbOvt7OPvs0dmHrf9CyggA4EqEGwDgC/mLjkz6/GlTcXNceJ1y6okvaZalaRXazeTk8N133j6eFN3esD/eGG+sXb9xq9Prf/TJx+O9cW/YC491uuv9br1JqsqL8xhUhnRSJXGn133l9dfuffDLtP455KGqXObh191ud75chA5UFfPQWRaLxbXNnRtb19evb4Q73Lh5czgeh9aSJlU365VRlef52ni0u7v/8NGj3UcPwjW3bt169ujB4dGkKhdVGb366qvz+Xw4WgvtptvNOlmysb21Nh4mUdzpZBcf9uIsrecfvCqcKgUAXJlwAwB8Ic26kl974vUqYSSXfm7m3DSnTpVREVrJfD7d2dna2d58+Oj9RXmY7O1njx5+9NFHizK6cfP25vbW+vp4bdRfTE4G/e7169eHvX7oJlVR1umnUy98Cbd89fU33v7hD+/efbEqy3yxzPqDcOdsPMrrdT3dPPSiPC6X8821rS+98uYkmpT9zu0X7g5Gg043TUO8ias0SdaGvZfu3CzL6uT48NMP33v88GE/66yNhq+9/tZiPl3MT/f393u9Xvhtt9OvOp07d1985aXb/cEoqofalKtsVC+zaT7u6i/kL/hrAQD4SxBuAIAvZLXG5FcjxapcfO7Ks31VZb3uJqhP7B6ONtfWQ75Zlp3x5s5gOO4Mhp1+/7d/5xvf+c53XnzxhfFoUIVUU5bFYp7nxcWdk2bD1HK5HI/XX3z5lY9/+ovQdMJl4d5RmnWHwyamJNNuP+6dLk6nN2/eunPr7o/f/8nt27d6/WF4ej1+pj7DOzyhrI8YHw9evH3z4f37N27cGA/7o8E4/HZycnSw/yzcNS+qel5yp5Ml4d31T05Oivoc8FqSdZozs6rVh7w4Reui3VTOAwcArkq4AQB+M1aFonpeLurHzppF2USbJG0ua4bhhK9JGurJrVu3/ubf/KO17bcneTKZlWtbW6HHvPWVL3/7O9+6cW2r38mydHWfZJl04nkdSsIT6y6Sl6HQhKSSZdm3vv2dB+988Oyd94uqTHv90cZWOh73ur0qiXujYTJdHj99uszLGzduZvfevfvCS+ubG1GadJJ6bnAcJUVVpUk8CElme+33fuer25vjw8PjRw8eL6azjz+YpVmnKOsRzMs82trZjsq40003RsMX7tzo9zpFvc6nSOrPs/rglzdJxZ97BADgL0u4AQCu7vIqm9BQfu3OoNVqlFpZz+itZxPXw2XiJIn7/X7W7X35rTdPJvnP3vsk63ajOP2db/7uq6+/lqZ1lKmqEFVCXolDpMmSpEjTohGdL2kJj9drYYaj6qLzmAAAEABJREFUb//hH/6373zQG40Ha2sb21vpqD9aW6uXw1TJ7OA4WRazo6Pjk5Os03v5jTe6g/5qUvLqI3TCe+nU84w7SXRteyPrvn54PJ3P8h//6EfLIu/1esPbd+rzvePwCaqdne0sLkfD7ksvvrC9vdVJ4zSOLlbZRNXn945ZbgMAfBFJBABwVRf7pD77cHLp3xj16JfmGKmkDjFlfWR2/afJOEVVt571Ye+3vvrGze3x/GR3PjuNymo5X4TscTqZzPMiXFYlcdbsbFq91mqfVKfTqQ8Gr18tXlbRq299+bd//zudtY3ueDwYDDY6nZMH9w8++KA/n91YX8+X86STnS5mN196abC2XpejND1/q3VyKpd5eCTLkvDqD+8/ePsnP12WxXw+33v2dDQa3Xnhxes3b61vbIbis/vsyWJ28rWvvPXC3ZvdNAvV5uLjnx2gVVbNmOQoUm0AgC/MihsA4Io+tzfqwmcfOV+K0iy0iaNk9X3ZrL7pdNL64qra2hj/1lff2rp+68YLb6TDUVXm+/t74beL+XRrfW007EdZFsdJyCSzqiqKsplQE57eKZbzcIdZCD1V/Df+zb/xz/7kT7OoHGfp2z/4/i9++pOTo9MXXnjp5VdeG65v9Nc3xpvrSVpubG7GSRLF4Q3Ur14URVoL763My/qeb7311quvvfnRJ/fLfHm4+/S99z/c2jsK+SYqF4N+b2trY23Y2dne6Hey5ibR5Vk2lyfa1GOYDScGAL4Y4QYAuKLnheL8DOzzs7qbVTbR2Qjh1TXPR/Y2X8/XvNQJpj4lKo43N9cP5/nk9HCQhCf2w+WDQS+0moPjk+WyGI0Gg363nmfc6ZTlMtSWLKtH5CyXy7KsptP5Yjp771/82Z//2T9+6YWX9z5598Gnn5zs75Z5de+Dd0/2nvXX1ydR9dHTh/M0+b2/8p2tYjtJ+lVSv9Gkqt9hvQxoWYQXyotqPs9PZvNut/Piyy//R/+T/+Thg/v7z3ank5OqXJSLxeba8Le++qUXX7zbyeJ6tE1VRp+dRhzVa4Cab+qsE3KQBc4AwNUJNwDAFV30ml99/CLZNKGmnkWz+lXTdKJm21PSlI6zm4SIMx6Pt6bLk0U0m006RdHNkuV00omj0Gjy+aLT6dTHSKVxvZtpXhZFuH+5emJ9kyLvd0PJqU5P999/92gwGITb9nvZST5Z5PPesj+dlD96//2i07310gtxmqzutqpMzZuNyiLcM4Sb5TJvJuvki9GgF+3sLBbLvCg7/d7m1npS5XtPn47Go42trcGwd/FJ47OPFl8azFyPuomanWGJ4cQAwBcg3AAAV7ZacdOkini1M6j+msbJ89kuZVG3jCS+XHmar82g4maUb33aVBV1u1m31xlm2bKMQjt5+vDTwaAXEsxstti5cX0+X+t00m6nG5pL1plPF9Oo3mnVq4/8rorldPr0eH8yPQ6Z5ng6S0874Yn9wShPq2cnhyfd5H/6n/xn+T//3k/ffW/92o04yUK7CU9vxudUneZwq2Wziif8HNJNknXKslwsjkeD0a3b19O43Hu2ny9m4/Hw7t27WVRubm52sl5VV6j67PHVZ6lH8awWGa3q1Orz1rNuChumAIArE24AgCtaHSNVNQOGm8OizpacNPNrzkvNpRk3K59bp7NadxNkabI2GhanodtUcVkMe93jw8P7n95L0my4Ng49ZfWULEt7vd7RyWQ6nRZFs8IlvIN8cXp0GMrLdD7Z29sPAaY7GI7X1hdF/mh37z/8m/92d2303scfR1nnra99ZbS+lqZp8zbqSTch/YQnhnqzXBank9N+b9jp9W/0+0dHR/PlcjTo9F+8u7m+EeJOeJVBv9ONyq1xP8kuek0RV5/5ONFnl95cnnoDAPCXJdwAAFcUny22af5X15Z6A1Qz3Ob5ApOzlTjR5Uyz+n41+WW17qaIo3pccCc0n8U0X+bLxeKgPpF7eev27Tt3X0w7vRBuZrNZt5MmSVafMVVFs8UijtNut3t6ehrCyv13fx4KyZtvvvnDkx89291/enQcPd2/eef2H/5rf+3NN97I54udre1v/sEf/o1/46/Pi2WV1LEmTp5PFJ7O5ssi79bnkZfFchHiUb+bhWv29va63d725jj8KkvTeq5NuRxkIVItmi1WzRFZcXMeeJU0h4HXy3iiZgbz6tCrqjLjBgC4OuEGALiis4UkVbMhKD57pEkhq7HEnz9o6fKOoRBrfvWRtD4qqjg9OVou65OevvzVN15+5fVQbfI8X+TLw8PjcJ+NjY3VWeCLxUkUzUej0f7+YXw6f/Z0r5PnUZX93u/8fhWlVX9w886dOy+8Mqs7UDnq9v/W3/pbb379a6H5DAajcPN6dM5ymWXZIqqn24T7hwdDHprP54N+1ut0o148HA53tjYWs2YXVVkPGe6mSZZmWbyoV9lEZVWfVF5v+1qdin55APPF349dUgDAFyHcAABXVFarKlGt1t00VoGmbApGer5t6NLI3s/HmosFOPW4mSSJimXe6w02tjdu3X2xPxzPizIu67Ut02k91ObZs71QbcbjcQguUZrMQ3opqjTtHE4PB8P15cHy9Ze/HtdHUK0N1rfSwaA7GN9YGxwvJrsHRzdffCFUntPFtNvPVkOFO53QYNLFYjFbzMP7PDo6KstoMBjESbXM53E9+DitV9kM0+byUHdCA5p2siSrB9tUSVTW7aYqzz9UeTay5/zI82YhTrVaVQQAcDXCDQBwRb86yeXy4pp6A1T99TPHLV164urbS6NhonpqTrhsa2trbftGtz8so/j4+GQ4HDZHR8V5ni/L4uD4pFlx0wv55uDg4PBofzwYlWn8wuuvHzwYLo9OZ/PT6eFkHHfHaXcWTTfHo9HG1rWXXkgGvcPjw/7aIDy9aF6oHktcv7s4PHJ6ehwKzni8XoebOA6dqNvpZ82B5UFaj+yJsm6WdIZxlVfFvKozzcWn+NxfRXkWtKrmOPDIgBsA4OqEGwDgqqpyNdwmfBunUbM9Kj3bKHR2HHgzBybEi6o5gKlRFWV9FHd5tialSR1JiCehzYRQEprHfJH383JxdBRKyuro7vl8PptNxuPhqDOaTCa7+f7a2lqv1wtPnYSy0+vv3L55vHc4qMp4fDpJnjx59Lh/lHfmR0m3P14eb17fGsWLcbq+tr6e9brNYVJFfHZaef0+syTtpFl/rdft9ut5xUXZa46vCr8tm1Ox4uZs73peTxI+6Gq1TXPIeVkk5xNsPt9unj9oxQ0AcHXCDQBwRXHdMpqBvM1JUuFrfTxTkqy+b86WOne+7mb108WvVg9WURH6SV1h5su9g/0bL2zU42aKKqSTKKkXv2TZ+faoKOp2u3meHx4eDtfWh8P+0f7Bs2dP1te2169t98ejyfFkbWenu7ORRvFiMd++dnO4sbZ5bTPrdzv9XtrtLJbLcJNOVveg0GLCrapmMHIoQeGRTtLJ64fKeo1PWa0+ztnCnCxpZi8XcbkM7zepl9KUzU4oQ2wAgP8RCTcAwFXVq2bOzgJvFps0W6XKUDWaNTjNmprV90l1drBU+Fqu/ttUm6LMV08vqzrmPHv2bHd3tz/ajtP+1s71Kk4WRZ7GVYg1IcTM5/Nw8XA4HI0Gy+UypJWsPsSqODo8Ws4XG1vbSdZNeulyEa/dvBHuP4yitY2NTi9bJlXWSVenlYcnhj4TGlDIMXmchy7TS0Kl6Ydf5cWiqpoVNIu8KPJVtUnjtB5MHEXFop6mnEVlVs2zahGViyguLu//asYVR58d0uwscADgixJuAIArqtNGlZxlmtU2qCZSJFGzSSpe5Zt6X9GqXZyvr3n+/dkjVb2Pqiyr0+nk8aMnRTK8E8rNcLy+udVJet1uVi+CyUO+SbJmpUxINvW6njgZDAYbGxtFsTydHIc3M97ayrrd8dZaPcUmr0KpSdKoNxhUdUwqy+VicboYDwe9blYf6h2aUZNyFotF3XG6afhfWUTL5qip0HKSxurthU8SstFyNs+jZZbk8dlam+fjlpv81HyQ+FcPPgcAuDrhBgC4ojipdznFVZNRymZqTNVMfImLs4SxGk5chf81s2/i87Un9a/S1Tdxs/ymXtKSV6cnk42t66+8+vr1m7f6/X4INCHNhJsvwnWdVR6JT05Oiqjq9Xp5vkjSJM2ywWgYast0dpwex8PRWqfTS7K0Xs1TH+Cd5M0538UyD29g1WPCl2Z+TX3iePgIzZThuvIU9aHfRbeXXToDq0yS1UeIQj9KqvqG9WTjEJrKy5OJmyHE8dlimzj+7MRlAIAvQLgBAK7oIkysvmm+FhfrbsqyDjpnK2uiohkGU5eb5CxwNPuMymZCcPh1WR6fTk9my1dff2M4XovTNLSYYTMoJ8/zcM1q8ct8Pg/NZdTtVkncyzqns+m8Pmmqvl8IPXt7z2azSbfbXy23qV86CelnlGbdLMuGw+HaeBj6S0g29dneRYg583oTVv02kzKqLq8AOlsHFP6plGXx6ojvJOkPelG9Jqcs58uyXq5Tv7HLB2ld/tuw3AYA+I0QbgCAK4pXJy5FdXdJmlE1zXFRzdSbOCSZNGouqBtKGV18Tarmv82qm6jJHOEZ87zYP52PNnZ2btwerK2vjuiehz5SRqvtUasG1K0LTFY28kUx6g/Gg+FiMTs52Xj29HFIM+EVTw/3Q/QJISbr9uIkC4Fma2d7NO6tjQajfqdefVMuqzLvZGmeJ/liGd5isxAn7mZn/y4qm11g4f71GeTlcvVm6jdQNS2q018Wyypf1lONVydmnaWocvXNWcqxVQoA+E0QbgCAL+TyIN7VeVKXH49WU4rr3519bXpHfH4WU9lsrCqLMtrdPymzYXc4SjvdYrlYTZkJNyyKarXspfkxXywW9UNVVV9Q3zsOWSckm5s3b89mk8VsOp/O6gU1VZl1+0mWra9t1itthsNuWkefNIvTqhtX0WrDVLj/anFN04Xi5uXqgTjh+36/33yKem1OU5dCiqpzTBE1J503oSq6NNTm8l9FUq0+29mKJAUHALgy4QYAuKI461ysMTmfXxP6x6rXpNF5sKibyyraxKtH6uqx2k0UNUeDF1U0meVFnN164eXeYBilSb8zyvP89PQ41JMs65+enoYnhs6S54v19fVOcyJ4kqZZp56qUxR14xmPwlPWlssQdhYhtcTN+6h7TbNKp9frVUVZD+FpEkwnzZJ6IHLVzBSOwt1CrKn7TVGfUx6nSZylUbPWZvWxwgX1G0jrOcz1JJzlMivLVYxJo8+eG9VsAYtDujlvNcmq7wAAXIlwAwBcUQgiF20maRJHfR72Kt5c+np2ZPhZy0nrPURJcnFlGWdVXuwfH4w3tze3rmfNTOJwTcg04/Fw1URCrGmWw+S9XqfuJmW5WjtTr3wJNwkFJ63rSaczGIyGUbORanXieLdJPN1up367zRKe+hzxJCmXeVSvsQnRp6iHLNc3SlZ3OztEqgk0dQBq9pKvKncAABAASURBVH+t1v5EzaSbJPSjZRqX4dMUST10uVz9bZwvq0nrRTlniUqvAQC+KOEGALiiJO1U9cyaqD4RvKzqs5zK6uKR8LVo/nsRboIqSetznJrdUuVqWHHQ6cbdYZatFXGa1Tun6sQTnhn+ZHG9oameH5xGcdYNzSb0mqipKstls4WqiuoLsrSqd13V/xc6TnQ+zDh8k3ayZHVc9+r1o6rf7dRLbIqiysssVKLQbzrZKvZcPLG+IDpLNmm82kbVnI91MZG5WVpU3zF8wHhVe84+T5xk4acqOj9mKrJPCgC4OuEGALiqZuvQalFNnCWrR1aHRjWziusTv6tmQUt1viDl7Ler5Tb1LqKQNdKjyfTDTx7Nyr3D2XJje+v6zubG2npc556qk50fA94kk1BtVsOJw8+hvCwWi25Wr6YJ8aRZ/FKlqxEzSVKHpDRdhZY6EpVl1ayCWY3LuRigkzaVZzUxJ9SgcjWnpvkx9JzpfBYKTj0NJ82agrO6eZZk3TTK42Y+TrKaQtyceV5PvEkujjiPzouNcAMAXJ1wAwBc0SrHXKwoqVarbVZnS0VnvWK1gOViBE497uYsdNQ/FlW0LKoPP7r383feqbrriygera8Nh8N6J1QSdc4HBpfNyp0m1iybgJIV9RngRb3WJklXU3IucszZm0tXu5XK1VauprpcnFN+trkpqk8BbypSVc2Xy+aBdDWtuLlbMh4OJ5PJcrlYbc6qU1B9xyTKsmaKTieN82YGcbi+XnfTLC/6fLKpzw034wYAuCrhBgD4olbzXFbRJD5f87KqFc3AmPBIuVo2czlhVHFdY/Ii3zs86g/Wrt996Wu/9Y2dGztJVh/+nWX1KOGoHk2TNhOF6wOdsqzbnMEdrQ6Zqn9VNPNuVpuSmsHDFxORV68ennUxvGZ1hlTU5KTVmp36kfO7Nfunyovfxk2+GQwG2TKfzKb1lfWRVFlIQuFrGWVV/Pw0qtVfQ/QXHCDlVCkA4MqEGwDgyuJL+4BWgaY6LyarY6MuJhPHl3tKfUGziakoooODo6PjaRkl08n83if3T2bTO3dudXe2k3pzU7U6karOQElcFtEq36ymz2RJp95olcX1Y+fLZOqac/ZiyWpscLjw4kUv1uNc7kd5WZ8t1eyi6sRVWU8kLot6EU/INPVd6hk64yRZLBZRM3mnfjTOlnEaLuyH8hQVq7ufHZhVf1NdOiI9jQAAvgDhBgC4osst5nNd5nPX/NoHq3oOcfLx/UfT+WI4HPc6ncODve5oEGLHbJknSTcv83r6TL2opT6vu55PXEXdNCubxwf9frMnq15Hk54v57k4++lsZ1YTaqrGxTerVy+a1TWr86fi8+nFnTQJmSYLcai+1ao9ZVFZrIbjhKfUx5BnaX0QeX88nxzNimKQZkmUJ80JWqtPd/4KkWoDAHxxwg0A8BtzsU8qupRyfu2ElyayxJ8+3P3o3pPJdHk0eVI+fNwfryXd3jtVtbG19dILd/q9tHt2AtRyuSxCVVlfG0XV2c6mMgoZZXm2y6kpMmlzrnfZLL9ZbV8KAeYi6ITa0ryfpGjOC2/eVf3bbLXbqZ6bHJdFnnSaFTrh+ma317JcNjeN0iyNsnqVTXhSkYeWkxZJbz6fh4v7abOrq2rCTVw+H05cJREAwBcj3AAAV3d5Qc2vXXSzGjrzuVU5zSaparooHj/b6w7H60k/6c7KZX40mTz45ONmLUwcmsidu7f6nSxJo3631xt0e51OPdamGYIcbrCY53FSdbvdejhxUaRpuko2yflI46jZkNXsyCpXI2xWc21ms1n4VXhiPQG5uTpaHSbVjDcu89Bk6gOn6s1SzbTj5lfVauhyPaK4rI85L4tovswPD0+X/ay73m8OIo8uZjBLNgDAb4pwAwBc2eoQpbNmsXro1y66ac4Bf35lPbE4jqbLxbJKFsvi4YNPHz5+tL25kxd10Dk9PV0sljvXrsVx0ut1b9y8Nuhn4RmhuYSn9LI0ztJwXWgonXr70jLcOu12L/JQEl3MQa6PeSqbdFTU3zeBJo76/X5VlSEDra5bnSNexaHYLNPVCeKrCcdpnFdl1lyxGt9zHoOa5TXhGUmWR9ksr8/Gqo8cr1ajc5JfPf/bcGIA4MqEGwDgij4Xa56nkyT53DWfuzKKk2VRPtvdf/ed9x49O9zdfToejvb29g4Ojze3d3qj8cGzZ0VeHZ1Ovvq1r02m9XakbhaF1DLuD5JOGmJN1RSZ5TKklpBtksvnRi3zIny/Wk2T58vj4+Os2+n1eklSb3RKmhCT1AeEJ5/9FM1ym0uHUsW/8klXn7GsRyHHRVT/CU+aL+Z5EVf1+yiT6Pm+sMtHawEAXJl1vADAVZWhWJzthLocOupFKxc/Jc2pT1XR7CJK6pUtZVQUVbPP6Pj09HQyOel0esfHp51O5/rOta2N9W6WfPrJx6fHh2vD0fe+971HD5+eTmZ5GVpMtsiX8+Z0p9W2pjTLono5THgj0XS+rAfQ1AEm6fS6IdOs5hGvrY0HvV4nTTtp0u92wtcsqScNh/eUl2X4M1suJvPZfLkszhcKrfZPhcvSOCqaQcX1+VT1GVdJUU/YSc9X3yRlnEyms8Uib467el5tVpN3ovO5xxEAwFUJNwDAFT0/2/v88O+zdTdVvW/o8iqVi+svdjGdnkzefffd/f398XAUukqvkXWS+Xy6t/tsY220Nh49+vTeKy+8OBwMlss83OZ0Mq+P7k6zNOuGOrNohgyHcBTuvCjyTqOJOdlqT1P4sdvtXjy++hoeWS2EKc/f8HK5jD67aOjyqpmoOX+qGZC8Gmpchu+bGT3FYrGYz5bHp/NHj58s8+Lyx4wAAH5DbJUCAK6oip9PrqlX2URnc2Q+e9HzQ7JXpzhFZVEsy/l8HtrJ9va1Tx48nE9nZVQ9fXr64ssvHeztL+fLNI6ePbofnvvzyWmVpl//rd9K46TTybJef1FEi3wRV2Wvm1T1opikKqtO+E+9oqde57IMRacqsk4a4kx47bRZXHNRkcpmT1SoMXFZ1itvkiSrJx6nq71Xl6+M6v1WWXjLZT3peDWdJ2q2U9UTl/udbtWreoPB8WFyMpvnVXRefSIAgN8g4QYAuLqmdJydplQnjyq6POzmc84Xs9RnQoXrRuPhj3/+k8OjSRUVnW73lVde+vjjj9O0c+vWrYO9pwcHR4PBcF6U127dvrex/vTp05defeXw8HB7ZzNJotGg1+ttRElcr8EJL1Xvkbo4OipZHRkeXivrdC6/gXqtTXPg1GozVNosPQ51pj5tanXKeFTFnz+/vNmT1Yy/aT5uuKAJPVHVHfSHw2F4xTwp87Koqs7lqcTW3QAAvxG2SgEAX0icJhcTbcr6uKj0/MckaibQNH/SqErOhvvWpzaVVZ4/+vTeg/ufdHvJSy+9NBqNfvnee0lcra+N9naf7u8963bifDlLq6KfxR+/987pwd7/5+/8nf3d3cOD4/294yTrTxaLg+Pp8WQamkvSqQfXFFXoONFyuTw/wzuuc0p5tnzm7MDv1Z8ozeL6/3110ZjC87tZmiX1n9Up4GcnhcerU6TK8LWeehPV3Wc2n8/raTt5mmU3btwYDHqddPX/DKv/Ks4G3BhLDAD8JlhxAwBcXb0+pWzqxmdPj6r7xaVwcXkZzmpSTEgfk8nk1q1bGzvXP/744+l0Our3qrJ6+vRxuHg0WsvSuNPtd3uD6fHxdL74xcnJW1/56vTo5E9/9vaduy+EO2ysjXaubaTdXl5UobkUVbmYzeq5Nr3eas9S3CyuqTNK+nx88uXVNKvv6+UzlwbxNIdeff5jriYNr+4Wqk5WxZPTyfHJZDqdPXny5O72IK23X0WrhUerSmTXFADwGyHcAABXVSVVVNZzbap6UUrUTIGpJ9nUi2uiem1N1EyeiZKzLFJfX29qCpEl9JKiirevXT+ZzEO1Kcv8+HhRb2JK4/lskSTZbDbb2NyezZe3b98OOebwdLqcz/7pn/zDTm/QSdKqLLav7RRRtT4a37p9bbYsynzZyerxw82Sl5Bsirq3nJ/yFH022Zw1nXBBfLY2Z3UOVhmVq61Sz8+HajJO2WwBy5vDpJrTo6Jer/f4ybP79x/Ey0UcDZqgE0dnT6o/uGoDAPxGCDcAwBfQbICKPnfC1Nn3yWrqTfR8uk19/cq7771flPU2pv2Do83NzeVyPjk+2dramkwmnV5/NBqlWXZ0fPr666/PZ7MPPvzw1p0Xnz5+2EmTjbUQbuL93afHx8cho7z86qtPfvqL29evbW9vxElab42qqqw5ejy8WnPkVFUPsElDgqknEyfNhOSqqNtRUmel+k00q3HO9o+vFgSFB/JmVnFaT1Ou33wRrZbwRIvlIs/LeRGenh4fnBwfPL250WkOFq/TzWXG3AAAX5xwAwBcVb2mpv7P5a1GUXS20+gs6NTjZsqyWc8Sr5a6FOXu7v7u/mFvMNw/Xa6vr1dFubc/Hw7H4TZJpzvo9dI03dvb++1v/N7+/v6D+/fiJOv1u/PprN/vJ1H8+OG93mA02tj47/7BP9zeufaHf+Vfn29Fs7zM86LXyep6koaXjZJVi4nLPMSc0Fmi0GKKpN7WVX8frVbFFFWzjyr0pPrwqdXpUfUU4tUs4vB9sao99bzj+jZ11Emmy8XpZH58MllbW1ucHBSLeRo1aSr8Mq0n+9QrjX7dlisAgL8s4QYAuKJVr7n4+tnfrbZHff7x8ONkMnm2t/fk2e5kXi4WIYN0D48OBv1RN0ue7u2OR+v94eDZ08fdbvftn/+01+udnJy8+eW37n304ebOtfF4/Mtf/nKZLza3tsenp0lUbW9vT6fT99//4O7sTlUsd3a2NkbDetZwFBpKCCnN7q2ynsMTAtKyLLO4OUQ8zcoyz6oyVJtlUSRJklZFdB6bqtXxUVG0KPIsClcW9Vnmab3/Ky+r+SIvqmg2W8xms9PT0/HasNdM1YnqrVlZFZURAMBvjnADAFxRvCoczcqVKi6blSvValzxalBMvBoeUw8KLlbDehfLxXS2+PnP33ny+GncGxVVsrv3LDSatJOFEhK+CZc9efS4iooQVoajtaOD/du3bz98+HBrc6dYzN/+6U/u3r1bVaM8Lx4/vL+sovH65urFdp88nUxmr33ptTt3bm+sDa5trc8Wi7hee1M1G6fiogz/zeZ5kXWT+XwRfsiTqJelzfHkzaKg1Uzjs9JUv/FQbfJ63HCSh7dTlEkShR+XRXl4cLS3tx/e5/H+XifKl7fWi1B7QvxpRuSc/eXYJwUA/CYINwDAFTVtJnzNm++bVHEWa2r1N0mVrIbgxKuBwfVhUsfHx0U94Tc5OTqZLfPt7Wt5ni8Wi7Iosiw7PT1Ns7go6vucnhyFGy6X8zIvHj663+sOBoN+VRUP7t/v9YedQX9rc3PU6/7yF7/odnvHm5v7h8fP9vdeevnl3/7G1zudTpEvyny5vb1dD6ip59WE2zb6nXXdAAAQAElEQVSjkRfxyWQaSszW2jh0nHriTh1lkiiuN1KtDvMuVkeWh7hTVHleLpb5LHSgkJZ6nTTJBoPR9Z10OZ1Pjw5Oj44PDo7my3zQScUaAOA3TrgBAK4qiUNzOZt0U14aUZzk9RDiZqVNeekg8LNAU5Z1ApnNer3xeGNzsSxCrAkP9nudkHW6WRKqTbhTv9cvorjb7YYyssyX4frQUzZ7az/9yQ+6nU640+985Q9mi+Jgb7dcLvYPdqt88Wxvv4qK8dra4yd7+bI8PTl8/dWXT2fLUGBCxynzOjDVY27qF0jyojiZzcfDfr4sup00OptuU7/v0GrKKMScKry3yWK5zKvJZBb+HO4+CxXp2vZOiECnxyfz6emNnWvV5mg+n83Dq/R7zZngqyHHNkwBAL8Zwg0AcEVFc/rSamfR+RHazYyYZtdUKDn17Ji4e7EOpSkySZZ19/cPQ0kJPxweHuZFlWXZ9vZ2SDPTyXxWLUb9Qb/fD22n1+0v5yH05N00ydbWwv0fP37YrRe2hLwSPX704OGjp6HshJJycnSYZckLt24symJ2cpovlu+++8s7d269+8sP79y5nWRpnp9WZTkcDsMrXrt+PS/L02loLUXa6dSHeydxVh8xHspOUubLtFOfPbUsyuPp/Hg6e/b0IGSb8DmfPX46m54ePNsbDXrhPU9OT8Jzet0kTXrz+bKsTyAv49Vp5FbeAAC/IcINAHBFZxN5o6yqijJN6jkxRdXMiykWi0WoNqHOdKL6axynzcib0El6j558FBpNmqbLst6PtFzMu9316XS6WOTrm1tFsYyqIs9DWolOT49DH+n0e6HOTKfzo6Oj8XgYVeH7aZEv3vv5Twej8cn0aDzqzxezNE4++fiD6Ww+my/D991+75MP3t/c2X76bO/ajeuLIr957frP/vyHr776al5Ee/tHoeBcv77z8Mne2ni4yNP6Kd1uUoendDFb5mU0mc0WefTL9z8p8+Lj9z/IZ7MoKrMkfnJyfOPm9VWa2txYy9JQpor9g+Prm6OsU0/OSbMs+uy0ZiEHALgy4QYAuKKzPVB1kQn/oqjHx9TppigutkTV2WVZjEaj5rf1sJsQX/K8WOTlohkcs7rJ8fHx2tpGfzDqdrPZtEzStNfrHRVFN02n09PQXIoyWi6XOzs79TKcXi+fL7I42VoL1WYSJ1kaV+NB/8mjh7u7T1/70pu9LL730fvD0XgymcxOjt/7xc+/+tvfuHn7zk9/+vatW7dCD7p//2FoMg8fPoyztFjMe73BYrmoa1NxvDYchPuH4hLS0slkcXwyGfRHP/3JT65tbH707P2QjSYnJ8eHh/fvffLlL3950O8+ffwofLqNtdGk0RnVK3Eu/nI+f9IWAMBfnnADAFxRHK22Sp2tu6mP3W4OViqjqqjK2XxWTstOOgkhp96MFNcDceqWcnJyenq6XMZJ0pmdTnrdQTcNuSMLNwpXhmqTxFW+LAaDwe7ubpKkO1vb4YmDfr9c5v3+MI2qpM5D+XIxT6povqjPhzrY3w3v4fatG0cHz6az2ebOztMHexsbGz//4ffuvvjC9/7JP7p196Wv/87vPbz/6Cc/+nFoQDdu3Njf359Op9ev79z79OHa2trhyXF4+1ub69eu7ZyeHCdJMl/ka2vrjx99EC7+0Z9///rW1t7B/o1rO3GRV8vlL37+sxfu3H755ZfLKg/B6MbWoD53qh6Ok1ZxtFpgUyXN34x6AwB8AcINAHBF51OHz/YBhdjRjLUJ7eXsfKVm7EtxOj2Jo05V1Ytx5sti/+Cgqg9uipdVuTqXqmhW6CwX0/HaMOt0lvk8PG96OhkN16q4LJblbDYNcWdv79nm5vayKkISKRrhVdbX1iaTk36vE3rQyfFhiCTXbtx6cO/ecDA4zBenxwePPi3nVTroj959++dHJyeDXueTTz6ZnRyHcDPeWJ+enozW1kOa+fTTTzudzuH2Zn8wSLLO6clp6EuPHz5+/OjB2nAUas7+7t7k9LiXJp00DTEoX4ZkNNvb27t56/r25tpgPKhHMTcnUtkYBQD8Bgk3AMAVlVE9zyaJz/45sQo3odrked7tdqMm3IQyU7ecuFPGUVpVp/OjenxNfYRTvcxmY2MjbyYWF2WZdpLZfF5MJr1er95+lSbh/sPBaG/36XxyehKeEleh3SRpPB6Pw73DSxRV2e93F/P5ZDJZX18P/SeK0/lkem1nKyrKBw8ehDqzc+NmaDC9fuejD98LT3z64FlUVofPnuzt7h7tPauWi7jTffLwwePHj0OF+et/9G/+6Z/9i+s3drI4Odh9Njk+mU6nB8+ebYzX9ssn6+PRs2dPhv1BaEZlvlxfH09m89CLru+8EO5cf+Q63Fz89TQDcwAAvpg4/CsnAgAAAKB9rLgBAAAAaCnhBgAAAKClhBsAAACAlhJuAAAAAFpKuAEAAABoKeEGAAAAoKWEGwAAAICWEm4AAAAAWkq4AQAAAGgp4QYAAACgpYQbAAAAgJYSbgAAAABaSrgBAAAAaCnhBgAAAKClhBsAAACAlhJuAAAAAFpKuAEAAABoKeEGAAAAoKWEGwAAAICWEm4AAAAAWkq4AQAAAGgp4QYAAACgpYQbAAAAgJYSbgAAAABaSrgBAAAAaCnhBgAAAKClhBsAAACAlhJuAAAAAFpKuAEAAABoKeEGAAAAoKWEGwAAAICWEm4AAAAAWkq4AQAAAGgp4QYAAACgpYQbAAAAgJYSbgAAAABaSrgBAAAAaCnhBgAAAKClhBsAAACAlhJuAAAAAFpKuAEAAABoKeEGAAAAoKWEGwAAAICWEm4AAAAAWkq4AQAAAGgp4QYAAACgpYQbAAAAgJYSbgAAAABaSrgBAAAAaCnhBgAAAKClhBsAAACAlhJuAAAAAFpKuAEAAABoKeEGAAAAoKWEGwAAAICWEm4AAAAAWkq4AQAAAGgp4QYAAACgpYQbAAAAgJYSbgAAAABaSrgBAAAAaCnhBgAAAKClhBsAAACAlhJuAAAAAFpKuAEAAABoKeEGAAAAoKWEGwAAAICWEm4AAAAAWkq4AQAAAGgp4QYAAACgpYQbAAAAgJYSbgAAAABaSrgBAAAAaCnhBgAAAKClhBsAAACAlhJuAAAAAFpKuAEAAABoKeEGAAAAoKWEGwAAAICWEm4AAAAAWkq4AQAAAGgp4QYAAACgpYQbAAAAgJYSbgAAAABaSrgBAAAAaCnhBgAAAKClhBsAAACAlhJuAAAAAFpKuAEAAABoKeEGAAAAoKWEGwAAAICWEm4AAAAAWkq4AQAAAGgp4QYAAACgpYQbAAAAgJYSbgAAAABaSrgBAAAAaCnhBgAAAKClhBsAAACAlhJuAAAAAFpKuAEAAABoKeEGAAAAoKWEGwAAAICWEm4AAAAAWkq4AQAAAGgp4QYAAACgpYQbAAAAgJYSbgAAAABaSrgBAAAAaCnhBgAAAKClhBsAAACAlhJuAAAAAFpKuAEAAABoKeEGAAAAoKWEGwAAAICWEm4AAAAAWkq4AQAAAGgp4QYAAACgpYQbAAAAgJYSbgAAAABaSrgBAAAAaCnhBgAAAKClhBsAAACAlhJuAAAAAFpKuAEAAABoKeEGAAAAoKWEGwAAAICWEm4AAAAAWkq4AQAAAGgp4QYAAACgpYQbAAAAgJYSbgAAAABaSrgBAAAAaCnhBgAAAKClhBsAAACAlhJuAAAAAFpKuAEAAABoKeEGAAAAoKWEGwAAAICWEm4AAAAAWkq4AQAAAGgp4QYAAACgpYQbAAAAgJYSbgAAAABaSriB/z87dkwAAACAMMj+qa2xA2IAAAAAUeIGAAAAIErcAAAAAESJGwAAAIAocQMAAAAQJW4AAAAAosQNAAAAQJS4AQAAAIgSNwAAAABR4gYAAAAgStwAAAAARIkbAAAAgChxAwAAABAlbgAAAACixA0AAABAlLgBAAAAiBI3AAAAAFHiBgAAACBK3AAAAABEiRsAAACAKHEDAAAAECVuAAAAAKLEDQAAAECUuAEAAACIEjcAAAAAUeIGAAAAIErcAAAAAESJGwAAAIAocQMAAAAQJW4AAAAAosQNAAAAQJS4AQAAAIgSNwAAAABR4gYAAAAgStwAAAAARIkbAAAAgChxAwAAABAlbgAAAACixA0AAABAlLgBAAAAiBI3AAAAAFHiBgAAACBK3AAAAABEiRsAAACAKHEDAAAAECVuAAAAAKLEDQAAAECUuAEAAACIEjcAAAAAUeIGAAAAIErcAAAAAESJGwAAAIAocQMAAAAQJW4AAAAAosQNAAAAQJS4AQAAAIgSNwAAAABR4gYAAAAgStwAAAAARIkbAAAAgChxAwAAABAlbgAAAACixA0AAABAlLgBAAAAiBI3AAAAAFHiBgAAACBK3AAAAABEiRsAAACAKHEDAAAAECVuAAAAAKLEDQAAAECUuAEAAACIEjcAAAAAUeIGAAAAIErcAAAAAESJGwAAAIAocQMAAAAQJW4AAAAAosQNAAAAQJS4AQAAAIgSNwAAAABR4gYAAAAgStwAAAAARIkbAAAAgChxAwAAABAlbgAAAACixA0AAABAlLgBAAAAiBI3AAAAAFHiBgAAACBK3AAAAABEiRsAAACAKHEDAAAAECVuAAAAAKLEDQAAAECUuAEAAACIEjcAAAAAUeIGAAAAIErcAAAAAESJGwAAAIAocQMAAAAQJW4AAAAAosQNAAAAQJS4AQAAAIgSNwAAAABR4gYAAAAgStwAAAAARIkbAAAAgChxAwAAABAlbgAAAACixA0AAABAlLgBAAAAiBI3AAAAAFHiBgAAACBK3AAAAABEiRsAAACAKHEDAAAAECVuAAAAAKLEDQAAAECUuAEAAACIEjcAAAAAUeIGAAAAIErcAAAAAESJGwAAAIAocQMAAAAQJW4AAAAAosQNAAAAQJS4AQAAAIgSNwAAAABR4gYAAAAgStwAAAAARIkbAAAAgChxAwAAABAlbgAAAACixA0AAABAlLgBAAAAiBI3AAAAAFHiBgAAACBK3AAAAABEiRsAAACAKHEDAAAAECVuAAAAAKLEDQAAAECUuAEAAACIEjcAAAAAUeIGAAAAIErcAAAAAESJGwAAAIAocQMAAAAQJW4AAAAAosQNAAAAQJS4AQAAAIgSNwAAAABR4gYAAAAgStwAAAAARIkbAAAAgChxAwAAABAlbgAAAACixA0AAABAlLgBAAAAiBI3AAAAAFHiBgAAACBK3AAAAABEiRsAAACAKHEDAAAAECVuAAAAAKLEDQAAAECUuAEAAACIEjcAAAAAUeIGAAAAIErcAAAAAESJGwAAAIAocQMAAAAQJW4AAAAAosQNAAAAQJS4AQAAAIgSNwAAAABR4gYAAAAgStwAAAAARIkbAAAAYDSJGwAAAIAocQMAAAAQJW4AAAAAosQNAAAAQJS4AQAAAIgSNwAAAABR4gYAAAAgStwABFL76gAAAqBJREFUAAAARIkbAAAAgChxAwAAABAlbgAAAACixA0AAABAlLgBAAAAiBI3AAAAAFHiBgAAACBK3AAAAABEiRsAAACAKHEDAAAAECVuAAAAAKLEDQAAAECUuAEAAACIEjcAAAAAUeIGAAAAIErcAAAAAESJGwAAAIAocQMAAAAQJW4AAAAAosQNAAAAQJS4AQAAAIgSNwAAAABR4gYAAAAgStwAAAAARIkbAAAAgChxAwAAABAlbgAAAACixA0AAABAlLgBAAAAiBI3AAAAAFHiBgAAACBK3AAAAABEiRsAAACAKHEDAAAAECVuAAAAAKLEDQAAAECUuAEAAACIEjcAAAAAUeIGAAAAIErcAAAAAESJGwAAAIAocQMAAAAQJW4AAAAAosQNAAAAQJS4AQAAAIgSNwAAAABR4gYAAAAgStwAAAAARIkbAAAAgChxAwAAABAlbgAAAACixA0AAABAlLgBAAAAiBI3AAAAAFHiBgAAACBK3AAAAABEiRsAAACAKHEDAAAAECVuAAAAAKLEDQAAAECUuAEAAACIEjcAAAAAUeIGAAAAIErcAAAAAESJGwAAAIAocQMAAAAQJW4AAAAAosQNAAAAQJS4AQAAAIgSNwAAAABR4gYAAAAgStwAAAAARIkbAAAAgChxAwAAABAlbgAAAACixA0AAABAlLgBAAAAiBI3AAAAAFHiBgAAACBK3AAAAABEiRsAAACAKHEDAAAAECVuAAAAAKLEDQAAAECUuAEAAACIEjcAAAAAUeIGAAAAIErcAAAAAESJGwAAAIAocQMAAAAQJW4AAAAAosQNAAAAQJS4AQAAAIgSNwAAAABR4gYAAAAgStwAAAAARIkbAAAAgChxAwAAABAlbgAAAACixA0AAABA1AEAAP//siXPyAAAAAZJREFUAwCf6T97anvzOwAAAABJRU5ErkJggg==