iVBORw0KGgoAAAANSUhEUgAABegAAAPWCAIAAAAUBO8tAAAQAElEQVR4nOz9649jaZ7Y+T0MMshDxo0RkZnBzKysyqxrTt+759Yzo7FampVWC8nelWCvFtDKL2wYqzd+5f/D8BowYBhewwYMw4uVPZJ2BWFXGu1cNJoeTfd09bWyrplVmVkZkZmRQcaFPGSQQT/nHAYjMqtGUke1gfPi80HM6RMkg8GoV4nv/J7nqa2urgYAAAAAyqcWAAAAACgl4QYAAACgpIQbAAAAgJISbgAAAABKSrgBAAAAKCnhBgAAAKCkhBsAAACAkhJuAAAAAEpKuAEAAAAoKeEGAAAAoKSEGwAAAICSEm4AAAAASkq4AQAAACgp4QYAAACgpIQbAAAAgJISbgAAAABKSrgBAAAAKCnhBgAAAKCkhBsAAACAkhJuAAAAAEpKuAEAAAAoKeEGAAAAoKSEGwAAAICSEm4AAAAASkq4AQAAACgp4QYAAACgpIQbAAAAgJISbgAAAABKSrgBAAAAKCnhBgAAAKCkhBsAAACAkhJuAAAAAEpKuAEAAAAoKeEGAAAAoKSEGwAAAICSEm4AAAAASkq4AQAAACgp4QYAAACgpIQbAAAAgJISbgAAAABKSrgBAAAAKCnhBgAAAKCkhBsAAACAkhJuAAAAAEpKuAEAAAAoKeEGAAAAoKSEGwAAAICSEm4AAAAASkq4AQAAACgp4QYAAACgpIQbAAAAgJISbgAAAABKSrgBAAAAKCnhBgAAAKCkhBsAAACAkhJuAAAAAEpKuAEAAAAoKeEGAAAAoKSEGwAAAICSEm4AAAAASkq4AQAAACgp4QYAAACgpIQbAAAAgJISbgAAAABKSrgBAAAAKCnhBgAAAKCkhBsAAACAkhJuAAAAAEpKuAEAAAAoKeEGAAAAoKSEGwAAAICSEm4AAAAASkq4AQAAACgp4QYAAACgpIQbAAAAgJISbgAAAABKSrgBAAAAKCnhBgAAAKCkhBsAAACAkhJuAAAAAEpKuAEAAAAoKeEGAAAAoKSEGwAAAICSEm4AAAAASkq4AQAAACgp4QYAAACgpIQbAAAAgJISbgAAAABKSrgBAAAAKCnhBgAAAKCkhBsAAACAkhJuAAAAAEpKuAEAAAAoKeEGAAAAoKSEGwAAAICSEm4AAAAASkq4AQAAACgp4QYAAACgpIQbAAAAgJISbgAAAABKSrghAAAAAOUk3AAAAACUlHADAAAAUFLCDQAAAEBJCTcAAAAAJSXcAAAAAJSUcAMAAABQUsINAAAAQEkJNwAAAAAlJdwAAAAAlJRwAwAAAFBSwg0AAABASQk3AAAAACUl3AAAAACUlHADAAAAUFLCDQAAAEBJCTcAAAAAJSXcAAAAAJSUcAMAAABQUsINAAAAQEkJNwAAAAAlJdwAAAAAlJRwAwAAAFBSwg0AAABASQk3AAAAACUl3AAAAACUlHADAAAAUFLCDQAAAEBJCTcAAAAAJSXcAAAAAJSUcAMAAABQUsINAAAAQEkJNwAAAAAlJdwAAAAAlJRwAwAAAFBSwg0AAABASQk3AAAAACUl3AAAAACUlHADAAAAUFLCDQAAAEBJCTcAAAAAJSXcAAAAAJSUcAMAAABQUsINAAAAQEkJNwAAAAAlJdwAAAAAlJRwAwAAAFBSwg0AAABASQk3AAAAACUl3AAAAACUlHADAAAAUFLCDQAAAEBJCTcAAAAAJSXcAAAAAJSUcAMAAABQUsINAAAAQEkJNwAAAAAlJdwAAAAAlJRwAwAAAFBSwg0AAABASQk3AAAAACUl3AAAAACUlHADAAAAUFLCDQAAAEBJCTcAAAAAJSXcAAAAAJSUcAMAAABQUsINAAAAQEkJNwAAAAAlJdwAAAAAlJRwAwAAAFBSwg0AAABASQk3AAAAACUl3AAAAACUlHADAAAAUFLCDQAAAEBJCTcAAAAAJSXcAAAAAJSUcAMAAABQUsINAAAAQEkJNwAAAAAlJdwAAAAAlJRwAwAAAFBSwg0AAABASQk3AAAAACUl3AAAAACUlHADAAAAUFLCDQAAAEBJCTcAAAAAJSXcAAAAAJSUcAMAAABQUsINAAAAQEkJNwAAAAAlJdwAAAAAlJRwAwAAAFBSwg0AAABASQk3AAAAACUl3AAAAACUlHADAAAAUFLCDQAAAEBJCTcAAAAAJSXcAAAAAJSUcAMAAABQUsINAAAAQEkJNwAAAAAlJdwAAAAAlJRwAwAAAFBSwg0AAABASQk3AAAAACUl3AAAAACUlHADAAAAUFLCDQAAAEBJCTcAAAAAJSXcAAAAAJSUcAMAAABQUsINAAAAQEkJNwAAAAAlJdwAAAAAlJRwAwAAAFBSwg0AAABASQk3AAAAACUl3AAAAACUlHADAAAAUFLCDQAAAEBJCTcAAAAAJSXcAAAAAJSUcAMAAABQUsINAAAAQEkJNwAAAAAlJdwAAAAAlJRwAwAAAFBSwg0AAABASQk3AAAAACUl3AAAAACUlHADAAAAUFLCDQAAAEBJCTcAAAAAJSXcAAAAAJSUcAMAAABQUsINAAAAQEkJNwAAAAAlJdwAAAAAlJRwAwAAAFBSwg0AAABASQk3AAAAACUl3AAAAACUlHADAAAAUFLCDQAAAEBJCTcAAAAAJSXcAAAAAJSUcAMAAABQUsINAAAAQEkJNwAAAAAlJdwAAAAAlJRwAwAAAFBSwg0AAABASQk3AAAAACUl3AAAAACUlHADAAAAUFLCDQAAAEBJCTcAAAAAJSXcAAAAAJSUcAMAAABQUsINAAAAQEkJNwAAAAAlJdwAAAAAlJRwAwAAAFBSwg0AAABASQk3AAAAACUl3AAAAACUlHADAAAAUFLCDQAAAEBJCTcAAAAAJSXcAAAAAJSUcAMAAABQUsINAAAAQEkJNwAAAAAlJdwAAAAAlJRwAwAAAFBSwg0AAABASQk3AAAAACUl3AAAAACUlHADAAAAUFLCDQAAAEBJCTcAAAAAJSXcAAAAAJSUcAMAAABQUsINAAAAQEkJNwAAAAAlJdwAAAAAlJRwAwAAAFBSwg0AAABASQk3AAAAACUl3AAAAACUlHADAAAAUFLCDQAAAEBJCTcAAAAAJSXcAAAAAJSUcAMAAABQUsINAAAAQEkJNwAAAAAlJdwAAAAAlJRwAwAAAFBSwg0AAABASQk3AAAAACUl3AAAAACUlHADAAAAUFLCDQAAAEBJCTcAAAAAJSXcAAAAAJSUcAMAAABQUsINAAAAQEkJNwAAAAAlJdwAAAAAlJRwAwAAAFBSwg0AAABASQk3AAAAACUl3AAAAACUlHADAAAAUFLCDQAAAEBJCTcAAAAAJSXcAAAAAJSUcAMAAABQUsINAAAAQEkJNwAAAAAlJdwAAAAAlJRwAwAAAFBSwg0AAABASQk3AAAAACUl3AAAAACUlHADAAAAUFLCDQAAAEBJCTcAAAAAJSXcAAAAAJSUcAMAAABQUsINAAAAQEkJNwAAAAAlJdwAAAAAlJRwAwAAAFBSwg0AAABASQk3AAAAACUl3AAAAACUlHADAAAAUFLCDQAAAEBJCTcAAAAAJSXcAAAAAJSUcAMAAABQUsINAAAAQEkJNwAAAAAlJdwAAAAAlJRwAwAAAFBSwg0AAABASQk3AAAAACUl3AAAAACUlHADAAAAUFLCDQAAAEBJCTcAAAAAJSXcAAAAAJSUcAMAAABQUsINAAAAQEkJNwAAAAAlJdwAAAAAlJRwAwAAAFBSwg0AAABASQk3AAAAACUl3AAAAACUlHADAAAAUFLCDQAAAEBJCTcAAAAAJSXcAAAAAJSUcAMAAABQUsINAAAAQEkJNwAAAAAlJdwAAAAAlJRwAwAAAFBSwg0AAABASQk3AAAAACUl3AAAAACUlHADAAAAUFLCDQAAAEBJCTcAAAAAJSXcAAAAAJSUcAMAAABQUsINAAAAQEkJNwAAAAAlJdwAAAAAlJRwAwAAAFBSwg0AAABASQk3AAAAACUl3AAAAACUlHADAAAAUFLCDQAAAEBJCTcAAAAAJSXcAAAAAJSUcAMAAABQUsINAAAAQEkJNwAAAAAlJdwAAAAAlJRwAwAAAFBSwg0AAABASQk3AAAAACUl3AAAAACUlHADAAAAUFLCDQAAAEBJCTcAAAAAJSXcAAAAAJSUcAMAAABQUsINAAAAQEkJNwAAAAAlJdwAAAAAlJRwAwAAAFBSwg0AAABASQk3AAAAACUl3AAAAACUlHADAAAAUFLCDQAAAEBJCTcAAAAAJSXcAAAAAJSUcAMAAABQUsINAAAAQEkJNwAAAAAlJdwAAAAAlJRwAwAAAFBSwg0AAABASQk3AAAAACUl3AAAAACUlHADAAAAUFLCDQAAAEBJCTcAAAAAJSXcAAAAAJSUcAMAAABQUsINAAAAQEkJNwAAAAAlJdwAABf0e//1//7sm2oSJml2fV6zFgbjs5v5NQ2VJEyLa/HK7L5eD6Nh9k29kd28cP2MZGEhPTmZ38yv2bud3pxZrIfj0dn13yWpVtLJtLi+8O0L1+zXxZtmK4wGaX01Ge2HejPeZ9dTX/rNvx0AAH5+CwEA4IsoYk1RbeL1VKwz8dsi00Tnq028Fr2maDfxa3Y/Gs0CTZFv/mJZlDl9zQvVpkg5od6Kl7SWxEaTPfJCtYnXKF6Lm7zLxPuiwoTTTBOKInP64ItOu0wWa+LrB/34SFZtsgi1OHsqPggA8AUINwDAFzAftCnyTX49SzaN5Hy7mZuP4RQTN1myqWW9ppi4ye7n8zX5TZI0z2eakA/UfDbxzNpNI/8ko34MNMk4zXJMfOSFajO/xtfkySYLNEmjiDXhXK95Ye7m9FPlyWY0mN0Pelmyia/PJ26ynwrHs4/UbAUAgC9AuAEAvoD5oE0xa5Nfn0s2jeRzf26+Wqr4Nhlni6GKiZvsPpyulgpZmjnLNEWy+Wy+OX0qazfDNMsxjaS4yZ6IXaYYwyk8v1oqTYdFvsluig8zX/30/JKo2U2zlQ768/tZvslfP5u4qTeziZtz66QAAC5MuAEALur8jjanEzfzhVHFfTFZM1ep5U1kvjYqvxnUN4tnk/FW9j/zZFNEmWLoJi81821r5lvYzKdsZrM2McEU7SY+lQ/aFKulzoZuCqc3WaPJ77PsUkzfFPfnVkvNfmPeZbK7+aDN6ePFWE0WdIpeMxpkEzenQQcA4IsQbgCAi5rvRpwP3cxWSOXR5Py+NufzTYw1xQY383aTvXi0G7IWE0Jr7/N3tymGbrLpmKyGnN9+eD5lM+81s4ITk00xepOvlsreZL61zVyxQipfKlU8MC81n7PxcHgx2WSvCYvFAE7It7OZ9Zr8BcWaKQCAL0i4AQAu6vwiqZhphrPNbopSU6lVipsX8s35RVJH4XL2UDFTk6+QKoLOi2dI1Ruz+ZrkbP3RWbWpJbNrMVZTOD9l88KgzXxD4qRRtJv5rM3s8ednbWZro+J1vk6qiDWnWxHPdsMp4k6xTqoYugEA+MKEGwDgQbo0GAAAEABJREFUovKJm2I7m3myme9GPB1nYzXnk01MOc8tkqo3lsKTYmHU2Wqp+mlk+exuxOembM7fJ5V815txOt/dJssx04UXD5Cam2988/zyqBdOj3qu1OSHRs2rTdZlTttNsTzq7PSoItnY4AYA+AURbgCAi8onbopBm3myOb+1zfy07/mUzflFUmmxX/Ao25a4GQ5n7zlfKvV5uxHPp2zC+d1t8l5TzN1kr5+vkDq/CfF86OZ0QOZsc+JzJ0ll/9NcO/0kg7PruRBTHPVdLJKaT9acnR71mWRzlqIAAH5+wg0A8AWcHgQe881s9OZ0a5u5ItacTzbFCqkk/2dI9uALWxF/ZpubvNFcDfO5m1ry4rPDtJi7mR3+ncuGbl7Y1ya/f24Z1OmZ3+E0viSj/dkLigTzfIjJzpYKx9kkTt5rso1s/oJNiIteE6/paKTdAAAXJtwAAF9IMWsT88388O/5HjfnX3a+3RQrpGaHf4dpEWvS+YHdL2xwM+s1D2Ogyb4aSTZNE8LZAVL5zewAqeL103wkp0g559vN+cOkileePzeq2GP4ha2IX/gkxYFTp6eA/0Wroopec/ZTo1EAALgQ4QYA+ALOLY8Kp7M28z1u4iPFNRTnSdU35+0mlppsDiVfJ1Vci82JP+P62cKoWnbmd1FqwnxJVHw8zzTnl0fNbuYWXxx4Ob+jzfmtiM+STXPtha2Ii9O+ixcUu9t89rMmC9X4R82nbM7fBACACxFuAIAv4PzuNuFsH+JiX5sX1kxVRs+yQBNzRr4zcew150+Vml3PrZPKk83Ds62IY46pt2ab2sRnT3e3KQZwZvkmhOeOkSqc25/4/KzNfFvicJpszk6Pyo+LKrazOfs8o/1iKudsR5v5U0WdqVVn3ze3sh+vrks2AMAXJNwAABeX1Zn55sTh7BTwQrFaan74d2Y0HITl2axNCEv1/fnjs5tz66Tm+xDHXpNdT0+Dmu1iE28+b9zmcz7luf2Jz4ZrTgdtZvmmKDL56VFhnnUGvbOTpPIdbT4n2eRTNiHPNPPr7KlK+sIjAAA/L+EGALi4Yp1UDDTz4ZpsSdT47Hp+a5tpfSNem6Pdo9FqFmjm+xAXC6aeNz8F/KzdxCgz6mcHSOUTN9kkTt5rsq1tig1u8jOkZgeBF851nPNro8ILEzf5SVLFrM3s1fNHwuK87GQ72jy/8U02PdS4FIrhmsledo2xptYsrmE8yO4ne9k9AMCFCDcAwMXNY014foObYqlUId5Px1nHiclmtjlxfb8YvXlukVQ4m7spjvqe32TTNKN+ceB37DLFxM0s6MSbfNYm24q42ODm9CZ77tyaqfl8zQvnf2dDNINeOB26KR7JVkXlJ0ad3RSzNqdb2yQL1Ww91Hgy6zV5nZmN2EyT2fW03WRXAIALEW4AgIsrdrQpYk0xd3P+MKki2UxjopmkxT448dvZ+d/1RjMczl73mXVSRbUJpxM3Z+d/xxATC850YV52njsaPJ+4OXvl8+YTNy88Mu81meZaVnbyrW1myeb06KgX9rtJTyZ5rMk2tSnaTThNNjHfxJvs2aiYtTFxAwBclHADAHwh82SThGm8eWGpVOw1w1Gl+BqnS/H16fHl2G6eOyG7/uoL7zk/SSr7Jo812ZTNabIJ53rN2VKp+FTSyE6Dmp798yarMPHb/MHzu9vMHj/7G9ayUZ18U5tspmbQmyWb03GbbMHUaP/cx8t6TYw18a8okk3WbuaxJv92FmuKWRsTNwDARdUCAMBFnR4jNT1dJDU9t1Qqu4+9pnhlox67yW5v2ExO7k9PpqEay8v8LPCH2SvqrWwLm9x84iaTL3pKh2l2jNR0drzUPNxk66fGaVi9HL/vJp12q55sZOMws2dDaNcb6WjYHe519/aTk2ftZNpNK512M6mcpJMs4nTHlWT/SbY5Tn01qzOjQVZw8mQzjzXZzbnzv7Nxm4VqOtjJtiV+IdbMG81nbwAAfn7CDQBwcfmeNdPnt7Y5vyHxNPaaot2MjzePKv3kJE2PR9VKZ7ERG00+AnO2wc3pFjPzZVDFOql4zU/+ztpN/LbeSkfrIWS5JNuluN7amV5vVJbaa63YaJKF+FNhc7R/VN8I43FSr6Wj8b3t3pOd7mSS3nn/6erG5ujhj7/99Tc76/X4s+k4/73FpjmnmeaFZJN9G45f/MPzNnR+bigNi2l3p91KXjgCPL7GoeAAwIUJNwDABc0WRoWz+ZrKuX9ZZO2mVpmGpDEbVTlam6Qx34RGf3Ly7OjZaKneWVzufzZqZNM0o36RbIqBmlmyid+enAy6e6G1UEnjC8L23ujJwnprNVwvli+Nx2meVNJhkgy7YaW93e13e/vd7uFRbEf9UbfXu/feO2lvt/v44Te+9uV2UkmSRnz3zrXL2cfIJnoW2rVpcjpuc1ZwRoNs4qa4vvBpB/077374+9/7+L13fjittrY6yT/4z/9250pn9nRzK4Sd59aFAQD8PIQbAOCCsp2Ga0WyObsJz7ebUJttURy/HS683EgeJ4Phd7/3wz/8Nz/pV5q3b259443O7ddfa680nhu9ycZq+vmgTT+cngse88d0OPj4yW73YCdpLHTTypPeeLHxbPPS5aXmm+1kFAbbaWUjGYZQf5aGdhg8S0I3SdZvXm3cedjtxo/Se7L98Qft9vq/+tO33/7hO1+59fLTwejmtc2bO5fiZ0iPn3Y2VrrL67HdpP2DpPaZcZvnq023++y7f/qDf/x7P3r00U/TSrU9HaXN9t6n43+0tvEP/td/N3tFcysZPk3zU8MDAMCFCDcAwMUVS6Ly5VEvrpOKtSJbJZSvhyqOBq+EJ9Nx6O4++Yf/w78ej2JnOfjuvZ/9/h9Ub926/eu/cvvbX3utvbFaNI5syia2m2G2eGq2381o2H12sN1Nd7b7/+rPvrd59dXHd39aX7/W7lxvv/RKJ4zTvW78uWS243D79AO229Np0lxIXt36k37/8htf3u4ehuHh4X63stD5eG///if3t7e3D/devvfgaVJv3P7yS7dfbXRDKztTPFRmEzex1+SnSs0KzmjQ7Q/+5f/4J//kX/xpd+fTcXqUPdhcTUM1GXRju/n47ofpoN9ea6eDnbBQLf47BACACxFuAIALyg+TmoYwm7LJ10Y1kvFw1m5O93ZJ8sO/i2/TMLpz99PYTWqDbAnSYciOZ3rnz//4nZ99/7/buv4f/Oa3vvNb3+x0LmWxJp+7ic8Odh/t7GYHh3+4vT9OJ+88eLb9uHf9ZqPeeTMmmM6NW3/jV2/vfnx3uv3owdvfu/6XfmdlYyv0Q9rv3/sX/+ilb/zK8ptfCs12u1X/5hvXmuOj8Ku//vjBJ93u3s2br/70hz/IPkM6/MknT8LdT1pJY3V5sXtQ66xVO9cut1dWz0/cFAWnmLL5J//Dd3/27jshTWMpWs7/ivZ0kiTNbKec6bjXTbNDrPJYkzYuhWIPYwCACxFuAIALKja4KfYknj00Hp3N2sRaMcojTr4Gqhi9idftp8/m1WY5TIp2Ez3defjf/e4nv//9n/0nf/lbf/k3vxaqSXM0HIyzXY0/uvuzH/30g3S62DsYvvy1X11aW9u80glrk5dvvfp3/idfT1ZaS1vX03G1e/D29vf+8Dt//X8R+v07f/pnd753J3acZL3dXmulJ6GzvtLtXAl5Q+k9ehBGjw76vXRwmKTVcR5ZOje/9N7DbnjYvXl5OdSzT3XWbkb73XHl3s9+/F//w//2T97+2SBNm0ky/+/QTqJsFVU3HYTmSn84zAd28hVS+VIpAIALE24AgAuKUSbfjXhWZIpBm1CcozTeSmt7Mdlk4zbFxE32bHb41HgwGTdX48uWB/vZzeDo9O3SpzHxfPLe//0fbv/xjz78K7/y1qu3Xo4Pf/fHPwjLG9sna08/fucwHW69fOtv/Z2/+5VvfeX2tY1QqxXHSLUvt5Otdvu1l7d/8kfZW7VaN3/tl7/xd/6n7fXl+Jrs4y2E7skkJK2n2x89+ckf3X7jxp99v5f2nsYEk9YbN9qd1978paS69/0fbk9P0k/aqw/uP7n1lV/65TeuJyvJdLi9czD4R//ff/7dH/4szT9tM/+0y8liCPnfMtjPNrJJmu31zXTvcWvtRrbJ8UK1qFfJOKTV9QAAcCHCDQBwQdnETawStcq82hTjNtksSn0vOR23GYTlZjicb3az3FxMppNxehSTR22wny01SpJs2VEsQKPhkyyLHN1/92f/5PFOa3V1rVl5tF85POp+5Td+p7PRbrQv/fW/+R9++dbl7AypKD9GqpClk2a989qvdtPxNN1pv3QjqzZ5sollJx0N79z5+P6Dx//v/+r/uLy+FX/b5bXlr379W++/927nlbc6a0nvyaO3H36cLGSjQ0/2R9Vk//B733vy8EGa9ncePXrnzkfd+DNpOsirTXZNknFzKf4hy4160n651WicpKP4J6bJcnWtnW1vfDKZTx4lw6cBAOBChBsA4ILm2xLPzba2mRWcfNwmNo7RbjZxU2vkQSe2l3ZaqSbJ0qVGvTtdigUnWzCVrzwqDm2K3xbv1k+Hj7vD8WhUq9d37/7kr//tv/+rv/mtdqsahpPQrKaDUSw12etqtTT/RfHxtLIQH0wWbmSbJQ9GoVENo5DUa2Gh2t66/MFHD+Lzh3s73330yRs3X95c3/rlv/cr8efe/smHg5P05lvfSJpLYXjY7e4dZO83ST/djf+z302z/Wsq1fT0E14Ok1r8wNNJe30zfhurTWg0Op3NcXfc3T567dr6c+dP1ZrpqBcAAC5EuAEAfgHOxm3yhVHzFVLZc/E6Gianp33fvHn1jTffOjgYps8+zbaGSZpppdaO7zAdp+kgNp1a0rq2thJf2Z+G5aX2zS+3b37pL3/113/1tasb7coojfGkkY/bNGab42TVJiabND41DYNsI+HecNQ4qYdGPYmPx/5ykpeg0XDr+rVv/eW/9u7b/ybs7UzSQfvqjSRZv/PBh0mjudQcheNhWJiGxnK7HW9H1fjjSf1JL9sXOX7CdLBXLI+qJUtZx9m4lr3noBv/utWtTlI5Xk6WPko/ia/89q98OVmoZtsSD59m29ykh0lrLQAAXIhwAwB8UfPdbWb3o+HseKmTEK9ZuDmtNlGsJI+2d2rD/s23fqm9vpaGpezR0aMnewtHvWeHR93lJBtgqSbNThK7yrUbX/nW7du3rm8sJZXQnebrsGKOaWTX7nQyf9tummWfkA6TySQ9rob1+NBhaGbxJT67vbP3zv3dP/jdf5gOB+32evxaqlTe/sH3lppLK6tZVVls1GOsiV+LjazaHJ2cLA1HaaN5eW35cT/+soN2koT41VxJ036o1EKsThvXrt/8pf3+s+po0mp3uo8exPeJyen2W6+HWjUZPs1WS9WW01EvGQ8CAMCFCDcAwBc1qza1+myyJl4Xwmzupkg2xU1+3bpy6Y2ra+98PDpK07AXn+uFZHMe6Z0AABAASURBVCOE9ZXVcOPllyvHMb9sN5POdDFLNGmlunRy1G6vJqGSTkNsN2k6CTGp7I2S9nI6HCaN7P27vf3u3n7aexa6k/TZdkj77VtvJJ31pLKWLNazcZ6V1Ur6SUhab//Jv2gvrVy/eXvl5ZdvNgc72/3qqPFw71n8bEtrG9lvHBzFirN0PIwppzpKu9NpNdt1+MphvV4s2mpPx2E6TtbWWyeDvWcPX3ntS421zdH2o2mzftId3f61r7fbG2l1PQl7SaiG8SAbtxFuAICLEm4AgF+AbNBmIb/JtuNtzI4DL546Ccl8zVQIzVbj17/2tUc7+fFPyUa7OYktJh30kqXK9s5guN8dxKAzuBdfvLRxPaac7ae9n/z5T9JXX+pcvZztXJNm288kzcZZtRkMY7U5GJ4sDsL2ex98+IM/2h3tf/Pr377xq7/ZTrIXbA/ji48P9w+3P/4gaS7HiPN4+9OH9+7EHNO5cWuxmXzj5qvdvWfFu8W37Q6Oj4/jmzePhoPj4ajd2jg4eFRZSNoxJTXbYX2rlR2DHiqtS8X731hefdY56aWDhbWV7/zaV7I/fLKXtZvJXgAA+GKEGwDgC8uHa4pkU+xuk3ze7jaZfOjm9tfeDH/wb2KtSSqT0NhoJ5N0bSMWk3Y9dGMQmXwaThrVtXa1UZ82V9qr2dnhSbsd8mpTSceN9lLxZt3efvbgINsfedJ9+vAnd777h/9se+9RsrD46T//x3+juXo7aYWbrXyP5IX3P7q71Fxqr3cmw8FBdzv7+cmg9+TR0eL07T/9g8Vk9dJ6e3AybS5UFhqt4v2vbmS/dHBSubnWjr8lHQ46W52ktRQW68nitHo8re73n4wOng378WUng0/XW6s333wj+8laMxnvxWt2Px7MbgAAfn7CDQBwQWengJ9LNsXuNmF2Fnj9uaVSYTZ009lY+fa3vvyjn30QkqXOjVeSeqXb625/+NGT3uG0/7Sfz9SshHDzzV9auXJtMzs/vJ52u9vbx5O1tesbWbWJEaW7tz9ptJYq4/jt/QePRw8f/uhP/3VRbbIXnBz//u//04PK5I3uW+2b1+Irr17a+PM/+PT6m1/p7tyPjebRo0+6+wdHo8rlxrS79ySEJwf9SzHrZMeKp2kzSbbvP4t1p7V4Mq1mHacy6T8bVh9+fO9K59qNl19eutIJjTC53NwYti63V9794IOD/YXf/qtfb2++EuaDNkWyUW0AgC+g2mg0AgDAz+/v/Wd/K6s2sdScjNPJSS1GmcmkVqullVqmWs16zWQSqrXs67xqfHb6z//47dWkWkuWDw/74+OTdDxZqlX6J7WkUW0k2dFNjx493vnwh3fuPuje/0GYNBq1ftJcGY/HsdrE6/LK0sJ4tP2se/j46eH9hz/4o9+7+9EPptXaeHpSq1Tj1+Fgv3f3w+bSxri1Eo77jUtXt26+Mdp7HHvQ4eFhqNXTpw9XN64sbd3o7j4+HI1CmNZOjiuVan2xdjiaDNO0vnB8PK2Pc8e1pHZ8MDoe9o8Gx/3D4X6vvba2fvV6c7W9+/hxuru3f9L/3/79v7G8slxNlgbjxVq1EvKEVPgv/8//jwAA8PMzcQMAfDHjmDzy/YmLcZvT/YnPDpOaj9uc3icLCzdvvfyVW9fuPdpOmmvNVuuTR4+Ptj86PAnLw34287K2flBtpjEHHYfLq4Mnx5fau3vt1YXFwUGSbKbpKEnq9+5+kr1ht7+7s/P+9/7wg3s/KX7LQvwVyWJ6kp0L/mx4+Ie//49/a9gffvlrl9ZHV5ab90NIe3s3b70WFuv/am/n8Kibfpre/vq37737o0eP7qfpoL3UP05bi8nq7NOGYdpYT6b9MBiEarM23Js0k8HedrfRuvf+e9X9/urrr8cX3t359D/+nf948+U3ir9yqXEyGYVqvX40XMjvRwEA4EJM3AAAF/Rf/Gd/czZuU2vUarXZuM3kJJu1mUxmszYhPDduk9+Pp9PlxcXxyeQn7348Phh8unP/uPc0HfQXJseH6SCbqTkJ6d72Yb8/Sg8bjWRz68ZLnZWXXv+lpJI83XmcLC8d7j4ZD4+fPt3fv3fvo3e///ZPvp/GTjJKp9VaY7FZVJvCeDza6+7VqweLJ0vjJFmsLd796IP8ieNXr7c/ebg9GvS3H969dP3VG29+vfvp3cPRaDzsx9aysboU6itptZlVm2Y7jNNmayUshONJZaO5clKZnjSS4Tg9fPRo5/FOp73xd//+X20lyfz3LsT/CCHUa9Pi/v/wf/q/BQCAn99CAAC4kGwXm3E+TTMeFeM2+VbE9WKsZlDfzCdWnpMszP7tkZ6cfP1Lr7aSxtNnD4uXbbTXx41WaK6E7GDxenGTTibbj3c+fO+dZPVyuj/YfvJxktS6O4/TNNvaZvzgfvfxB/c+/uQwfp8e7Z9M83c+zj9b1k0WRsP4VLe7M0pb/81/81/t3X1/fW395q3X2lc62zvb3cPur3z7O8Xn6e7cv/fjP7l5+1udzSvpybQ22N/uZjsfZ9UmhNZ0sLRxfaHRWq62Lq/W17Y6G2vrS8PD496zXjoI6cFv/M6vdDo3FpOVSXa0OQDAL4xwAwBcULE5cRFrziLO6cKoZjgM9RcHe2Ovmf3swkJzZe1/9te/nd1PK618BPhSpRKyxVDNcW+3u/eku7M92O8mSevLX//m4ujZ2z9552h3u7v9cdp9mB4d7d57+ON33/7RR3fT/WchW7B1Er+KUlN0nHgtUk53v//ROz847D79p7/7//zJ9/44aS2G/afx8esvff3tH3z3G998M/tgaT8dHN352fdjM7r9pV8eN7OlUkeD2H+asS5VWpfit5fXlien9zHWhGRlrX0l3qxefelvfOfbp/9NjmO+iV8BAOAXQbgBAC5odqRUMWgTpjHTpKPRrN2E8Nlxm/D8xE28fv2rX7p9+/W0Ua+utRcWWmll2l7fDKsbaaWaNJc6r7x645XXbucHbP/Zj+8nJ4cH+9kUTDjZONp/ePf97334zp/vv/fu0/5B8Z61+sKzdLK6UDn/G9ujk/j4vU/uxqyThMnb3/0ftz/8aOny9ckgO/spqSW7u4PXbn8r1Jvt9cvJQuVwv3vvo5/FR25df+U43Y/tZlptnQz77aQR77auXMk//cGz4Thee93Hi2sb/8X/6n+5sraZvVujPv+9sd2stDaKmwAAcFHCDQBwQbPjwMfZyd9Fr8nyTQhnBef8i2OyGQ2LXlPkm2zoptX4T/7WX433B493Dif9VqNxeBLSxw/TwVHIF0y9dOv2wagaklYy3ImPNOtLR/GphWcHDx+Pe/3DND1JqvNSM84bTTFlUwzgxJtufaG4CfnKqdaof+ft7z57eG+1tXF0PH7r1377/if3L6+fxGTTPTqItSgrOEsrH370ztO97s23vnb9lZuDxWSh0TqaTpNm0my1YsGJ1aaaDnu9o73+/je+9rWbNy+HvNqkw9H5dpOeHKs2AMAXJNwAABdUTNxkp0TFgnMSzh8dle10E54busmSTX6eVDgdt4nX7Hipm9e/cuvldBArzPAkHS0njbSSbU8T2839jz98cPfOwsnRT/7k99JpdrR2o72+1Fzq7e2nYbR4lL15zDTxK6aZ9GQSTntNUXCK3zuvNvEFz9JJfHGaDj7+2Q+e9fbS/lFlcBDrzJ0Ptm9/7ddjr0mSVhgN4ovjx4jXO+/88OHH99rNZGV1rd1eby5kSWjlytbG2nrMTPErfnty9Mk81ny23ST5ieDF6A0AwAU4DhwAuKDZxE1xCvh4dv53Ohol84Jz7jjw2GhiqZlP3MzbTbyOB6OQHi6vrXd7e+PpNJlOuifTZKHSTJL4xtXm+pX2IFm/lg56w+5ysr5aHdUP9w52W8eXWivb3V7+PpN0dJyG46S+mL9/teg1xbV4NrsJx+2QLCeTT+69f+nqy2nvSrKWJZVur5cOB9k2N5NJzDrTvd3majtpLmcRp7W2vb2T9naSta2br9xst9emzZWbN5vxp/aePXx1/cbC0svP/Tc5bTfZdSE7lby4BgCACxFuAICLijnmXLXJk019Nmvz/MvCuW2Jw+mszfyaLlU2Ojf6w2yCZtzbfdTtHuwfTFdX1tezjWNGe58+G4yqjz5Krm5lPzusHg63Q1qvdAex2tTqC4fpcdFlsmdPA81f9JFjxNnuZnvi1PZ2d/d2rq9tbH9679b1V7qPt994863333u3vXmlKDix2sRr9+EHSZItntr+9IPJcLAUY9KlqzvNpavra/FNTpLG7a999YVfUUzcvFBwAgDAhQg3AMAFFcM1s3aTLY86PVJq9NzxUvP5mvCZWZvi+u0vv/lPPnqUDvppOuimaXzkyks3LuXVZjxMp8vtjWY4GIbuXm9wZbbmaDzs9oeT7MVp/rb1xXm7+Xd95rOXjY8r3W5vchye7nWri6HTvhXqnyRrW4vJYCWE43Q/iS9aWklPpvHBzuXrYTQO9Xr1eHh8PNwfNW7evLmxufidX7/9F/2uszVTi5UAAHAh9rgBAC4oOwV8NMpuPvcfFKcLpmKOCacbEr+wOXH29Gi4/figPxzGl9XWNpNmNtSSVKuxBVUWkqd7u3cfftw/XlhphPXNq+lwevrmtaQyib2mWBvV7R9+9vfvp2k6PrfJTn4/f2ScHlX6ewf7vcur9Vht0oP9dDhor3fiU9VGM34ll6/Hr8VkdaW1lv265tJ6K6tRJ8P+ZLGxOwlHYeF3/qO/k71Xfpb5c9fz/5Ua9QAAcFHCDQBwUcXew+dOAc+OBg/P7VI8//Z8sjk/bnPv3oPv3/koeyppjvMM1F6/3L7c6T7ZfvLow/bSynLS2H507/4n96cn2WbA1VE9jKZhNE6n1XR0XCSbpNbYz0d1imusM/FmNUlG4+n88eI1Se0srDzrZieC9yvNWG1ioLnzzg9fu9pJezuT4SD7OshWVM0izsJC2uvt9YdLaxvxWjnc271/997dD7cf3sneaDg86zXDYQAA+MURbgCAiyrOk8q3tpl9W/zLYn6Y1OkxUrPhms9M3Az6w9//s59M0kF85bjRyh5MWt29J7HaxPvOy6/V6vVxbzfkR4M/fLSz/fH7Tw8+TsOoN52N2MxDTMw0RayZ15l4U69V4tf88eJavD7bGScd7Hz6Udab0v5BdzuMBruTkFy+HktNfMFBvxfzUCw4oV4Lsd0k9fh1NDhK1rLdbY7T/e7Hd/Ldcp6fsvkL5m4AAC5GuAEALqgYtMlOBC9Kzfw6P0zqdJ3U+V4Tzk3cvPvu3ffeudvf34/f1ob9GFC2dx8nzaWYb7KTubNjoUbb/WyT4MP97qPtncd7ea9J07XKclKZfPYjzedrYq/JPsJ4Gr/CuXVSsd2cf338pbOPNMne7enH79x+9fV4U11ZaW+9lFWbELo7D9Jeb6m5lH3s0bDdTBYaratXX26trm4/epAOsymhs0Gb4sbcDQDwCyLcAAAXVIzbZEulwrmTQLGFAAAQAElEQVTNd4tticPpgqlzy6bOHywVvx30h2//7N2PdnbSxSymdPMC8tLVl4pkEwYH3SfbseO0l5aTajWZZu0mPrz9aDvE+FKvLWQnWJ2d1vRClCl6zWe/Pb/rzTg9Gjda6cnph683KwvJ9rNuktSzdVKjcfHwSmstFpwPP3onPnI0SLuPtxcb9dhuVjuvTXqTNCz+O2PNLO4AAPz8hBsA4IJir8kWSWXnSdXn29xkT5ybuAnzQZsXlk3VG8PBsLu3327Uk8q0u58tOorJJtaZ8d72o0f37336YG9vt71+eXm1HZNKcuV65+rNatJsd15b37xaa9Y366tnn2Q8fKHUfK7npm/y46Vqw/54sNfeutVeWgn58qh7777d3roRb7p72/MfjN/OB3Biu3n48b2H9+70njz64OHd7vZHz/2O42mRaeJ13mvsTwwAXJjjwAGAC5ptcHN6n/3PuVPA5/kmzZNNenJyfk/i7OY4PneUpoNxo9U9Okiq1Wx3m2dPY15ZWV1pd15KmsvLSaPWXO8sZW++stLYvPrqzddfifdrzSu9jfpyMjsFvCgy8/1rzivGcOZPxVfWa5XYbpJaY7l9KVlb3368k+7txt+VnR5VfLDBUXu9E8NN7DXp4DA+FR+cHBwsra2l6ajIN9EgTRv5yM/5gZqs0QyzR+LNvN0INwDAhZm4AQAuLpu1yddJzVZLzQ+WOrc/cTgXa+bb3MQXdB8/fLTTa69vjkej5dHR3t5ulkJay6uXLjVX28WrYrXJfzymlvRkYalzfavdeXn8+Cg++MrW5strl174PDHTFKWmuIlfr7aX2s/vaxPbTaw28cF2shSqzeLBGGhipjlOs912du/f7XS2YseJX+2llSLoHHS3j3q9ZOF0ydXJtLv3eNSL4Sk5Tg/mbz6POOeTjaVSAMCFmbgBAC4oNpokWyfVCKfXfK/iXP3sWKVi3GY+dFPcxMfbV67ffOXanTsfhEqttt5ZP5lm4y3Vaqg322tr42E2I7P96QeX1jcP02Hn6suLqxtJcy2pnCzfulxpJEvtsPDj68nOo2LoJvudtUrMMbX6QrymJ5PlZHE5Sa6sX233D7ppen4eJx0Pa/XW5q3b3XQYHt0rfmnIc0zaj3Wm0h08N7zTXs+OCX+y+/B4aWUxWV1aW4tfh3s7z/oxNu2GcH3ebhaTlXgfr8W3B73d+T0AwAWYuAEALigZ5/M1o+ELQzdn19yLK6SKb0MlWayHVj1ptmavGw1io0mSVqw2YaEZY018rHMtO+MpdpN2e729vnbzzVvtrU7nxuubW1vt5KWX1lrnP09nee3Vy1de6rzSXm112iuX2pcuXXur0+m0N17q5Fnn/Itj07n5xpuPtz+Nv3Gl3cmGa9Y7xXBNmvbv/fCPq43mQXc7WduKN7HaxF4TP0y8HvR7R71ec6Fypb3a2Wg26yfn37YoOPFafBUdJwAAXJSJGwDgi6lnczfhc7e5OXV+6CZpJOkwTer1aX3QabTeTkdhcJBWspmXWiNZXt9K01G+YfBL3Z0H7cYg2+Oms5Wsbf7yN765sn4phHGS1NtXknQ/bN7+WviTP5z/lk57bePqzXhzqX25Ozpu1xeXm4tX1l5uJ6NPdz4c3fv47PPUGu32VsgKy35MMzHqZI+Oxtm3C5WQtOKHibGmvXWru3M3mwDKP0znSmdpYf1KuHY0OBqcTNvr15bat9qtZDIaVeufv4vNvOMEAIALEW4AgAvKpmbGw+I48KT4NoTPVptwbtwmu4/VJhacdDAcVbb3sjOkDutLIUzC4DBdqORDPEk2bpM+iLkkpAcx08Sfam9dW9nINglOmvlirI1OGO1/9fWvdNor3f1+yLcfbq9dutG8fNAIJ81GezCM10vT7JNcWlu9tvVaOA03q9nuNsmvffs/mDSa7ZffjI80j9PpcraZTrdeS588TE+myfCwexIuJ9nBVTHlxAc7N9/qfvLeUbJabTQ319djuzkejhZPuumgH5pbyShNp8lS4+TfEnEAAC7AUikA4IJmOxPnx4HPriGcHQpejOGcOwL8/GqpwThsP7y7O5jUkqWkWo1fl9Y30zRLMNvbD7PVUjGj7DyYHIdkdaPduX75ypWV9UubrVqSNOJXs1IL9X5769Jrv/St9mqr2H64laxNk2QjWY29ZlZt2ssx06w1Vl9pXz2/VKrTXlt46drRcNjJVmGtN156vX31lfb6xubSSkw5nc2txfXrId+QuL11K3aceH/0ON7fKH589+iguZC928lwOZ0uJJO9WG2SShqrTfbK4UJxU1wBAL4IEzcAwEVlaaaSTdyMRsnsWn/hOPDzG9ycXzCVfZssbzarB1vXiu1sovaNN8a9J52bt+N1pbU2PUnj1713306aSzfri8fdnbSymf9go9GoJ61sRuZbv/Lbvd5RsvDR9mHvSqV+aW11rzKqNlqXwvJk2K/mbzs9nlx65ZV2a/nxfrZkKTtPau3SctI6Hg6/9p2/PjoeTvLtje9/cCdd3Vjaf7Z7kkWZzrXX097OZDiInyQ7F7zfW1pbK/a7Sda2BuPjZgj7IU0q+d8y2Qu12QFVseCEc9XGDA4A8EUINwDABWWLmsaz3W3Sk/BctSn010Nr7+z15yJOsxaSyzduXn353qPd+G18p7DQDOlBrbmejecstcNKO2k0X3n19Ssvvfzl27c668ux14TFRnI8SsM0NBdDN3vP177+lT//3h+tTl+79+xZWEkW07Ce1GuNbFHVsxBW03G8GfSPVhdXb998vfuzt5Na4/Yrr730yu3letj6xjcub210u/vxXR/v9vb39rr94eLla53L18Iw7d7/oJv2u0cH7aWVbLVU2t9+9EmMOPGR8Oh+sr7ZuXozaSykwzQrVvmuxp9l9AYA+IKEGwDggpKFfF+b0XBWcGKymU3ZZE9lzlWb+c7EIZaX2G7qjXYYffu3vtx5afW7f/aTn9z9dDzar9XrlYVsCVbnjS93NtrJpauvvHbryubaZntp9rbH2SHhSajEdpOsr6V7vU7n8je/+qv33nuv82iluZC9rJI0VxZbT8a9jcbyOM3qzjQ97Ifwzatfevu9dy6tttLpyUbnWufVW+2ty/FztlevxdfEXzFMh+tbV/Z2Hvd2d+598v7RIE2SVjiZZu1mIXT7g7CznV66nKaDZLUdf2RlpfGdX3293d7IPts0OT90U6jW68W4jXADAFyYcAMAXNRoGGqNMB7OCk7sF/lqqeTz9tCbLZLKwsss4mQb02yE9EeDt9+9l6b9rJKEsLS21t66kTSTe3c/TJ51FxuNq8uLycJS0siT0HAYq01o1EO8mS6kSb738Fuv3fvkJyFZLn7RNB2E5fVkuphWjheT5rNh70r+VGftSufK5fb6ZpiGazduJe12MjxO2rOfih+rvbHe3d/fefps+96H2Se50jl6HLYffjCNf+Zq+8b17GDyaqOZf/5pDE+b61vZiebx29ZaGOfVZjw4u54bt7FUCgC4MOEGALigYtAmu+YbFYfT6+ceLHW2tU1+HHgo1kwddtuXN66trXz/0f3KaDssLyc7D8NHP4vPdjrXk0G6tr7xs6XldHCQNFfaW5fbC/mszTAfYGkuNofZv2Ruv/XmR3928/VOL+TDNbHgTMYHyVJrPA7VaUxDa8fTQa17uLR17UtX39ivTNv1xaSzmjQWk4XZdsVJUm2Hxs2r7XQ87PYOtu/d2X70SXw2Wdu6+epXJ8PBcbp/0O/FR+LNYrIamsnNm69ev3Kl3Xwl+/lYas4r5m7Gg2prbdLvZVcTNwDARQk3AMAFzQZtFrJSk93U67P9iT9TbUKRaeqtMOrPjgMvTphabiet/bV2crXdTivV9uVOSFaS5lLSaL711W/+xm986+bL19qtbIvhNJ1kry+STaMe200sOI1GXoua9WuvvfnRnR9Oh7uhkY3tVGsrJ0tLy/XFMDo+Sg9WD2r7IVzeuvVy58Hbd/98unW7vbaeffjFepJXm9mf02jcvrG1/WC73b6UvNWMHyP7vYOj9Omjo+wuSzZL+WHkzSR5srMTw01a24mJKf7V2Yng4720up6cG72xwQ0A8MUJNwDARRWnSoVQVJv8RPBZsjnb5ua51/dPn51FnCRMX7l2+S//9q83NtbTyXp3kLbXN5LKyY2vfOt3fuOr7bXVWFWShSysJK1qejJJQ302blO8T36iU3t68o3f+Pr2R9/v/vBeWM32uFlqraRrWWFJ1leSZ62wEl6aPk1DenlrK9wNr229lOSb5sRPmFSyJJT9lvgV33Ch8e1vf2PryuWjxzsfPHgUX7P93o+7tcXj9HG8P073lzrXTob9hUbrlXb7xlYrb1VbSX0n2+Dm/NlSp+1mPnQTAAAuRLgBAC4oWySVj9sknzkRPPns0E2xfmp+zlSsNgsLab3RrDe+/tUvHU2TH//sR52NqyGc/PK3f+vyS53P/Y1ZZ5nvdBO/nS7EdpNWFpJm/Ru//J3f++n/tZIst5fX0ytJ1G6vp2GctFfS7sF02K487fa6e7VW+9WvfDnJB2eSfKXUfOKmuO+Eenj1+tHmWm80ef/Hbx8PRzEErV99ebCYNI/To5OTzuX4IUN9benmy518Z+Kd5PwWNsWyqRhu8nYzye8N3QAAF7YQAAAuJNvgJiaJ014zqzbR5y2VKl6WJnvpyeyB2WqpEJqtxm9++Vrn8ivp3qfxa3iaOWKgSdNJejKZ/bqFajoN2R43xf7Ez7v5zdvf+LX/sNlaWmqtdFqd2Gu6O08H7zwK6SQWnMrxODSWR8PRy6/cyo4iL46mmobQqGaLsIaT82/15P72j9/5IPsA6fDx9qft9qW1G691Otcbl19aWljoPXmUDge333ips9XOVkjFT5V/4LS6Hsan7zPPNwAAX4yJGwDggmabE5+E+ZTNiwVnrjgyPD7YX4/t5rndi/M1U5WltW+8eeny5bXNm18J+c929/YnjdZma9gOq7GyzBZMJdUwzPYnzk6VajTyLY6H2WWQpZPX/6PfePTf/yT7tj5K/+i9Oz/4/fTwsPPyG51X3gpry0vXN6tPkkuNVrV9KZkuFOmnWCdVfJAswZxk377xxsvx6869nePhsNt9eu9H/7q9fmVpbaN42cba+sraYnvtlXYrCYOd+GmTUM3/5L1Qq2bb3OTLps7azekhUwAAFyDcAAAXNNuceJztTBxilzldIZV89vTrenbyVKa1l4Rwvtok4zTN36p95eVuup0ePE1WLoXjp2l9sZ3E96l1e/vJsNFOGslKTDyT4izw7GfzzW4q6ThmnXQ/G9758F/+yfv/8p923npj/Mm73e33n+5nG9N07/2w++xRsrzcm1Y/7j7ar0y/9Zd+O62cFJ8nZpp5u8n20MkGfPJJn+Fxe+H4lddurW783Z0H93u7O+kgy0TV/WeLW9duv371lZtLxV86OwF9fjN8GvPNc3+7agMAfAHCDQBwQVmqCNNiopK1/wAAEABJREFUp5vPWTP1eYeCvyCrNrWk2O8mqV/uXH52v78aDp6G+mpSX0zT0zVTgzTpXEn3++1WPVQm6ee9VaUxrjbS7km/e+/dpJKdLRWaSTrIxl6643Hodr/77KN4v3nrK9lT802UZ4dVTYo1U7NlXNmmywthdfVKI0apLBI1klZ7dTV7YXXSaCbt9c56YxyaN9LBTmhuheHTbFSntZb2e9mfX10/yzcvnBQOAPBzEm4AgC8gFpBsh5dpdrxU7B21xmzNVLZ+6t9abYqjwU9OsnZTb6Wx3TR74Wjz8kr8x8lGmo67T3eWFne6yaVq+nSl83qar43KfrBRTdJKN01D0sj2qUmyf8zEYpI+G6bHo276LORdJ0nWk2Y26vJ40NsO47/5D/533e/+8Z07d241mgfNeufcLn+zcZt0tj1NerAf/6ij7lF12K+urt68tJyEmw+f9qrpYX2zU3/pxnI4bq+th/jmg2xb4jRfLZWNAqWHp+3mdM3UZ6dvAAB+TsINAHBxs3158+PAs0GbYvFUvm9x3nQ+f+gmO08qlppGkg7TrN1UTorVUslyPT2YvWZpMex2+8PuD2tJdXFtK01X22vZHE3Wg5JJtm9w96ioNrNP0jtIQzfePHj8NF5Pkr32yma8+ejJ4//0P/3fXK7Vnr53J35766tfa60uF4dSzX7w9Djwbn8Sq00SP1aj0W42trv1GITS1dXO6urSSnexUTsejlca2Xt22u0QDkOxIXHYOZszGg+yjXLyZJOMVRsA4BdAuAEALmg6njZrRamZzpZNnS2VOjd085l8U5wnFatNMXcTjvMlUfVWcrSYTN49GDXS43C0uz1OJ9duXl/pvJ5kEz2h2+vHdpOMs6Gb+O1gOk7yf8n0uofN9aXtd7JtiV+/ebu7/6+2s81yQqd7lFzZ+Bu/+p1XX8uKz9ra0l/6re/88l/5S9mvXqyHkywVnX2k3iCfG8rv8z10ksZiGloHO89WGguX15LZCeJJvolP7D7xtc2tbOgmlprGpTDMalGWbMZP54M2RcGJz862KwYA+PkJNwDAxaX56Ep6boDluQVTxWY3nzt0k4/bFDsTz7a5GafJYjdWm6PebOrmra99tX3rrfZCdoxUmg6new+6i691lvPjpaYLaX97d/rSaxvL23s78RPsPtw9mVbG9fRXvvaX4jUstC933tx89c0w3A3TzRhd/tpf+Z/f/K3b8QeTZj0shGwT4nxHm2xKKJ10T6bZyE/SiL+oGLrJOk2z0WkvdwfD2d8VLTaS41EyzX9ysBPyLY2TYo+b02VTecM6O2dKtQEAvgjhBgD4Qoq5m8E49pdz64+KBVMxuOSDLenz4y2hGLc5Hb2Z5Zv8fiX0J42F9motufbr7aQVH++maZZpovjk48fheC1bM9VcTBc2qsN+GrLTnWJtWVqthicn7au/lb1JspKsXQqNSbLcTi51Dg4Odp8ddV692k6SdDBKF+uzI6Vigknq3UkIx8P48bp7vezBtbVwOnSTZZqF0G7m4anZyB48Hma7+YRuu15JR7NTpbL5mtFk/qcVh2rNj9b6nMPRAQD+vS0EAICLitWmUqvEahOvxYKm4oDw7LnRsDhwKpu++Yv+xVFvZfvdxGRTbxXvFq/J1qvJtW8mzSStnKS9LKZkp3c3k9DfTtNRmu2LM8m2oVlfTU6ePXx2lKxnqaX95peTV28trCxPRrvd/Xtp72kYVtO93Zh+Fq+v3vrl15vrS7HaxOIzC0nHo+xk8VPdwXHIq032URcb82Gc85JQyU4lz8dtZpv7nF7nZ2kVj3RH0/mzqg0A8EWYuAEAvpCitoRwutlNqMxuYrUZD/N9ixvFDjifs13xqJ+e3sRLs9U4CK3F0XF2EHg2k5ON8DQrtcF0HKtN2Hi13Vhs9B5sD9J2jDXxbdNQHfVCazPprIZuNa1sHa8dHS5cHj94dNh7WBk+q2YrnobtwVrMPetXN2IAajfyKHM8DI3Zx8g3VA5J5STk1SYmoewEq/zmxT+1UU+nId/sphMG90MIL/SauSTEDFSPj8eC065XAgDARQk3AMAXMIntJKnUKtPhoNJoDsahWTttN0W1ycdwZh3n3/Vmg4PeUe+g3dyY/1S87g36SVIPrU7WVkbDXrIV0n53rxfbTbLR6e7tbn/6sH31RvtqkrSXnvTS9ubagyud+IPV0UF1o9PebLbXN2NtmdYb2XY5ebUpokxSCWkRnRYb7eKRpFqM85w9lUuK9tKohuHk/Ac+P3cTPjOAE+/bp2UnAABciHADAFzUJC2u01gzqknsLINJOoi9JZw7bSpUQjZuE8J4FPKhm1nI+OxJ4aPhx092t3eeJI2tbv2wc+16OsjeP9srJz/RqTF40gsr2axNcy3kK5sKx72dbvaaldh3VhoLaRourS9ly6CGS+2tK/OXZZM1i/XswO+V1XDaaIqbWVGKUWY4KZJN9jUcZqdH5cupsogzHIVpvnlNup0P1OTv+fzEzflvi1jzufM4AAD//oQbAOAXISabyewmRpzBMD0/gBOKoZuYckbDrJIU1eb5a/ay45Puk+179fc71evt5nKxeU12AvfgOK2cDJuXZ5sKh0raXAx50GmHzW7ebtLhpN1uTxqtZC20t+ppOsruK+OQtPIfOsk2xynmdBbyWZt0EpNNLDXZTSWfpslPGT+rObMfnElDLEGjZPrsuQc/M3EzrzbFIqnExA0A8MXYnBgAuKDK8XA4+swGLtWkmf8/hqbDQXba1DDNJnHG2SOzAZzi+PDR6RnbRbvJ98rpdg+WLr9189YvdW683mwuxWTTTpJsWVNzMd4UX7G/dNP8RKr83O54024cT5JL1fRp2ntWHebrqmI+arQ2j2v5XjnZ7jnpIE2nC2HeYhrVLM0sVJOVVpZv4ren4z/x23brrLPE1xTXPO7U08pG/IVpyLPRuRwzP0lq3m7yY6cM2gAAX5SJGwDg4hr1aWw3SSWdLs7CRyXtDfL7ZiObu5m9Ll9CFTtOtpNxbbZ5zUxRcELo7R8cTZMbL11LVptZ64kvjWlmbbVYspSG6Wzb4NhfmovxkZh0ioLTHS5W053Ybo52H8Rnk8pJ1mhCOIj/V69Xhycr6aioOZ1m/bmTpPrx8UmWbMbj9PRjhOxg8sn5+1htsmv82cEoWV9O4zVfqNUdTee79rxwyNT5/0RZ5VFwAICLEm4AgAtKp0lynCaVEKtN5TifmllsFPfxmh72wuLZLjbFGE7zL/inR0w83f7+NLneufZS0l6aP97t7WdjNY16lkiGo2zb4LVsaiZb0DQctWPWSRrt9bXu3mb6bPuglYT0aff0oKqwmCwthhh0QqOdNGPnWczeJ8kmaLLtbPKhm2ypVMg+eTFZk6nVso5zku13k50hlVSLjlO0m+waRmnzRjK4P9/ppvDCBjfnRm/iNQAAXIxwAwBcUFKZJZJ5tSmSTcjHbdLjYXY97A2KF+T3yfJacT3/PsVCqu5BLdQXk2T2j5O1cDAM+URLNt6SbxJc7BOcvV8u/zbJ115l7Sbeb3RCf3uSZjkpe0E9W9B0eX0z29fm9NCoYnxmtjZqPA7NajFTk72+Vsvmbkan4zaNanuhOp++yX5wMMqqTaMZug/Pbzlc3H/2SKkXNioGALgA4QYAuKDpYuNzH5nXmbNGkx8FXty/UG1CPoazvZ9Nr7x0dS02mOZwNGjUe7G9DNJmpRbaS9mSqDQtdilO2svzH8xGZpJmtrtwCJ3OlXQ4DLHRpMPs/KlkK6mcxB8pToZqt+rzRU/ZDxbVppb9QygZZ9M0+RbFo+II8NlexefXTGWDOVnuCQvLYZBFmfk6qew9Y5qZpZ/qCzVn9uPjSQAAuBDhBgC4qGpSnCFVbELcbMy3fPkLG83s2ay2DIpryCduuv3946VX2uubsbZMV5faw+NsI+H86KgYa9rt7ADv7EDu02ozW/H0/P3sHKi1VpqurufLoIr+8twyqFGeb0bD7MFxNuozSzn5ME44F3fy35jfNM5+VxgcJivt/Mzz2Tqp53pQPjr0XKYp7mvVAABwIcINAHBB2YY1tSQ/KGp6vtqcqTeShYWi0cwfS09OiqfiTdZuTk4qYRQWXltpFac+Zc+mjfzYpvz1xYhNNgWz1kx7g2Qte6tswdTphjVFlznbRTh+m+QPNs/lklotOf1nT1KP+SbMR2/mj8eOU5wtlT2Sb3NT7HHz3Fs1l2P0adfjpznbxWb+q7Obv2CnmwAAcCGOAwcALqg42zvU8q1nao35NTvhu/gqMk3eaIqv2Q/GZLOwkDWdWhZnukfh4fbP7nz8+P2fvHd/u5v2eklsOPk/UootbGY/lU6KapM9Ps834SzBhPnp3fG+VnvuK+RdZiFf2XSSd5wsKhXdZ/bU7J3zb8O5OZ1uf3T+nKn4eLe61R1lq6rO9q+pFb/386uNPW4AgAsTbgCAi6qd9YhkPIzVJqse9cZnXxgbzdk39dY82WRGw3ufbP/Zj+9vv//Th/c/mEzSZG0tLDayA6TiV3L6KxrVpJIfJjV/z6R6drb34DDbVzhvNNlATd5fZulnflOvzZLN6SPFs2lek9JRvswpOxc8P1Iqf6v2amv2uuFkfrZU8WHa9cq/Jcec7zUmbgCAL0K4AQAuajzKMs04P0EpVptxdrZUDDGffWExYhOTTXYzTmO1Ka4hH9vp7e0nzaRzfevL3/p259q1s9RSmfWaWbIpDvCOjw9nB0udLZVaac/2G86WOBW/8fRXF0Xm7DOPzx7JjpEaz3cpLtY6nR0ydTp3k50Ino7iB8ieyn91NnSTT9y8EGjm1/M3L9wDAPxchBsA4AvI5lzq2V42sdrUT9dJPe98sok35362H7+6z/b3Dg6bC9NBaO3c/fjugycPnx3N4st0NmJT7DWT3ee7BXenp3HkdDVTOhqm54LR0uhZyNtNFoBqswGc4ttsHqd2tqnN/MfPL57K8k3xbkW7qTfa68tJsdtxc7Y7cpp05u0mfwczNQDA/18INwDABWXzJqFyttroJOs481GXmTzZxECTLY+K7aZyUlzDYr2IOPd2+vF6snp5+fjo/l5v3N3Lfup4WLxh9pUf0Z0PvIRi8qX4NpwuXCpmZM5OgxqPjxZWi5si1hTvE/Lpm2LcZjZoczplU5wzVYzeZPnmXMHJKs/4bGaneH22iqpVn7ebbOim9fnnZ4VaMwAAfAFOlQIALmi2Smg0TPKtiLOFT/XPHC51mmxmy6OmC0kjSYdpvMantref3vvg3e1BIx086MUS1EwetmLNuffk4NLNKxvt5mJYbKTDYZGEsjdvNorRm2wV1bmzurOYkh/+fXa21Oxk7nFafNRiAVRRYfITo+Yf8Gw/4/z18TVLo2dH9Y1QHO99Wm2Ks6Vm75O/Q/wM3cp6Mnqc/UcYD+b/QWLNace/In8ku8Z2Mx4EAIALEW4AgAs63eGlcXZw0mj42aVSs2Qz6ocYa4b5td5Kh7ERrUQAABAASURBVP2YY+49Ow4bL7f7x8OF3cFJJR2k2/fvhnBrdVpN9/s3rl9Zah5nv6ixmCTZXsXPvW0+iZN1ouHs3O6zD7ZQPX86+PwaRvmETnGUeLGBzrmaMz98KlabNNao+Tqs+a43Rd85TTnddNjd6yX1tPP8vjZn1aag2gAAX4ClUgDABT133HWxSOp8tclXQmUb3Iz6Wbs5HbTJhm7yOZhp/H50kvaPtz/99J07d7rdvXQ4iCnk3o++v/Pg/ni/+3i3d/fBk3xj45CN3pyEbPomnWRDN0W1KWLN6abF4TTZ5EdHzeZozi+nmr1mrZmfSFWdP3L65wzPDg7Pf3D2VsXh4oX5sqnhpAhJg9FCsWAqmt2cKzVpdT0AAHwBJm4AgAuar5Mq5m4+u0gqm6zJr7OTpObtppatk9rp7t15/0F3++52L11ZacRwc7i3s7y+tdIIvd2NyvEgOeh/+fbrk+F4Oysyx0ljsd3MWsn5Q8GLFVLhNNkUa6bSbK4njzKjSTZfk8ea88ujitef7V9TbGAcntvO5vzZUmfhJpe9VaOa9vpH09paJX+kup5M9uazNsW32ZvkV/kGALgwEzcAwAVlRyllkymfOe56fnRUvsHNbOLmdIObcDzKHjkJ209G6cG9g1E1lpqDg2FzoXJ5s9Nur1eb608+vtvd309Wlv/4T79//+HjdP8wZAumTve7yc3HbWYfZnB6rlOjOk85oZiviV/57sWzR4aDYkeb4uio4kSq2ebEIW80RaaZx5qi77zQbtJs4mapMt5JG2n/oAg081mbF3rN7FkAgJ+fcAMAXNBsnVT+r4nnDpMaZQdFFfkmSzYL5/69cTzKxm3i43v79z54t9tP2knWUFZWGguNVm1xejwcdR9vL65urG1ubT94+PKtV9uthfQkCy7d/cPZkd55spnN3QxPr42z1VLhdLPh4nyo2XBNtugpX/e00p7tLjw/iGo4ma+xmu13k58gXjh/NPhsqCfXHQy76bjb7W53B/G/wzzTvNhrak1nSwEAF2apFABwccVqqey8p8/7fwZl50mN+ul8qdT8GqvHsJ9OTtrt9Z1P7u71s2GZ8WDn0iu/lD59dDRIO2Gy8+DjpHLy3v6zj5PWK299KVm4vNhIksZittNNfxLmYaVxNndTBJqsswwnaRjONhIulkGd1qXZ4eUx4ozjh6+FYkxnJas87YVadkz46TY32TY8n1lCNT8mPMaj5KTRTmrbWb1aTMNiO2aa/ACppLgJjpQCAH4BhBsA4IJmmxPXst1tiiZypt4KebIJ2aHaz1ebWhIOs1GUdrv99r9556jXm56ky0vt9q3bD+6+U1lIOlfWDvZ7j9975/JqvZ8O21dvJUsr+892X3nt1uPd3pXNtWqj1q6GZG317JMUOxafnhs133g4SzP5Z3vh42X55nQ91Nlkzcns9dn9Zx7Pcs+5fBN/V7tVTZtJGI3SSow8WalJp0kSTmPNfMrGuA0A8AVYKgUAXND5pVIvTtyc7kl8tsHNvNpkjzRiYXn6ycPuzv2l+vSlW7ebSXLv3R/Fn4ux5sleb3f306Vm0j9eSCutpNH8+IP3ur3ef/+7v7u3t9/fPzx40i321tne63d7/Vht2qvFCVZnS6hOD5N6Ltm82G7mAzif9+z5H5+9Jl9vdbYFclaLGitb19r1YRLyY8uzgnPq/LiNoRsA4KJM3AAAF/fitsSFfNwmCzTFaqnzr6+cZN+OR2GUPh2M2qsr7au3Hty9Mx6Navlbffr4abwuJqvxHykrK42lhaWD/d7JsP+we/+1L/3K4OjwX/3Rz9Yvbx0eT65srm22l0K2gKpabEPT7Y+yFUzJuXO+zy2VmieY+XX2kT7v/40120zn3AKrcLqPTzFu052E9GB/tz8+2Pl0aTU/BP38ZI0VUgDAL4hwAwBc1GiYhkpsN0ej1aX6/rnHs82Js2RTS9JRPxu0OTnJkk285s9Px9PihZ1O52iwF6tNmvZD2j//3odZ4WmHeuhsXUuH9eF+tztI3/+9f7bYyPpOMj3e2+u89fqNpeZxu7VWTNkUmxbPd7pJTv+dc77CFD634HzW/AdnEzfnDgtvV8NPY7X55N7BcXhjYz00t8J4b7YP8WfXSVktBQBclKVSAMBF1RuTcCn+b1ZtiqOXzomZJhT5JvaaRpIO0+IaH6zUKnfufpq9ptJ8stdrr66stDtJ0iqu8Ss+UmuuHx512+31g/3e9p0/X2i0unu9WG3iI/EHu7tPdx7cf/eD+0eD0e//6O5293B2Onhx8NP5DzM7Deq5dU9FiHmh2rRXk/OPz+/PDswq1kkNYmbKJm6WKuOnR6Pdp0+eHB6kg2cvbkg8/xYA4AsQbgCAi1sKT7L/yQ+Wev6Z6+F0W+LzjybZRsah+2x/++mzZKkyGeytL7ebS+vTk7RWry+F7JqsZLsOp72d129/83g42vn0o3GjNVlsHO8/W6pU0ulC79GD7Wfd9OjgD//ZP/lv/z+/Ox1NYhvq9ifxa3ZG+KmzE76Lb0fDLMScyzrzoBNtd9MQznrN2Wvi6/MzwosfTKchHQ7Tg/1uOl5eXU7CJKSPsj1uxoN0evrHzpdKWTMFAHwxlkoBABeU7UwcwiAsN8Mwu/YXQ2vv9MmHIR+6KQ7/zsWUs5sO00F/uP3oaXdvf3cwGR9XaovT7ce95aV2fEV373GsNklrrbtzPxacD+78ID74dG/3y1/+1Z2P31le31pc3ei+/9N0nG5uXkvTYbIwXdvc6vUHw48+TS8dLjaSpbXl9km93cp3KR4Ns/1oikwzmpx+5uH8JjkXm86XmnN/4OmLT17oQWG3P077h4f7h7VkJWndzPZprq4npyeCz9ZM5aqttUm/FwAALkS4AQAuKAnTQX2zOdpNQ6UZDtNYcT6zZUx6cjVGnHS6kDR2i3VSw8Hwzkf3H2/vhkZjUGl2P7mfjdjUG0e9XrY/8UIzVpv0JBtrWWmtHfR7N69e2/n0o9ra5TAaPrjzva1rr4bB0dHJSbj/QXpSSdY+ju9ZOR7sXrl2MEjfeuPVK5traXups94Knw0up1vhZKM32X3WZZIXZ4U+X3aGVGU2brPbPervHz79ZGecHiyG/fRkLR2tJ630hR1tqvV6TDaTYI8bAODihBsA4IJir6mMnsVrvB/0h81WI17TWvZtMt46nb7JRm+KE6ZCPqTTPTiIFaQfC8hglB48bW/dyFZaDbpL9XA0SsaD7KeShexNjtP9MBocjdbGo9HhzoP4YHbaVAix7MSbpWayub6eNJOPf/rnYfVSe3+/u9frPrx34/Xb3/j6L2W/a1oJo1GnvVx82qzXnIR2q5qtqBpmyaYdzk6kmr3mNOKcn8eJr88eGQ7T4XHSWIxlarO9tFQZTzrr9+71D3aPl3afpa9eyVZJnW5tM082s3Eb4QYAuCjhBgC4uCRMY7gpTomK1aZSy+7jNa3thFH+gno9X0t1GPJFVcODfE/icHKYDpeTxvrVlwdpejRIpyfDykIyzc8Kr9Xr89PBO6sr3f399GRa6+2ka1vJyspPf/BHoZ60Y3Z58yshW13VS08q6Sfvh60bMejEFLO2t/d4t3cwOE7Hw9s3tuZroNK8v2zv9ZNGI35101H2VDqZ72oczq2NitWmu9+PT8XXZ48Pj48Go/i2lfSofWkjCSfdbjdWp85mI6zeDMdHaf8g1CvzQBNjTZFsJuOBpVIAwBch3AAAF1eM2xS9Jpye8z0/7Tt/wahZP5x9099t1LOnunv7sdqEanPvsDsepjHZXN7sxIJzeJTGZLOYrLaTcHgS4uNHRf1ZqMRqk/3gzoPlMCnertt92v3kvWz0Zm0tjcXlyYPOK6+nadrb3en1X915/KTzUuedDz+9em0zSZL4+GQ4XlpbPuodXd/Kqs1RL77Ncjupx6BT7Ikz+8B5yskmbpLqvWeDMDrefnY06Pdjsuk9/jQdTQ+f7oX6YqNeHx5lP7Vcjx9vYzA6XSGWD90UsWbWbkYjEzcAwIUJNwDABSVhehQuL4UnRb7JTLKRmd447xTD/bXVlRhx0lq28c0gLGd7ylST7Z2PdgeTViX0J4PxcBhLTbKSFHM3y0vttFlJpv2jbNfj9Djdzw6Zmo7D6kba64XRIElaWcHpPU2r1XvvfD+pVtO0n4Wb3s5g7c29d382GQ7Cm1+5+6MfVurJo48+bG5eiQVn68rl+HGubK79+fffuXa9kw6HMd88OTisNmrbadpuNraHIWnMFkYVa6niTYw7YTS688GDeH/3/Q8qp1Mz2/2jzSudlUatku5V2y+Hxfg393t7lbRdj69PWmtZu8nHhebtJl4DAMCFVBuNf68N+QAAXvD3/vO/0zrZj9VmEi4t1CdhPAkLtd7xYnKSjkf99GQ8GY0rJ6FaCePjSTgeVGqVXveg29u/8+69/niSTisnk/HJZDIeDcNitbWyFqq12sk4LCzWl5ZG6dFCtZrtbjNMa7XaaDxZWbl0Mh7WKpVQyTrRcms5e2phoba6UVtsDfe7jx9/fOXqjWR5bffJTpiMdx49rIXJvffeX6wnlSS5f+/+la1Li4uL3cN0Px1sP9gOtdpB92hlKRlXa93Do8M0vnkYT7PZmWIkp390NK5V3//JO6vr6/s7D2uL9bR/lPae3f/0Ya3RnDZWJvv3xifN5KQVWq1LS9Pa4mKtMg215nR4GGPN9Hg4nS5Uk6XYbv7L/8v/KwAA/PxM3AAAX0C9kcTsUt8Po2xb4ul4ulYb9I6OY7VJDw7TEJJKJVmdzZvEB8No0u+nYTgs9rjpnu5lExaa2RbF8wOeRsPlpXZ373G8bV/uTI7DSivbAafYnHj2bmk/m7gZHCXj4+29nfjI5c3rR71emo7aVzrb7/80uXT1p3/6x9dfufn2n/5x++orX/vG1z998OmTx9l7Xr5yJd50ewed61fvPnhyZXMt27+mXp2sLG+2Q3cwTBayfJOsLh//7IP1rSt3vv9na+sb3b2na9dvxceXhjvv33nn5atX3nr99fQkbPfuLa1fD+Hq/LOdXypVTN8AAFyMcAMAXFCykJ0SNS1OBK9lzaUSRtOQhEYzGe7PjpGaZgdox5uD0FoJw246ffzp0/40LC+Ew/TsOKfJcHB4ki6HdtZuYgM6qYwHe0XTidXmON2PySbd+STZenk8yre9GRzEYhLDTTtJjgZpdnB4d/s4P4vqSufaw/d/mKxthaePDvq9hx/fyz5qc+lHb/8wHRwmzeXte3e6N293H30ca840hp/19V5/sP3w0Uozeba0/KUvZ2nmaDB6EsPTw/72bjdZWe5stLefPavud3vJThK7z81XL4cw7O1u79zv3LjRXt28vLaUHXk+/3POLZKyVAoA+CKEGwDggrJ0EqbpyWFWW07yjpNvVLw2GewMxrF3ZC8aTUI928T38sIkTZ/78VojiV8hTzNRthXxIJ0edWvN9XAyKF5TzN2kab+79yTUlw63Yc4uAAAMXElEQVR3HmZHSi2tpJVqeyHbUGdx/XrMOt2jg8ub2U3ImstR++U3w3Cw/eiTdOdB+2svpU8ehkYSS03S3ozVJr4m3qfxBe/+IKSv7zx9ttZc3Hn0qNt9+tt/7W/+/h/8Wef61WRhYffp7klvNx0O957sJEtr4Vl3ca3d3X6YNJrt+GmP08baZjrYf9Ibv3HzpfbSJKnk51cV+xDbjRgA+AWprK6uBgAAAADKx8QNAAAAQEkJNwAAAAAlJdwAAAAAlJRwAwAAAFBSwg0AAABASQk3AAAAACUl3AAAAACUlHADAAAAUFLCDQAAAEBJCTcAAAAAJSXcAAAAAJSUcAMAAABQUsINAAAAQEkJNwAAAAAlJdwAAAAAlJRwAwAAAFBSwg0AAABASQk3AAAAACUl3AAAAACUlHADAAAAUFLCDQAAAEBJCTcAAAAAJSXcAAAAAJSUcAMAAABQUsINAAAAQEkJNwAAAAAlJdwAAAAAlJRwAwAAAFBSwg0AAABASQk3AAAAACUl3AAAAACUlHADAAAAUFLCDQAAAEBJCTcAAAAAJSXcAAAAAJSUcAMAAABQUsINAAAAQEkJNwAAAAAlJdwAAAAAlJRwAwAAAFBSwg0AAABASQk3AAAAACUl3AAAAACUlHADAAAAUFLCDQAAAEBJCTcAAAAAJSXcAAAAAJSUcAMAAABQUsINAAAAQEkJNwAAAAAlJdwAAAAAlJRwAwAAAFBSwg0AAABASQk3AAAAACUl3AAAAACUlHADAAAAUFLCDQAAAEBJCTcAAAAAJSXcAAAAAJSUcAMAAABQUsINAAAAQEkJNwAAAAAlJdwAAAAAlJRwAwAAAFBSwg0AAABASQk3AAAAACUl3AAAAACUlHADAAAAUFLCDQAAAEBJCTcAAAAAJSXcAAAAAJSUcAMAAABQUsINAAAAQEkJNwAAAAAlJdwAAAAAlJRwAwAAAFBSwg0AAABASQk3AAAAACUl3AAAAACUlHADAAAAUFLCDQAAAEBJCTcAAAAAJSXcAAAAAJSUcAMAAABQUsINAAAAQEkJNwAAAAAlJdwAAAAAlJRwAwAAAFBSwg0AAABASQk3AAAAACUl3AAAAACUlHADAAAAUFLCDQAAAEBJCTcAAAAAJSXcAAAAAJSUcAMAAABQUsINAAAAQEkJNwAAAAAlJdwAAAAAlJRwAwAAAFBSwg0AAABASQk3AAAAACUl3AAAAACUlHADAAAAUFLCDQAAAEBJCTcAAAAAJSXcAAAAAJSUcAMAAABQUsINAAAAQEkJNwAAAAAlJdwAAAAAlJRwAwAAAFBSwg0AAABASQk3AAAAACUl3AAAAACUlHADAAAAUFLCDQAAAEBJCTcAAAAAJSXcAAAAAJSUcAMAAABQUsINAAAAQEkJNwAAAAAlJdwAAAAAlJRwAwAAAFBSwg0AAABASQk3AAAAACUl3AAAAACUlHADAAAAUFLCDQAAAEBJCTcAAAAAJSXcAAAAAJSUcAMAAABQUsINAAAAQEkJNwAAAAAlJdwAAAAAlJRwAwAAAFBSwg0AAABASQk3AAAAACUl3AAAAACUlHADAAAAUFLCDQAAAEBJCTcAAAAAJSXcAAAAAJSUcAMAAABQUsINAAAAQEkJNwAAAAAlJdwAAAAAlJRwAwAAAFBSwg0AAABASQk3AAAAACUl3AAAAACUlHADAAAAUFLCDQAAAEBJCTcAAAAAJSXcAAAAAJSUcAMAAABQUsINAAAAQEkJNwAAAAAlJdwAAAAAlJRwAwAAAFBSwg0AAABASQk3AAAAACUl3AAAAACUlHADAAAAUFLCDQAAAEBJCTcAAAAAJSXcAAAAAJSUcAMAAABQUsINAAAAQEkJNwAAAAAlJdwAAAAAlJRwAwAAAFBSwg0AAABASQk3AAAAACUl3AAAAACUlHADAAAAUFLCDQAAAEBJCTcAAAAAJSXcAAAAAJSUcAMA/z927JgAAAAAYZD9U1tjB8QAAACixA0AAABAlLgBAAAAiBI3AAAAAFHiBgAAACBK3AAAAABEiRsAAACAKHEDAAAAECVuAAAAAKLEDQAAAECUuAEAAACIEjcAAAAAUeIGAAAAIErcAAAAAESJGwAAAIAocQMAAAAQJW4AAAAAosQNAAAAQJS4AQAAAIgSNwAAAABR4gYAAAAgStwAAAAARIkbAAAAgChxAwAAABAlbgAAAACixA0AAABAlLgBAAAAiBI3AAAAAFHiBgAAACBK3AAAAABEiRsAAACAKHEDAAAAECVuAAAAAKLEDQAAAECUuAEAAACIEjcAAAAAUeIGAAAAIErcAAAAAESJGwAAAIAocQMAAAAQJW4AAAAAosQNAAAAQJS4AQAAAIgSNwAAAABR4gYAAAAgStwAAAAARIkbAAAAgChxAwAAABAlbgAAAACixA0AAABAlLgBAAAAiBI3AAAAAFHiBgAAACBK3AAAAABEiRsAAACAKHEDAAAAECVuAAAAAKLEDQAAAECUuAEAAACIEjcAAAAAUeIGAAAAIErcAAAAAESJGwAAAIAocQMAAAAQJW4AAAAAosQNAAAAQJS4AQAAAIgSNwAAAABR4gYAAAAgStwAAAAARIkbAAAAgChxAwAAABAlbgAAAACixA0AAABAlLgBAAAAiBI3AAAAAFHiBgAAACBK3AAAAABEiRsAAACAKHEDAAAAECVuAAAAAKLEDQAAAECUuAEAAACIEjcAAAAAUeIGAAAAIErcAAAAAESJGwAAAIAocQMAAAAQJW4AAAAAosQNAAAAQJS4AQAAAIgSNwAAAABR4gYAAAAgStwAAAAARIkbAAAAgChxAwAAABAlbgAAAACixA0AAABAlLgBAAAAiBI3AAAAAFHiBgAAACBK3AAAAABEiRsAAACAKHEDAAAAECVuAAAAAKLEDQAAAECUuAEAAACIEjcAAAAAUeIGAAAAIErcAAAAAESJGwAAAIAocQMAAAAQJW4AAAAAosQNAAAAQJS4AQAAAIgSNwAAAABR4gYAAAAgStwAAAAARIkbAAAAgChxAwAAABAlbgAAAACixA0AAABAlLgBAAAAiBI3AAAAAFHiBgAAACBK3AAAAABEiRsAAACAKHEDAAAAECVuAAAAAKLEDQAAAECUuAEAAACIEjcAAAAAUeIGAAAAIErcAAAAAESJGwAAAIAocQMAAAAQJW4AAAAAosQNAAAAQJS4AQAAAIgSNwAAAABR4gYAAAAgStwAAAAARIkbAAAAgChxAwAAABAlbgAAAIDRJG4AAAAAosQNAAAAQJS4AQAAAIgSNwAAAABR4gYAAAAgStwAAAAARIkbAAAAgChxAwAAABAlbgAAAACixA0AAABAlLgBAAAAiBI3AAAAAFHiBgAAACBK3AAAAABEiRsAAACAKHEDAAAAECVuAAAAAKLEDQAAAECUuAEAAACIEjcAAAAAUeIGAAAAIErcAAAAAESJGwAAAIAocQMAAAAQJW4AAAAAosQNAAAAQJS4AQAAAIgSNwAAAABR4gYAAAAgStwAAAAARIkbAAAAgChxAwAAABAlbgAAAACixA0AAABAlLgBAAAAiBI3AAAAAFHiBgAAACBK3AAAAABEiRsAAACAKHEDAAAAECVuAAAAAKLEDQAAAECUuAEAAACIEjcAAAAAUeIGAAAAIErcAAAAAESJGwAAAIAocQMAAAAQJW4AAAAAosQNAAAAQJS4AQAAAIgSNwAAAABR4gYAAAAgStwAAAAARIkbAAAAgChxAwAAABAlbgAAAACixA0AAABAlLgBAAAAiBI3AAAAAFHiBgAAACBK3AAAAABEiRsAAACAKHEDAAAAECVuAAAAAKLEDQAAAECUuAEAAACIEjcAAAAAUeIGAAAAIErcAAAAAESJGwAAAIAocQMAAAAQJW4AAAAAosQNAAAAQJS4AQAAAIgSNwAAAABR4gYAAAAgStwAAAAARIkbAAAAgChxAwAAABAlbgAAAACixA0AAABAlLgBAAAAiBI3AAAAAFHiBgAAACBK3AAAAABEiRsAAACAKHEDAAAAECVuAAAAAKLEDQAAAECUuAEAAACIEjcAAAAAUeIGAAAAIErcAAAAAESJGwAAAIAocQMAAAAQJW4AAAAAosQNAAAAQJS4AQAAAIgSNwAAAABR4gYAAAAgStwAAAAARIkbAAAAgChxAwAAABAlbgAAAACixA0AAABAlLgBAAAAiBI3AAAAAFEHAAD//6u/ldoAAAAGSURBVAMAbkI823x3wFMAAAAASUVORK5CYII=