iVBORw0KGgoAAAANSUhEUgAABegAAAPWCAIAAAAUBO8tAAAQAElEQVR4nOz92ZNtWX7Y9+3pjDln3vnWeGvqqp7QAEiCJAAiAFAgiNCDwjKDDiscssMP9n8jvynCfrHDDw6GLcqUPFAMWZBIsNlo9IDurp67xlt3znk4497ba++TmTerqiFKxGnFevh86iLvyTPug6cb317rt4r19fUEAAAAgPgUCQAAAABREm4AAAAAIiXcAAAAAERKuAEAAACIlHADAAAAECnhBgAAACBSwg0AAABApIQbAAAAgEgJNwAAAACREm4AAAAAIiXcAAAAAERKuAEAAACIlHADAAAAECnhBgAAACBSwg0AAABApIQbAAAAgEgJNwAAAACREm4AAAAAIiXcAAAAAERKuAEAAACIlHADAAAAECnhBgAAACBSwg0AAABApIQbAAAAgEgJNwAAAACREm4AAAAAIiXcAAAAAERKuAEAAACIlHADAAAAECnhBgAAACBSwg0AAABApIQbAAAAgEgJNwAAAACREm4AAAAAIiXcAAAAAERKuAEAAACIlHADAAAAECnhBgAAACBSwg0AAABApIQbAAAAgEgJNwAAAACREm4AAAAAIiXcAAAAAERKuAEAAACIlHADAAAAECnhBgAAACBSwg0AAABApIQbAAAAgEgJNwAAAACREm4AAAAAIiXcAAAAAERKuAEAAACIlHADAAAAECnhBgAAACBSwg0AAABApIQbAAAAgEgJNwAAAACREm4AAAAAIiXcAAAAAERKuAEAAACIlHADAAAAECnhBgAAACBSwg0AAABApIQbAAAAgEgJNwAAAACREm4AAAAAIiXcAAAAAERKuAEAAACIlHADAAAAECnhBgAAACBSwg0AAABApIQbAAAAgEgJNwAAAACREm4AAAAAIiXcAAAAAERKuAEAAACIlHADAAAAECnhBgAAACBSwg0AAABApIQbAAAAgEgJNwAAAACREm4AAAAAIiXcAAAAAERKuAEAAACIlHADAAAAECnhBgAAACBSwg0AAABApIQbAAAAgEgJNwAAAACREm4AAAAAIiXcAAAAAERKuAEAAACIlHADAAAAECnhBgAAACBSwg0AAABApIQbAAAAgEgJNwAAAACREm4AAAAAIiXcAAAAAERKuAEAAACIlHBDAgAAAMRJuAEAAACIlHADAAAAECnhBgAAACBSwg0AAABApIQbAAAAgEgJNwAAAACREm4AAAAAIiXcAAAAAERKuAEAAACIlHADAAAAECnhBgAAACBSwg0AAABApIQbAAAAgEgJNwAAAACREm4AAAAAIiXcAAAAAERKuAEAAACIlHADAAAAECnhBgAAACBSwg0AAABApIQbAAAAgEgJNwAAAACREm4AAAAAIiXcAAAAAERKuAEAAACIlHADAAAAECnhBgAAACBSwg0AAABApIQbAAAAgEgJNwAAAACREm4AAAAAIiXcAAAAAERKuAEAAACIlHADAAAAECnhBgAAACBSwg0AAABApIQbAAAAgEgJNwAAAACREm4AAAAAIiXcAAAAAERKuAEAAACIlHADAAAAECnhBgAAACBSwg0AAABApIQbAAAAgEgJNwAAAACREm4AAAAAIiXcAAAAAERKuAEAAACIlHADAAAAECnhBgAAACBSwg0AAABApIQbAAAAgEgJNwAAAACREm4AAAAAIiXcAAAAAERKuAEAAACIlHADAAAAECnhBgAAACBSwg0AAABApIQbAAAAgEgJNwAAAACREm4AAAAAIiXcAAAAAERKuAEAAACIlHADAAAAECnhBgAAACBSwg0AAABApIQbAAAAgEgJNwAAAACREm4AAAAAIiXcAAAAAERKuAEAAACIlHADAAAAECnhBgAAACBSwg0AAABApIQbAAAAgEgJNwAAAACREm4AAAAAIiXcAAAAAERKuAEAAACIlHADAAAAECnhBgAAACBSwg0AAABApIQbAAAAgEgJNwAAAACREm4AAAAAIiXcAAAAAERKuAEAAACIlHADAAAAECnhBgAAACBSwg0AAABApIQbAAAAgEgJNwAAAACREm4AAAAAIiXcAAAAAERKuAEAAACIlHADAAAAECnhBgAAACBSwg0AAABApIQbAAAAgEgJNwAAAACREm4AAAAAIiXcAAAAAERKuAEAAACIlHADAAAAECnhBgAAACBSwg0AAABApIQbAAAAgEgJNwAAAACREm4AAAAAIiXcAAAAAERKuAEAAACIlHADAAAAECnhBgAAACBSwg0AAABApIQbAAAAgEgJNwAAAACREm4AAAAAIiXcAAAAAERKuAEAAACIlHADAAAAECnhBgAAACBSwg0AAABApIQbAAAAgEgJNwAAAACREm4AAAAAIiXcAAAAAERKuAEAAACIlHADAAAAECnhBgAAACBSwg0AAABApIQbAAAAgEgJNwAAAACREm4AAAAAIiXcAAAAAERKuAEAAACIlHADAAAAECnhBgAAACBSwg0AAABApIQbAAAAgEgJNwAAAACREm4AAAAAIiXcAAAAAERKuAEAAACIlHADAAAAECnhBgAAACBSwg0AAABApIQbAAAAgEgJNwAAAACREm4AAAAAIiXcAAAAAERKuAEAAACIlHADAAAAECnhBgAAACBSwg0AAABApIQbAAAAgEgJNwAAAACREm4AAAAAIiXcAAAAAERKuAEAAACIlHADAAAAECnhBgAAACBSwg0AAABApIQbAAAAgEgJNwAAAACREm4AAAAAIiXcAAAAAERKuAEAAACIlHADAAAAECnhBgAAACBSwg0AAABApIQbAAAAgEgJNwAAAACREm4AAAAAIiXcAAAAAERKuAEAAACIlHADAAAAECnhBgAAACBSwg0AAABApIQbAAAAgEgJNwAAAACREm4AAAAAIiXcAAAAAERKuAEAAACIlHADAAAAECnhBgAAACBSwg0AAABApIQbAAAAgEgJNwAAAACREm4AAAAAIiXcAAAAAERKuAEAAACIlHADAAAAECnhBgAAACBSwg0AAABApIQbAAAAgEgJNwAAAACREm4AAAAAIiXcAAAAAERKuAEAAACIlHADAAAAECnhBgAAACBSwg0AAABApIQbAAAAgEgJNwAAAACREm4AAAAAIiXcAAAAAERKuAEAAACIlHADAAAAECnhBgAAACBSwg0AAABApIQbAAAAgEgJNwAAAACREm4AAAAAIiXcAAAAAERKuAEAAACIlHADAAAAECnhBgAAACBSwg0AAABApIQbAAAAgEgJNwAAAACREm4AAAAAIiXcAAAAAERKuAEAAACIlHADAAAAECnhBgAAACBSwg0AAABApIQbAAAAgEgJNwAAAACREm4AAAAAIiXcAAAAAERKuAEAAACIlHADAAAAECnhBgAAACBSwg0AAABApIQbAAAAgEgJNwAAAACREm4AAAAAIiXcAAAAAERKuAEAAACIlHADAAAAECnhBgAAACBSwg0AAABApIQbAAAAgEgJNwAAAACREm4AAAAAIiXcAAAAAERKuAEAAACIlHADAAAAECnhBgAAACBSwg0AAABApIQbAAAAgEgJNwAAAACREm4AAAAAIiXcAAAAAERKuAEAAACIlHADAAAAECnhBgAAACBSwg0AAABApIQbAAAAgEgJNwAAAACREm4AAAAAIiXcAAAAAERKuAEAAACIlHADAAAAECnhBgAAACBSwg0AAABApIQbAAAAgEgJNwAAAACREm4AAAAAIiXcAAAAAERKuAEAAACIlHADAAAAECnhBgAAACBSwg0AAABApIQbAAAAgEgJNwAAAACREm4AAAAAIiXcAAAAAERKuAEAAACIlHADAAAAECnhBgAAACBSwg0AAABApIQbAAAAgEgJNwAAAACREm4AAAAAIiXcAAAAAERKuAEAAACIlHADAAAAECnhBgAAACBSwg0AAABApIQbAAAAgEgJNwAAAACREm4AAAAAIiXcAAAAAERKuAEAAACIlHADAAAAECnhBgAAACBSwg0AAABApIQbAAAAgEgJNwAAAACREm4AAAAAIiXcAAAAAERKuAEAAACIlHADAAAAECnhBgAAACBSwg0AAABApIQbAAAAgEgJNwAAAACREm4AAAAAIiXcAAAAAERKuAEAAACIlHADAAAAECnhBgAAACBSwg0AAABApIQbAAAAgEgJNwAAAACREm4AAAAAIiXcAAAAAERKuAEAAACIlHADAAAAECnhBgAAACBSwg0AAABApIQbAAAAgEgJNwAAAACREm4AAAAAIiXcAAAAAERKuAEAAACIlHADAAAAECnhBgAAACBSwg0AAABApIQbAAAAgEgJNwAAAACREm4AAAAAIiXcAAAAAERKuAEAAACIlHADAAAAECnhBgAAACBSwg0AsEz/4p/8J81fdZ6maZJU4WZ7I8naRxe3z2/UWfhZhf+Cum5+XDyaZc3T68Wddd1pfyaLO9vnpO3bZXV6+blZ1tyukvae5p3Sz35c8/zL39Jq8Vf7EYvbi48Lz7q88vA+V672+VuFm+HJi4vMkufXkGTnt7/02//zBABgGYQbAGDZ2t6SXC0an2so5zfaavNLn3aRUc5DSXJ5+/w5z5PK5TOvvO0v+bjPf8T/EJ995/NrOK82bdB5/mj9P/LNAQD+rYQbAGCZFqtg2npR1VeWvbQrWM7rxmJFTFq3a22au+v0fDVN3byyPl9Tk17crhYvaiJJ+8JmwUv7sqy5JzuvOsniofTy81t1+8FZ3txTJ+cvDj/z9tEqTa+2loskdFGFkmxxM2SaenGrvcLmO9bn1aa+fIPn75MlAABLItwAAMv3mVUwC8+3L7WPNDWkCTB1eyOprj7hys+qqvI8u/qGn7udXT75M5/Z/n7lrnZNzOWLP/P0v2qRzuIaPrP36uqjV6/ns58IAPDX438RAgCWKb2i7TLNvzYuJ8Isfm2WqdTnj9ZpVjbVJrt8/eLvOkmr+vyFVdNbsnb9S3o1kQRN9MnSKk0Wf65OomnX9DSvydPn17YYW1O1f8q6vnrZn7mRfLoQna8baq+kmWWTtRu42qE24Rqe76L6ZcUKAODfmXADACzfL50NnH5+ScyV57e7qK48Wj0vIJ+ZVXx1uc0vea+LJHS+rerKR1+koiv7m6489JnLW1Shq9ef/LKRN595zuWvAABLYasUALBM1cUWpPZHs8Ooqs+XoixWprSJpD3LqWqfuQgd7Sia5oSmul2h00aQOrSbrP23StUcQHUxcvizeaX+9F3p8zdN2tU67Xycy4eaJTiLaTXPI0s7sqY5TSq5WLKzOCuqvjK7pk6e78W6+LTF17m6iypLzCcGAJZKuAEAlukzE2qaXpOe54yqqi52FaWL9TBXXlanyfOlK+nFcpmLt6oX3addMpP+D5whc7nEJj0fObyYflxf3v/f9xWunBX1+e+VXOShq0dfXZwjDgCwTMINALBkTaNpb7QnTKWLBpKnSXllGctimM1ivUwzn/iirTxfI3M+sKZaRJ323vEl0gAAEABJREFUPdMsb+rP4oCpy/6SL4JO/dmJwufx5dMnVbWfdrGIpq7zi0tNPz04+ert87VC5+/2qV1Xl4eCtxeQXa70AQBYFv+8AAB+hX7Z1N6L2PE8kTxfq9J2mcsDtuvPrHMJD+Z5c5B3evEmn28ol6OCkyuTkpPPjae53LqVXjk06vOXnXx6ik2a5ovFNVlWPH/n0I7SIlzYxaflCQDAklhxAwAsU7voZLEhqVmkcrklqWrm1zQrXJKqrNvFLKF9tM2lKTXNiJs0+asKy8WNxc92ZnBz4lRat+NzFs+s06r56PYgqsVKmcsrae5oJttUaX0x1Cbc1R4LVVb15YlXdZpcLrGpFu96PiC5fVW2uL68LU6XjWaxGii/uM72u5RVAgCwJMINALB86eeOYboaZdoTuUMvqS8nxTT5ox1Ac/VUpivDaBZravK6ledFVc0+9+Z18lcc//T8niuTa+rF3JzzpT3PlwVddqIrq3XadTdpkVyMN24uspncky8GGl+u30kW+6pyK24AgKURbgCA/4k0K1nOp8y0AaSuQkmp0mb3U1tuquxzh20/3y11cWeIJPP5tNPphZ/tsVNJvVhX80s+78o71M/TTDtFOLxs3h4mFd6jyusmtVRl2WSkPLvcA3W+JqhpMtnFLqjFjbx907zOLvZqNWdnJU3KaSboWHEDACyNcAMALNN5cKmfD6C5eiNZ5JuyapfYhDCSp+3Kl3asb4gfdQgjV498ujrFpq7LxfiYy3erF5ueLlfZNNOQF2VosfNqMeymWpwHvjjhu51oU1aLM63SZrNVs5AnxJuqCv2oObiqXVFz/v5XpudcnYlTX/xMzjdYNb9cOcHK2VIAwNIINwDAMtVVcrliZdEyqjZuZFn7a5lMZ7OyOdQ7LUIfmddZu68oz6v2Z97MCW6jzuLdmhPE0zwUmKRZzxLKTplmnfDeZVmGzFIl5eVqmnYGTbtypxlJ04ab0HHqcCu8vM6aG9ViL1SaZ+dFpk4XJ1iFblN0ikUJulyV06zVuYg1l9+ufcanvm+756q8iEfV5bcGAFgK4QYA+NXKLjJMKCDz+WzWhpss7zQjgKu6qNKi02wyytujvrNWNS/PZ9Z87gTMxXOatTlJ3u51Cp0n/Hsma9bVpHlvOEzTfD6fJk1AaXY29br9yWRycnqWF0W3uZJ5lpRZO1CnPcEqm83mvV7n8zNxLo+aulw0tLidLP5rbi8OwGqvsy1GVW2TFACwZMINALBMVwtI1k6zSS4WqoTqUS72RSVZJ+/O5/OyqsrmCZ2s0x7jfXEceFZ0yrIZP9xMvblY5ZJmSdYkk/OnlFWoP71pKDxFb1al/eHKcHVlOFi9nDHcnAyV5lWSPn345PHR8cHe/qCbleOjey/eXOuFpBPqTTWdT/v9frLYrlW3m6TaK7/YJJW0x2EtwlPabubK0mYqT1JX2WJhUNGuJKqvJJvPNyAAgH9nwg0AsGSXB0gtxr1UF6c+NUN987zbDfEl/AukWpztXdXJbB5KTVZXeZG3G5eq8Gee5UXaHD1VZ23/SRZLYJqVNVVVp2XdTKNJs3w0r85Gs6zb7xXDTn+9appKXZZl03mKfDqbP949eLR7tHcyf7J3+slH74/2nxx+5fUv3Htp2Ctms8nKytpoPB30u+ETi6Jo9ludHyzVHjp+vrLm+XSeEI7KOp1P5x9+/NEP3/3RwcHByy+99Pd++7c7xWJ/VpLYKgUALJVwAwAsUzustxk83KxPSRabiRZHgDc/zwcAtwtcFpN+j0eTf/5f/zd7B0f37t17+63Xbt281uu0E4qbdhOeXIQKk9WL5Tah19TzWXI6mTzbPajz7ngyPRzND8fljeu3+oO1QW9Sz8MTJs3pVVkWss6sKtM66XQ6s9ns4OjkJz/9eTct/8n/47+8tb35yqsvzibjL7791ssv3Q2fuLbavxhCnLbVpm5PLF8MKq7avVDhK2QnZ5Nvf+d7/59//i9+9rNfhJBUtLK883u/81vZ5fQbK24AgOURbgCAZbpcbnP1nvNTnJoisjg8uzm/u2qX4vw3f/ov/vRffX0+K7/5F9/p9btffOfN3/vtv3Pv3itrK4N52YwT7hSh3czqMvyXlFWyf3z26OnBz9//+P6jpw+ePBmsbvbWNr/WHYR8crx/0EvyTp4vVukkTbWps0F/+9r1qs6ODw+vXbtxtPf08bPDbqf34BvfTqr57t7h3fdvrg77X/riF1564VaIMEWehxZzPrnm/KjvPCScs7Pxn339G//Ff/nPP/jo/mxWts8KTwuPzL/7vR/87t/5rTSrbZICAJZOuAEAlqpanLTdnq+ULk7KTtq/nx8NnpxnkWQ2L3/wgx+MzsZlWU6n05OT5E//2z/7829+5803X//DP/h7v/6VLw272Ww2C4lkMp8/eby3e3j8dP/o8GTy848fv//xg6989Wu7Bwc3rl37B3/4+/sff/Dwg/cffPDBH/3hH83ak57+q//XP/u13/wbt954o7O68ubrL45HJ2X5lQf3P5lOxtd3Nr/3l9/qFukHD5789L0PtzbWiv7Ks92Duzev37l9vZmTnJ63p/BtJtPym9/69j/5v//TH//kZ3WZtL0mVJq63+l0u73JfHa4vx+aUt2cO+5fVgDAkvnnBQCwTJ9fdbLoNZeTX5qxNWl70lRWz8rp8fFxqDZ1VXU7ndl8Xs3rs9H0e9//4c9//vPf+OqX/v0//uPbd24mWXVyerZ7PPr//tf/8ng0PT6bvPnOV1eORl/66lf7/d5vfO2rm6uD9ZdfWusX737nL0fTSZ3lz5483j84euGlu9s3r807RZ5mL7xwJ1zCbDQ5unv36cP74+nk6GhyOpru7Oxs33rh3R+/n8xHX37nrVlV3r19czjst2dgzX/68/f+6X/+X3z9G98K+aYdldx8xSLNhsNh+C1EpbpNTle/uHU3AMASCTcAwDKl2WI672JtTXOCVJpki2rTFI0sb0YON/mmySDh/mbqTbivWcJSZ1kWfm2Omirr43L09W9+9xe/+PDLX/7ya2+8cXo2+f5PfvHiK6+9+6++Hl754ksv/S/+l//49u2b3U6ehU8sq2zQu/nqvf/of/+/Ozo4nM3K26+99r/92leHa6tVnpVJfTaZjkejH3znuz/+0Y/evPfyw4/fOzxogtGLL73y6quvPn369JP791cH/b2D4/sPHn/pnbdWh4PDw8Pvfu/7/92/+teno7MyXHLV1KZut+h0OiHclGXV6fY6ve54PG7PpUqas6ZUGwBg2YQbAGDJmnhR/7I7m15TLopOu+Sm6nb7g9WVeu+43+s3R2qPx2leZFXVTghOJtPy8GTygx/9/KfvfzyaVfsn4we7p/+z//Afvfn2F9754he6eRtsZmWVLEYI19OyzIar3SpNR+Ni2Cs73XFdddI8vN/x8em7P/jRP/3P/rON1ZX9p49C8fmjP/qjlZW16XT+wx/9qCiKrZ2bk/H4yf5ZWX9ycHhazqYPHt5/9PjpyWgynzd1KS3SXqfb7w9XBv3w/PXV1WF/MJlMptMnd+7cyrNOkpSqDQCwdMINALB8iyOWqvaEpvY8qXRxmnazSSqpz9fkJFmnk7127429vbO03XZUDAadZt1KVpblfD7vFZ2NjbWi6Izndae/8ptf/I1XXrv3N//Wb7700gvhDcr5NASUsj2pal5V0+lsPqvKybyal6HlzGZlnc/LuiqbATv5cLD65ptv/cEf/v0//8a/efDoYbj/7/7dvxsee++9D7Z2bmRFZ3t7u5zNJ6PT+Ww8LtPpLFx7L1Sa09G41+v0+/1ut7u6sr7Y77W+vr4yHG6srj15/DD8+sW337m6T0q8AQCWSLgBAJZvsQRm8bNNGRfngrdjifMkrdKkrsIT8l6nEzrI1tbO2vrmPA05pjo4OAomk0mvW2ytr3f6vbw32L555+0vf/XXfv1r21ur85Bs8jzNsjTJx5Oz8LMKkvrk+HRyfNpJs9HJ8erqsFOudleH9awsk+rho6f/9D//Z/Px6NatG9e2NtfWV3747o83Nja63V5RzCaz6f7eYUgz+4en4dOG+WCw2js6bFbb9HvDEIaS5oiqEIPm16/d7PeHJydHa+sbk9E4fOzO9tYXv/jF5kipWrQBAJZPuAEAlqrd5VS2e6WaGTbNGpXy4izw80er5rDu5tdQRL74zpt/+t/9Wac7TLvDbrff6Q1u3t549bVhqDOT0WkzVbjbm1dZd7hy+84LvV4vhKCyrMty3gwGDrWkLof9lVCKDvYPj/cPRrt75ej04UfvvfzqvdU7d9fzzjzJO71uOa/H4/FffvvPq+nkrbfe2t7cun9y/+nTp3neOTg8WltbK6vwfmloN51OUTd7rea9ldXtneujs5PFxYcI1c17ISeFi/zqr/+Ns7OT/dHD2WzytV//0vrqoPlCi/Oz2jqVAAAsiXADACzZeaa56B3JlbU2F/c3t7O6WYfz5muv3b19IymKbn84GKycno2zojrb3R+PTo+ODqbjs5BsNq/fGmxd++53vzuZjl5/7ZUizY6OjlbW18L75HkxL+vRaHR8fDI+Gx3tP/uLf/UvH3383ouv3vut3//jrDPol+XJ2dnRyfH+/n6oSCH9/OB73+90Onfv3t3Z2VlfX9/Z2QofnubFZDYPXWbQ686n01CGkt6gP1wt6zQ8ud/vr6ysJWUVLjG8Q5Lmd+68MDk96h72fuu3/mZetCN7QkbK2mRTJwAAyyLcAABL1c60uawzyXnKqIv2bKmqfUpVN0+o2oizstr76le//G++9e5aVQ3X1jev3zw7OxudnoZGk+d5p99bWVlZX98Irl27FjrLbFqezca9wUqWNv+MGU+mB2fHaVVPTs+ePbz/jf/ff/WT7/9l6CefPH5U5b3fHfzxZn63t7r+0Qcfn56ebqxvTcZnoSWV8+nhwV6vm/3g+9+ZTGY3b7+YtJcXFEW2vrYWSk1INIPB7clsGi5y59qNtdXNoiiqqgpFqUqT6XR6cnKyujp8863X67SNUmmetd+2zhIAgGXJm//VCABgSf7X//hPFudGLX5NL7UZpy02aX0xxLf9v2Rr+9q3vv297Ws3Xnjp1cFwpZzNxuPTLKk7eT0c9De2dm7evlN0O2U5r8pydHI67A/Cr5PJ5ODgoCqr2XhSz+YPP/zge3/xje9/6xt5Ng+Ppnn+8MEnJyenIfHkedHt9UZno26/d217p67n1XxelrNqNj86PDw8OhyNxiHKpKEu5dl0Op6MRuGDjo+PT0/Pjk9Onj179vjRk6pK+iurd2/fHQwG/X735Gj/4Scf/f4f/O5Xv/LF8MI0K7KkmXOziFb/h//0/5IAACyDcAMALNP/5h//+02MaQvG+dKbevEj/KmuBJsku/jZH/Q/eP/+Rx/dzzud0enpg48/uP/hL54+fvDkycPT0+P9vb0f/ehHDz7++MmDB/Vstra+Gl5XNMNvwtM7+zmdLeYAABAASURBVM/2jp7t7T588NPvfeubf/anSTJvl/KET67m5ezRw0/ms1kIPb3+4Oadu8+ePQ3R5dr163VSP3v6+OatWzvXrj15ujudjGfTcRbeMUtn01mWVJPxaFbO5vN5pygmZ2flLPw4q6bT3b2nd2/fXhkMfvbTH3aK6j/+j/+jQb/bjElebJJqv1r4Rv/Jf/p/TgAAlsFWKQDgV+XqKUvNQps6uboS53wWTFqHXPLbf/s3fvyz/9vjj98fz2Z7T5+Vs1mZTNO6TKp8Nq3yOp2Mjne2N5O67OTp+srqsydP19fXd3f3y/H0ZP/Z+z9699vf+LO6moVck+SLmch1Wld1WX/vm99Ik+y1d76ysrUdXvj++++vr63eu3dvNj0Lt8PTvvLlLz99+vjjjz8ej8erq6vXtrYXW6KyTlFXaWg34YOODg57eTY+Ox70uu/9/CftyOXyH/7Df7C5td6MWm5mJNdJltTNLqnKjBsAYImEGwBgmdLnE17qxYSbtCkai5hx/li7POX80SBPk9fuvXxtc/WDj37e666sDfuzWX42no2nZZ7nZ6ej8XQyr9LTs7NXX7u3Oly5//GHa2tru48f9buDZ0e7H/3kBx+/95PDg90Qg/I8LdsDyBefWFXzEG+ePb7/yYP7b33pKy+98fZ0PKmT6vBgf2tzZ3w2evz48QcfvNfpdN78wlu/+NnPz85OniXVjRs3sqIIyWZ1ZT1rpytXq+W1a9eLNJuPT/efnoU3v3Zj43d+53eKTq+q50lVZlX4vKr9UBNuAIBlEm4AgGVq1qpkn40X4Z667SlX77zMK0F/UPzDP/6D/+P/6f+6tjKoyiTvd0eTZlfV8dnps2d7ZV31h2uvv/76xsbGX37321tbW9PJqJsX4/2Dn/zldz/42btHe7tlUFWdIsuKPLxxuIzFVJ2qTp88uH82nX744fu/9reevvzam4vjpULkuXP3xd3d/dHo9Pj4+OHjR194863F3JyTs9P11Y3+YKU3GPZ6vWoePr85W6qezwb9bqeT7x/t/gf/wf9qfWOtrsvmiPM6D8/J66pdiVMtjjwHAFgK/6MQALBMaZI1Z0e1I23O72o2LSWXt9PLf36k9fnynLR5xpe/+M6v/dpXqmo+XBvOq7rfH66vb85n1fa163dffOULb3+x2x88uP/xdHQ2H5/Vs0k5GX3ywc9//qPvffD+L47PjpvTxbM0JJaQbxZ/mt7SfFx1eLQ/G43yZPb9b/3Z+z/+7vb62uHBwe07L/zwxz/56q/9eq83WF1d7Xd7H3/8ydnZ+PU33hoM18eTMku70+m0KIr19fV+vx+aTug7R0cHR8f7f/zHf//Xf+OrWRHiT5al4a80PC3Jm9U5WXOXf18BAEvjHxYAwJJ9ZrRN0qxJ+exym8+9pu5083/4J3+UpOXTZ4/rujlB6uzs7PT0dD6fNz0kTQe97uNHj8K7dPOik6enR/sHu48n4+bU8CbZhFJTV7NmqU0jfGK5uJ00f83KaT2fpeXs5z/8wYOP3u/kWWgxL7/62icPH4SCM53Ow68h34QLee+9D3q93p27L66urzXLbaqq6PS2rl2fzmaj6ejk7PTo6Og3fjPkns7leVmLg8mzLLSboo03/n0FACyNf1gAAL8Sl0dJtSdHpb/00bqd5NtsaWqX59y8vrW22p9MxmVZhieMx+MQZY6Pj0ejsyePH86m083NzeFw2JSaqh6dnqbttOPprDwbTSbz5hSocHvcHAbVBJuyPT+8uWfe/Dkejc/OxlmS/vjd758c7oYnhU/c3d3d3t7udrvhJfv7++HOfr/76MHDD97/2e6zJyEG9fr94erKxvbWvbfeGK6uhb6zs7MTLqkdfhz+IZUuSk2Wd9KsaP4UnabgAAAsiX9YAADLd/X0qDTN2lk29eU9ddJOg6nPb5/fX1d1NZ+Nx6vD/ng6TrJ8PJseHB12u/3FiJy9vb2QbDppsjYchsIym0yPDg5D3OkPB8dnpyHXzKoyT7IyS+dpE2Xqiwk64e95e85UnhfHpyfV8UnIK8dHB+FNXmjOCH+2tr5eHR6G7LK3f7g2rxaLfeZlfXB4+P5HH1+/dmNzfX1jY3372rW9pw9Dx3nxxRcXK23Oj69Kz2+cDydOywQAYEmEGwBgmdqxNfXi5O+LojG/2nHauvF8/1T7QNW+LO3kxRe+8IW/+M4Pp9Ozo5P946PT4XD15u074ZkbGxvdbjdkmqOjo9lsdno8n07H83IWCsvj/d286FTNO6Xz8E5JVaRpiDiLbNMsz2lHFNd1NZpOwp8sLQaj0d6z3Xo2f/jw4crKyu27L5ycjQbD/srq5rScpmXZKarZrBysDMJljUajfrMkZ761ufb6G2+98/brzbFTyfmhWG2VqpMqfT5ruTKcGABYGuEGAFiypsgkf+Vom8WxU+dZp4kcz59wNppMy/JsMgmvX1lfm9XJYGV9MBiEXnP//v1bt26t9AdbW1sh1myuNfNo2mUvWafbmzSrbZL2t6yq57O6Lqv2KpKkrMo8T9vb2bxszhcvy7Ku5gd7zwYra92ic3x8fOvO7bzTbIoK2WelWAuvnE6ndRU+fTgYrMwm4/BryEaHR0f3Xn3xT/7kT7I0T9PqPDyFT6yq9OLYrOZnJtwAAEsj3AAAS9b2iypdHBmVLrZN1cn5XJuknQhzvjjlou+EB9KQbH788/d//v7HaTMjph6djTY2NtK8+/Dhw/Cca9d29nefHWbZrZs3ymo2m4zqspxMp5PJpIksSZZkVWg0ZZmc71lqVsJUyeWonWpxrlW1mB0cHt999uTFtdXR+LTo9H74wx++8fpb7334UZ4V9bheWVnpFN2QeMJT9/d3N9e3ytnk7Oz06HD3J/1sb29va2MlyfIsZKdqfnmieXq570u3AQCWR7gBAJZvsaYm+fQJU5cuY8fCIuicjSZf/zffnEzL0ESSrOwN+nt7B2ur66urq9vbW7u7u6HRDAaDBw8ehGrz8u3bixU1Ia80h3KnaTvmuBlI3Kx4SbNZWYcHyrYJ5XUz6jip6svzno4PD/Le4GB3bzabjSezskqKohj0h91u9+Tk5PT0tCi64W0HvV7WZJiq08hCLgoV6ejk+FPfog7v2Qy1aVYSaTYAwLI5VQoAWKZmmUudXqaZdgjx+fFSzdiZ9v7mxuJpVcgpdVlVo8n429/+7g9/+ovRrErzzulofHR0sphrk9XJwcFhkDTjZk6fPn16fHByNp6GYpKlebfTaTZcNQtqsmaVTZqFchOqTdXOuwk/yzqZVnV7T1N66vpionBVhWoT3mQ2K0PQ+eCDD15//fWz8Wh9c6Pb75Xl7PT0ePfps1CCRqenVVWGK7l798Xt7WvhAtrjxstmNM/5F2x3S6Vps7KnPX08AQBYEituAIDlWyy0uRz7klxZg3P10cunh8c/uv/g9ORs5+b24dFxmmRbW1uTyeRkdHJ2djaZz65fvx6eN+h186wYl/PZvNrYWO/1ep2i22SYrJllUzc5KDSUMvSaxT6puqqb/UuLj2jOpkqbzVTtVqlQbUajZjdWdXiUXpxaFe7c39/rFEWWp/Oy7Obds5PjEGLKWXPUeMgyt69f+/jDj6azSTctFm98cZjU869j1Q0AsETCDQCwVKFntHuk2mpTL2a/JM2Qm2oxbqb5ed48mvtDzwnJZTqeHO0fhBBzdHRwdHyS5/mTZ89OTk5CMNnY2ry+fWswWOn3++2Wpc6LL7x47803snJ2uPss3N9ugGqWucybecF1uxzmvKF0sqzTKUKsmZV1s+amTDp5mrfXFpLNaFYeHx8PBr1QesKrHj9+/PJLL/7oR+8WaRZesrq6enp8tLm5WRTF0dFRlicnJwedtDo8bM4gL7JBchFrLuNUmtUJAMBS2SoFACzT1aE2n1mK8vk7F8tVQjQ5Ozvb3d0NvWY6nY5Go2Y/1PFxp9O9efvWcLCad7qb21tpVpyMJ1l3cO3OnWu3bj/bO9y5duvO3ReTrOkmIbXM5/Nwa9jtDHq98HNtMNxaW7uzfX29PyyauNNsaJrPqzTJh8Ph+tZW6C9n41GIMpPJpF21U+dJvbm2vro2XBkOw9eYzSYnJ0ehCg2H/fDms+n05PQ4S6pyNp/OxrPZrKxm1bwMP5vtXvU83E6q+jPfFwDgr8OKGwBgqdp1NIv9Qmmaf/r+Zq3N+ZnZ7UDiywOnut3uzs7Oo/2zTqcTbowm0/BQURS9/jAEl9Fk/MnDh51Ob2Njq7eysr6xXQxXX3jltfr05M7ZqPjzf1PW9Wk1De+7tbKytjKczOYh0fQ6/c3VtWsbWw+KxyfjB/OymU48r5pBwsPVtRdfeuXDB0+zZhRynmb1vJyG8vL+B7+4c+fO48ePwzUVnc61a9f29vYePHiwtbU16PdXhrdGx4e7u0+n03GnqNLmUPA6C/+Vofjk4e88Sdu3BwBYGuEGAPifyOK87PNq8+l7er1eqCT1zz6azkNaSQeDZiNSqDZF0T05O11dXw9350V3Y2fnxs3b9956Y3ttY6XbP3j06M7dWQg6k/ksaQ91euHm7a31jeOz07Isu0Xv2s7Orc2dtC7uP342rSZ11Z4TnhU3b9xJsm5Vp2vrm0WvWxTZydFBOZufnZ1kWXJ6Olpb3ciy7OTkZLFVKtwIr9xaX9ve3g5lpzmhal42B443B0qVaZU2/1el87/iFC0AgH9nwg0AsEyLWTZ18yO9svimsTh6KblyX9tR0jzPsyKvs3RWNuljMpmkRX7t+s3pvNn9lGTFdDrvdPvrW1vDlbWv/NpXB2urWa+ztr05H09WBv319fXJZFRkeScvbm/f3t7amlZVeKtup78+XNkcriZ15zs/+WE6OwufN+gN+4PVV159bffgaG1rJxSicEnNy7vDaXUSfj07Ob1969aTJ89CJ9rc3D46Pdkart15YafZjTUdhV4UUk5Wt4dHPR9w0ywlCt88tJ6qqrUbAGCJhBsA4Ffl6uKa5NNHTV19Tgg649H02bPdw8PDSZl1im6SZE+e7fZ7w6d7uzs7O5PZdLi+sba++eLLr2xsb/Ua3TSvhutr1aTzzpe+/O2/GFdpEjrO9a2d9dWNuuhM6+aQ79XeYJB0+jeHa8PVg7OTOin73V7IMV/+2m/+629/Z+fmrfBBRVH0Z5P+6VFVru/vPp6fnT5+/LjT6YULOzk5unHz1t7u/mg0aj6zSOez8vT4ZDaddrLQaYoka+cvZ2mWtJWqqhcDdxIAgCURbgCApWqPVrpcUXM50aZulqTUzdSb5mipdq3K4mipKplO5wcHR/Oy3r5+Y1blVUguRSfNssm8vH377tHRUV4Up6dnj548vvvKS2lVFlmap1nRywYr/dNy9nf+7t+7/+H9PE/3x09Xhytr/dVplvWK5mSoXqffS9Ki23n57ssPnz0JRaXX7d64ebtKs8Ha+tuvvHZ6NllbWzs+Ovjpj98tT0/7w/U8z89OjodiVEtNAAAQAElEQVTD4Vlweny4n6+trE8mk6Qqw8XP5/OLscplVrcLi0KuKZso1fyps7q23AYAWCbhBgBYvsWamsufTbVJk8VA4s8/Le8U6+urd27f/OTJ3sHJZLA6SLNuXnSHaTKbl1vbOxvbWzvXr33xS1955513trbX8zTpFEVSVkWz7iZ79c03b965m+fl5Ohk2BkMev1hr1cV2Xg8Dg2pnM6KNHvrtde/871vJ53OzRu37rz40mC48of/3t+vimJWJiEMffe739u+fuu0c5DMV0dnxyHN7O/vbqyvN/Nujo86Re/gYG88Gq0Muy/duZU2u6TKtG6O5mx3SaWLQzrblTbh/vBfngAALIlwAwAs38W6k+YkqTS7uluqvnI7bScV10WRra2v/O2/9euD4epf/OW7D58eTOajOsmGzd6oV2/curm5vXXvjddv7GxvbK5nSVuBQjrJ0mbHVK+30l/59b/xmz97Nz97utsv8qyq+/3utKzyXn82mlRlOTo5vrt98/r6ziSZrq+vv/Lqa7dffGHjxk5S5Gman01DHaofPXp0erC/9+TJz370vfmsCnZ3n4aitLe3t79/2O12p9NpNyu31wdvv/VaJ0/Lusrrsg1Pi/1fl2OJr35FAIC/LuEGAPhVeb7i5mLsy2Lb1HnjWEzzbYYZJ4Ne98b1nTQpP3zv55OqKAZrm1vXr926NRgM3v/wg2vjs50b11964XZ4WpamZTlLF69N67zbCR/wxhfe+uBnP2oG05RVNZ/V87LX74+n07STZ/NiNq3SafXGy6/tTw/DBVy/dXN1fa1bFHmvCTfNcVHb60+fPv3wo/tHe7v94WqepfsHu+F91rqd119/fTYtV1fXwzUPOtm1nZ2tzfUipKYsufxGl9/x4meVAAAsiXADAPxqnVebqr5cenMeOxa7i9rYMSun8/n09s3rq2vDh+8/miVHj5487Xz4UZLnL7/6SqglSTU72Nsdn55sbW2t9HvVvGzeMM9C2ann9cuv3NvauXb9+s1yVqV5Oq+SfrcX8kra6VZZp56fdIr+22++/YP33+1tbb7w4ov9fq/ohKtprmhl0L330t1Qgh59/NF7P/3xbDre3Fh57c13pmeno7Ojk6PTlZWV6XiSFZ17L734yquv5UW3qqq8mUf8fNByfXWaj+HEAMDyCDcAwK/K1ZzxmZOkkqbktNWjfShL89BZVleHr7z4UpWt9FY319a3815/sL72e7/3e1/5ypfDQ83GpqqcTufT6TS8/Pzs7TybzWad/vBrv/Gb93/0i/DQ6mA173SLfr8/7IdPmByedLqDtU54q9Xvvf+Tja3tbrfbfGKW5Xm4tipLsrVh7+6ta3fv3nrny18qZ80R408eP5xOJmUVck0vlJqyLNdWVkajUXMm+HQ6m4Vr6VwMt/nlp2UBACyFcAMALNNiam9yvknqfBvRlUeT9tTsum03WXPsVLPpKQn9JfSUV1555U/+5I//23/97dNZmnZXbty589Vf/417915ZGfZ7eZKlVRLaTTdLk2w6acbQJMnigKfmKKcvvP3FH7zx5sn7D6os37h2o7Ox3l0dhuesrG1MD0+mTw+yohsyzNvvfGVlbTUt8rw9/irUmypNyrq6tr32D/743/vt3/2dh588+vEPf3B6ejo6OQ1XHmJNp7vy0u1bVTlbX++98fqr62vD0JiaL1MtwlNzASEDLb5RaEnZ5TYqAIC/Nv+wAACW7LLUXJyc/amtQyGmtN2mrsrmIO321+b5oXd0u8W9V1/52le/Uk4nz549W11d7fV609lkOp22mSY8J80W+63S8PtiOU/Z/JbkdV783h/+QXc42NrZ7ve7W2urW/3ueie/s7OzNuiHp52NTvJef+fmjbzbCc2mOeqqPcs7T+pep+gU2Wh08v3v/+V7H7z/zW9958GDB5s726+8eu+tL7y9tbNzdHQUrvXlF1946YU7w363yNLPfMfF5Z2vMKqsuwEAlsaKGwBgmeq0amtN9pm9Uef7iRYHgrdnMNWLxFM3e6nm87JoRv42QeSNe3cPjo7T4dadV15Lk+r48GgyOpuur26tr3U7eZpmeZ7P5uOQcbrdbig71Xxa1tV0Ort15+7v/9Hfv//z97dX+8dPH3796//68ODg7Xe+cuv23evbG1VRvXLv5a2trWaBT5qWSV1WZdG8W/O/Y4VstL25+bd/62++//GD8Ov/+5/9Pz++/2BtZTVEmqSqN1YHvaIO1WZ1ddhec/18F1i75Kb5ks2ur6r9agkAwLIINwDAr0TdnpZ9dfLL5QFMi1+LTtYuvGkGzTSDhM/vr4aD/p3bN45m6XR8luWhh5SD/sZ4PN4vq5WVwcqwH8JN6DWTyawsyywrqmoebpwcn5Z1/fWv/8vxweF4cvzJ/Y/27j+czWbf/saf7dy6k6+sPTw8+Gj34d/4/d+tqupTu7fSdNYo5/NqPJ6srKy88PIL/+E/+kcfffDB2cnpbDJO5rMirb74hVdfffXldktUlX76GKnk09vBDCcGAJZIuAEAlukiZFxuHWp+Sz49u/ey0TT7nppVNs/3bodfOp1se3tzfjiZz6ajo3m+ujrKs36/Px2NQycp8rTb7YbQMx5PQ69J05Bx8mYRTZYUdTI6O3hw/73dZ5+E98l7xWh2Vs+rfjJ99wffmYWn9btZkRfdTpYtFs3UdVaXZV3Nq0kzijgpp7M8qa9v78zGk+5wJcmKYffa5PQoLWdbOzurayuLK2/W1YSXNvu1qsVEm8tNYe0TygQAYEmEGwBgma6eJNUOD07/bcctVZdlp/21Oe9pOOitzbPxvCrn9f7TJ6PTXsg0/eFqv3+vWlnEnSA/OTkbDPI0z0LBGR0fHe7uluX08Ojp7l41GK6urG5M0urp3rMv/c7f2XnjzT/75jc3rm2nWXExSLixuL2YUDObzfqD3vHuXrc3ePHFF8On7O/u9bvdYe+lajq+cWMrBKM6qZJfdvi3s8ABgF8R4QYAWKqqPTgqaWpM/elTpT7ddH6pLGsmyFQr/d7RaDar6jxPxtXswcdPwiMvDIej07P5xlraHBBV5Xk+LefTk+Nhd1glZVYnJ8cHW9tr49n4yd5e9Szv9FfSvLh26/obb7/x9b9492w8/kf/4I93bt64DDfhHRZXdTo+HU2mK8O1oujevnljd/9gPBq9/NILd+/cSsp5uNaVXr7aTRanRdV1mYUaFb5mVtfPzwLPfum2KQCAvybhBgBYpqsrUBZHZV8e2r0oJlfbzWKr0edSTtWM+51Pz45ORuPp2dn4zp07b7z1Vt4Emvr0dBSCy8qwGRI8n8+n0/lKb+Xk6LSTF8+ePEuTzosvvLKysnM2na5t3njrS++sbm+Op+Vbb3/htS9+8dd+/Wvj+TQ0lvlslrbmVRpCT94pVop8NpssThbf2do87XbG43Gv0+murA56/U4y69XTLJ0lVVkn4U8efqbJ+Sap9lDwKoQgi24AgKUTbgCAZWpO6W73PrWnLy3uu/jr0zuMFunkIus0T0jTqu08dZFl3U5az2fd/vDuK6/v3LjeHa6WZT0dn00mk/Fseisrut1++DOZHC/e/Ojo6OR4vNbbfOu1r60OVvqra4P1nfVrO2WRHc/Gvbz68pe/OC1n/UG3XSYT4k8zoWbcHjQ+nU+afVL9YafbrMHJs86gtxWusCzL2XRcTs56vSzPQvCpsmYycbOxKm1yU3sSefNd2isI9SZrBi1bcQMALJFwAwAs02fWm3xmA9EvXXfzeU0xGU82NjY2b724urEznc92d/fDr6HdhHxyenq6XzS/DofDk5OTo+OD1f4gxJ7XvvjO6aPdaXEym8yGnZXQekazamVjY7u7NdwaNvu26rLOuqHUhGxTFFm4Ea5hPB6fjk5WV1d7vd58Pg8FZzBI8rRotkSlyaDbyXrdtJyl1SQ9PwU8fJmqXU70qaHLbcfJE6dKAQBLJdwAAMuUtituzicOp4shMGldVVmeL9bVNNNh6nSxiyrNmnUsSTvBuHna+dqcrDknqtOdjcpmOPH+fogp3X4vJJrJZBLyytb6xul4NC3nq6vr3W736OCwt9PdvHn9sNMts2Jc5E/uf/L48f3u8W5nMNwpb65sb24OkrX++nBlmCyG1DTX2PSjoijyPN1c3whv254SVQ96/TzNknKepc2Y5KpdQRMqTzIvqnpeJIurTRaLhC5r1GW7uTr5GADgr0+4AQCWaXHK9mL+y+UmqeQz61DqK3eWdZJdbKqqF9Wnns/nz57u5cONNA+P5d1uM84mPNDv9zudTnhV+DmdTk9PTweD3slh/fjpo62tnY3rO73B6mB7a+XaZjmdjabTnevXVjc31rY2u/1up9+bLd6kKEKmGc+mIS+FarO+vh7erZ2YU4UbSbvep1gcMR6STSc0mzSvmuvM68Xqoc8uF7p6e3FAFQDAsgg3AMBSlVXbNeZpc0LU+UqU8FeVNPdni7UqzSqbNG8m+ra7qOp2sc2ifYQbVTUajR8+fLi6U2e9lZ2bt7rdYacZY9yUlNBrsixbW1tLBsMyqcOvRVE0i3FG4+vXr6fdbj1Le1sb4ZnDul7f3Mg6xTyvO1k6K+d1XYY0E54fPq8IbSkrmlE3WTPLJqmanVPhRla385Kbq2iG4JTzaZbUnWTWrcONeRqed76OKLv8xv+2o7IAAP7dCTcAwDJV5WyRbEL1SNN8MdSmiRpVO3w4XWw1Sp/fTs+nGDcVpxnt23Se2ax8/PTZNB9u37wbXt4NBv08qWftaVChvMzn87a5NLuZtrY2ynJ2fHT09Nnjza2dEHnWNtfDE6qqTvK02+8mbbWZjsaDwaDXbfZGLdbsNOOFq1kv7+ZFFp7Q7xRJv5sn51fVfJd6Ph0n5WQSOk7WXGPV3Ndu6PrMJqnkyvieBABgeYQbAGCZ8maITbkIMkmzCyr8LNuBN0k7yiYJdeN8nU19cSRTG2+qelFDsnlVP9s/uvPivdsv3Vvf3A7PD70lz7Nm0k23GS0cbozH4+Z2c8JTdXp6GnLJfD4NAWZv92mzGGc+KZsMlCZ5liTnxzytrA6Gg14naw6UCq8qOllTlOpeuB1e21x5kbb5pZlYHIpQuz4oD32nk+V1mVXTWZk0IWrxVdpkc+U48FZVtedM1ZbeAABLI9wAAMtUVrN2q1FzvlJWl02ayfLLdShXjgMv297RlJrkMn80S2DKs1G1f3x27dadzWvXQzap5uXJycnFFqdmuU2wuroaXjWryvl8Puh2QsdZXRnsPnk6n0wOdp+djkfh0U53GBrNcG11Y2sz1Jz11ZVer1fPy7I5m6oenY4Xo23yvJN3iry9vMVuqctDr7IkvEGeZe0ZU/UkmZZ1mlxWmSsziZ8fm9V+SYtuAIClEW4AgGVa9Iu0Whyb3Waaqjy/M/zenCZ18Zz295B62gU37aCb5rnJ2XR2Np3f2N7pD1eaOcHdbig1yfm6nFBu2teUs2YwTagzhyh/UgAAEABJREFUWVbW2XA4bBNMPmr1hv2qqjvNtqjuxsbG2ubGYDDo9opOJ0/ypiQVRZYlnWYzVbMCKFxR3q7ZmYefzQ6s9rLbrV7NNzpfZJPmdZqF1y4uuP2udXI5hrkZ0nPea7LEihsAYGmEGwBgmdK8k54PJc7S51Ns6vbXEGfyJKma2b9ZO5y4aTfNPeFlaTM/pgq39o9Gm9duDtc3wlt1u51qNj89PQ1pZjqdTiaTEG5CstlcWw81J7SVbrebhXZTliG4rK2vzCbhWdPZbLpYzjNcXel0Os1R31mTVxbbsfKsmZEcIkwoNNOyDM8P+aVsMk2TfpoRNhdLaWazZvVQlmdV2aztyS++Y9VMSs7aQcvh0uuLoctJdR56ygQAYEmEGwBgmfKif6XXXA76rRaB5jzcpIuDmdohMXkRSkeW5FUzDKcaT6txmV9/4ZXB6lpedEPLSUO8yZrjwBdngVfVvB2IMw/lpNPNszzJQgUqsiLvhuDS7/ba48hD/wmfUoTnhBd28nbfVnu7rTzz9uCrZllNkYYu05wt1Xx6q2yW2jRHR2VNx2kusEqSTqfIZlk9qZKmOaX5IgO133exWaq83F2VZVWSJQAASyLcAADLlBXNipv2iO+0XYxyfnD25QiYPCmen8SUtQWnXZsTboV8U+fVeJYcj6adybybpL1OtzmBO2s2Q7XjZrI8D+2m6nQ7ZXk+rSbEnUG3l3aaOlMvjhuv6zwkmTpbrJ3J2vU24ca8STDNC6uL9TX5xYSdtiq1a22aXVhVyDZFUSymKDfHYSUhBWVpeNO6ak42T55PsbkSp5LFqVKL1T0AAEsh3AAAS5Ut1qI0m6Ca1SlNmmmX3rStJlSUqmrObFo8N138d95x0nlVv//BRz/+6ceDx3s3bt958+03B71+kedFm1EWM4CzhXAjb/4Z06zE6fZCc8nbFtN+VFacB5Rmck07Hud891Ov02muLrz6orBUzZibuloc5t2sBko6zXKa4nQ0ns1mofI0cac5bCrLim5Vl2kznnjexpyLQ8EvRxJfDO4BAFgi/4sQALBMlwdIJVcPWroqS68+euU52XRWfXT/k8OD4431rbfeeXtra6fX6/X7/cWQmub07jQNPaWdIpwultKEtrL4xLpdCXN5zNOVI7qbyLJYC7M4NOryOhcLdhZjiZO2AS1eGN5zbbgS7plMJs3HhbgT+kynVydZ3cziydNmPE4zLCd8l+xCekUCALAkVtwAAMvU7oy6GP/yqTRzfrvpLFn7M11MilmEniwElv3D06Pj0XBtfTovHz18ktRZ//pWk1qaRS9NL2nWyKSd8B7tOpmQT9rJwe05VXU73LjZ9HTZTerwSB2ecHkZl8t2gnm7Qqc9VSrL86bvVM1s5Ko5Vqq91NXBcFrOQ7ipqqzKmnU4ZZon9bxpNYsDspLqc40mU20AgOUSbgCAZfrcOprzOxcnbS+WtCxOZbp42mKsb1Il2Yf3H8yrfDhYmUwmTx4+uX79+mQ6z/rd+bSs67JoXn6+TambN7ucQk3pdou6nU3TnvLUrKJZTEVut1Oli0K0kFxZDdSMuTm/Z3Fn3Tad5qFmVU5Sh3azuODqXIg7ebe/Oj0u50lapPN2aE64nvLK97WQGQBYPuEGAFimejHL5nMFZ7FZaXH74s7qYlVOVtXJ/UdP3v/40XhSPnjyYX917frNOz/+cefWrVt3Xrg9HPSaTVLT2XQ6zdNkc2MtbebSNK+etSdEZXmy2PdUNIc6NZ/epprQecInNiEmTfLkfMJOVc/b2pK1a20uNjctMtBiNVB4ZtkcHN4s9Mm7nardUBV+huucZ73x5Hi9l3aaJnQ1T10JVbWCAwAsjXADACxZ2u5l+szhSou1NldrzmX2KKtqPE12945W1jZn9Ti0k7Px5OnjR2mWTWfzk/Ho7t27RZb0+91Bv9/rFFXdpJpOc7B3HTpMt5uX85BVysWw4cW4mcVom6SJQ81ynrpdpzMrZ5PJJE+zXtEpFqdfXSzDWXSl9jjw+aLyJO2im8VDi6dNq/RsXh7sHnd2Bt1Bp92KlSVpu2FqEWvSKgEAWCrhBgBYpmwxtabdG/X5TPOZZLPYKpUk+Wg22907/OSTT37x3gfdbjd0mDotDg8P7541jk9PX375pd5wEErJbBbySz0c9OZlVSZleHJoNEVRpIvVM+3Wp3bRTZqlTYuZTMZpnuXt3qk8z4bDQXhOe1ZUukg84TIms1l20ZmKtLjSmNJ2rU0Tg8qkPbk866ZFMatC32km7OTNLq30+eHg1toAAMvmnxcAwJL99yyu+WXSMqn39o8fPdkLhsNhWZYnp0edpraUB/v7e7u7SZU+fvzkyeNnx6ejWVl1ev2qWhwXlV3NQ/P5PLw2/GwmCifNpOHxeBx+XVSb5sLKalFtFh+8OGQq6ISis9i1daXmJO1am/R8InITZ8JHhV4znlYn42l5ZbXO+ddwqhQA8Csg3AAAS3Z1Qc1l2mhm32Tnvy5O6F78Cbcn49nHH91/7/0P8qyTZUWaFTeu3xoO+0eHB6fHR8Ne/8HHH4Xm0p4DXk2m89FoFF7f7Xbb/U3nAWU6mSfN9qysKIpOp9N8QJ4Ohv21lWG3yHudot/tDPv980ZT1/OqGk0m4U/zpucnTD0fWrM4I3w8nc2rel5XiwE6k3k5nc/ronj87Oh03Ky5ufyaYg0A8CtiqxQAsGRX88dnJt20moUsl09o18VM9/b21jfWnjw9PB2NZ+2SmZVh/+z46MbNO0f7u71B/yfvvvvqvdc6naIehgKzVlbpqGpW1fR6efiMtK7y1uIUqdl0FtpN3Z5Mvog4l11mcbJVcjFMuAk97XSbdlZNcnWoTTu55vw5Tccp6/BWRWc+nZWj0fjkbLQ5WNNrAIBfNeEGAFiurG5n3LSHODXzey9OdFosvTkf9Hs50LdO6lk5D9Xm2Xe/v7t/XCfZ2tpaURQPP3lw49bN4/2nH/7iZ/2VYXPIU1kdHR7evnPnYH11Z2crNJrtzbVemoe3LMs6q5OqOSy8qKvnh3/n3e7iPPDzwrL4O6sXZ0iFT8nTxeNleDA/n0l88TWyLK/Pz5Oq0jQ8N7zz6sowFKXDx9P5fN5+zfAVqqtbwwAAlku4AQCWrEkYzTai80OXzu+t29kx9XnQSS5WwSyOf3r06NHDhw93bt4eDFfD7flstrq2cnJ8OJ9Vw9WV6fh0ZXXzycP7ZVl+//vf//0/+IOz09G161srKyvlyVnoNmurw7wIJSdZzKzJLqbeNLevXNXiOPDFupsyZJ32aYtBNm3rOY9KC5evCo9XdTUNymo2TwaDwfbW1qDbax+vPpNsru4OAwD46xNuAIBfgbpsM03dLnLJFqWmme6bXtk51RykndTVfD6djMfjnZ2d0ER+/OMfdzudbp7tPnkcksrKytpsMl1bXys6xdnR4WQ0euXe6/fff3//4PD2C3e+8M7b16/vrK8NpmXa6eTT6SQpq36/Hz4uRJymD82rpMgutz5VVdkcN7XIN+0ymazdMtUs52m2RVWLfHN1Rk8zwLj9DkVRjKaT3d3948PD2WjU6V5rNnxdrCN6/r3bNAUAsCyGEwMAS3a5NWlxo91udF4zFutrLl1OBT48PLx1687+/v7q6mqepKHjdLvdaSgxk0l4zv7+YWg6K4Pu3u6Tw/3db//FN4/298cnp9/8xp9///vv3v/k8WRa7h6clFWWd3vzZntWtjhVKnxsVT7fOXX5oc0uquZA8PTq+prFjcVRU9WF9tX1bB7ubPZ8zablBx98MD47ayLPX1Fo7JkCAJbIihsAYPmujiW+GnHO72y3TaXtvqIQRz766H6d5AeHR91uP8s7x/ODwWBzWs5X1jtbW1vPdvdff+OtkHJ+/rOfvPTyq/Pp5PrO1sbGyoP7H77wyitPHz/Z3T9474OP/+Zvfq3fz5IyacfWzEP9yYq8quftZ7Tp6GI+8eJ2KDFFfb5jK6mTRaNJPrdVKtSZkGxCQjqblpPJLFxGPS/3dw8W50xVzVawzw64sVEKAFgi4QYAWKbL5TZXFtcs+siiiVSXQWexEufg8Pj+Jw9ms7LO8l53cHZ4sLqxPp/Py+nk1q1bjx4/7Xa7jx5+cnZ2trKyMp2NP/zog7t3XvjFz346mU3Dm3z04MHbX/rqK6/ce//D+y/evVWVs83N9ZVBt0rr9mOzsqqbnFNnZTlflKMsb1bjhL+r+by9o9m+VZ5P2zkfuxO+RPi/JM9C9Anv0OywyvKz0fFoNOr3eoPB1QJVWWIDAPzqCDcAwJI9X7HS1prFHJisbLYmJVnVnjO1WG6TjibjJ8/2fvTTn52M03lSHB+dpnnW73VOT0/X1zYfPnpSzqehxSQhnlQhsnQmo/HKYOXjDz/Y3t4uOoP93adnR0eP7t//xcZPwwt/8dNfbF3beumlF69tr29vrTefWtXNJJ3FcpukWXoTeks5qdOsLrIqL9KsSubVPE8XQ3CaY7+T5kTxUJ3Ca7LZbN6OLM4n0+rg8Ohp8PjJ6f6zbL13voAoKT+11uby+CoAgCURbgCAZbq6zyi5WjGyuh0C3GySqtJ2wcu0mkwmBwdHoZGMRpPTycnm1s50Op3NZuHR09FZXZ9nkbOzk06nU1fz/f2T4vh0ZXV1Mj578vTpzo2bm+ur17Y2f/SDv1xb30iy4t13R/feuPfOO2+nxatJOQ/F59r21nxetstr5uEi8io9Pj0rinxl0CtCpUmqPM/qstnYlTYjitOqrOZVUlbpbD47m85Go1FIO/1+v9vtX9vZGR0eHz0r9w8Pj09Prm0NP5NpVBsAYOmEGwBgmRaHM6XnM4Db8pK1O6fKJMuK7PyA7aye11VZnp2FhlIcHZ0UxWB7ZW00noRQ0ut0s7Qo60nexpRut8g6w1BzTk9PQ9ZpVrUkw5/99IeD4TC8/82bd0+ODubj00fHB51ev+j09p8+e/jwyXB19ezk9NVXXzk4G4cr6WR5+OTZfNwpevMkn0/m4RqG3U6dpc0BVFX4Uy7OBQ9XPZlWp5PZaDw9OxufHp/sPn60ub5RdDunJ0ej07M7d+5Mx0eh/oQSVBSpWAMA/EoJNwDAMp1vF7oY9Nvkm3bWTTUv83wewkqzdqZ9TggfvV7v2bPdZgBwXR0fHEym883NzW63u7+7l6b5cNiv52WoM9PROC3ybl4MNgbj8Xhv9+nqoD+ZTU6PD7/7nW/N59Xt27cPDw9fe/2N8XRyuLc3m01+8P0f3rh+/fvf/8GtO7dWVlaOjo6aOcfPnrz00kvHJ2dlWSbt3qg8qbq9Tr3YVTWb5XleJenJePp492Bv92D36dOsKsPFfPLx/e3N9V6vW5fz8Wja7RSj0aScV2WahJckV9ba6DgAwHIJNwDAMmWLM6SSpD1vuw51pi6bbUrT6TTc0y3rZh1NVoSkk2ed0ej08OgkS/Nm7k2dhXpydhaqSr197XrzivGk2+0cHu4XRU059n8AAA81SURBVDafTLNOpz0dfN4rinlazUazs+OjUIKm00k9n630e88ePXq2t3/7xZd++sMf5p3ix+9+786dOw8ePLh+49ZLr7z6F9/67r17rxyfjPaOTkLlGW9vbWys9nu9ZDzuFZ1ur0jrdDSehqxzMho/eXLwyf37Z/t7B/u7nbwoZ5Onjz65feN6WtWDQa+/tRZa0unJSXdtEL5suLy0nZKz2Ca2mOkDALAUwg0AsEyLJScXP/PFopuyLENzmc1maXqyurZWFN3waDmbHx2ehFITHpqnScg7RRGCTh1+hmdWVd0b9JOqHg5Xj44Omp1NvVBsik4nL2fTySTd3tyYzsuqnFXlpK7mpyfH83k1HA4no5MHH72/vrlVzWffvv/x7bsvfvLJw93d/Z3r1z7+8P4vZj9P0s7x8XFeJScnJ7du3WovYHz92vaw1x/PxpPpLC+64YpDKgqXXmT5xsba7tOz3WfPDvd233zt9VBoHj58mN++NhqN1ofdrMg/892TxKIbAGBphBsAYKmydr1J3Z7TlGVpnaVV1hzV1O6Hqss6hJI8n5VJXc2q0XTybO+gDs/L0+npuNsbhPYxHo9DphkMBmVjNp5Oe4OVbrc7npylaX14uL+y0vwauklIM1U9H/a65XyaNyc81ePRaYg768Phgw/e29xYP3zyeH52UvRXdja3Hnzy8XR0dnJ8fPPWrePj0/nZWW84mIzLZ3u7vV5nMpm+9NJL40kITLPT44Nnjx9tbqz96KMPJqOzyeh0ZTB8+aVXxmen4cn9fndje6vodbM8rxeHY6V5c/ZUo0oAAJZKuAEAlukzR2KHBJO3QmppHm0O5m5iTtYsx0lDfCnbE52qtF7bWK/K9tynaVnn9enpaXhKkTezjYtOr07rk8OjqpqH4jOZTLpFHspOeGF42yzNZ+PR2Wi8trZWVlWSVuOT4/W14f7TJ4f7TzdW18J7fPD+L+ahG5Wz0cnJdDSe19WD+5+8/ZUv7e4dPXn69OT06Ld+628+ebq7sbF2fHR0sLc/Ojkt57Pt7e2Hn5zNZrPds93NzfXw0Rurq/uHe2vrL25uboYLWAxa/tz/D7IEAGBJ0vX19QQAAACA+FhxAwAAABAp4QYAAAAgUsINAAAAQKSEGwAAAIBICTcAAAAAkRJuAAAAACIl3AAAAABESrgBAAAAiJRwAwAAABAp4QYAAAAgUsINAAAAQKSEGwAAAIBICTcAAAAAkRJuAAAAACIl3AAAAABESrgBAAAAiJRwAwAAABAp4QYAAAAgUsINAAAAQKSEGwAAAIBICTcAAAAAkRJuAAAAACIl3AAAAABESrgBAAAAiJRwAwAAABAp4QYAAAAgUsINAAAAQKSEGwAAAIBICTcAAAAAkRJuAAAAACIl3AAAAABESrgBAAAAiJRwAwAAABAp4QYAAAAgUsINAAAAQKSEGwAAAIBICTcAAAAAkRJuAAAAACIl3AAAAABESrgBAAAAiJRwAwAAABAp4QYAAAAgUsINAAAAQKSEGwAAAIBICTcAAAAAkRJuAAAAACIl3AAAAABESrgBAAAAiJRwAwAAABAp4QYAAAAgUsINAAAAQKSEGwAAAIBICTcAAAAAkRJuAAAAACIl3AAAAABESrgBAAAAiJRwAwAAABAp4QYAAAAgUsINAAAAQKSEGwAAAIBICTcAAAAAkRJuAAAAACIl3AAAAABESrgBAAAAiJRwAwAAABAp4QYAAAAgUsINAAAAQKSEGwAAAIBICTcAAAAAkRJuAAAAACIl3AAAAABESrgBAAAAiJRwAwAAABAp4QYAAAAgUsINAAAAQKSEGwAAAIBICTcAAAAAkRJuAAAAACIl3AAAAABESrgBAAAAiJRwAwAAABAp4QYAAAAgUsINAAAAQKSEGwAAAIBICTcAAAAAkRJuAAAAACIl3AAAAABESrgBAAAAiJRwAwAAABAp4QYAAAAgUsINAAAAQKSEGwAAAIBICTcAAAAAkRJuAAAAACIl3AAAAABESrgBAAAAiJRwAwAAABAp4QYAAAAgUsINAAAAQKSEGwAAAIBICTcAAAAAkRJuAAAAACIl3AAAAABESrgBAAAAiJRwAwAAABAp4QYAAAAgUsINAAAAQKSEGwAAAIBICTcAAAAAkRJuAAAAACIl3AAAAABESrgBAAAAiJRwAwAAABAp4QYAAAAgUsINAAAAQKSEGwAAAIBICTcAAAAAkRJuAAAAACIl3AAAAABESrgBAAAAiJRwAwAAABAp4QYAAAAgUsINAAAAQKSEGwAAAIBICTcAAAAAkRJuAAAAACIl3AAAAABESrgBAAAAiJRwAwAAABAp4QYAAAAgUsINAAAAQKSEGwAAAIBICTcAAAAAkRJuAAAAACIl3AAAAABESrgBAAAAiJRwAwAAABAp4QYAAAAgUsINAAAAQKSEGwAAAIBICTcAAAAAkRJuAAAAACIl3AAAAABESrgBAAAAiJRwAwAAABAp4QYAAAAgUsINAAAAQKSEGwAAAIBICTcAAAAAkRJuAAAAACIl3AAAAABESrgBAAAAiJRwAwAAABAp4QYAAAAgUsINAAAAQKSEGwAAAIBICTcAAAAAkRJuAAAAACIl3AAAAABESrgBAAAAiJRwAwAAABAp4QYAAAAgUsINAAAAQKSEGwAAAIBICTcAAAAAkRJuAAAAACIl3AAAAABESrgBAAAAiJRwAwAAABAp4QYAAAAgUsINAAAAQKSEGwAAAIBICTcAAAAAkRJuAAAAACIl3AAAAABESrgBAAAAiJRwAwAAABAp4QYAAAAgUsINAAAAQKSEGwAAAIBICTcAAAAAkRJuAAAAACIl3AAAAABESrgBAAAAiJRwAwAAABAp4QYAAAAgUsINAAAAQKSEGwAAAIBICTcAAAAAkRJuAAAAACIl3AAAAABESrgBAAAAiJRwAwAAABAp4QYAAAAgUsINAAAAQKSEGwAAAIBICTcAAAAAkRJuAAAAACIl3AAAAABESrgBAAAAiJRwAwAAABAp4QYAAAAgUsINAAAAQKSEGwAAAIBICTcAAAAAkRJuAAAAACIl3AAAAABESrgBAAAAiJRwAwAAABAp4QYAAAAgUsINAAAAQKSEGwAAAIBICTcAAAAAkRJuAAAAACIl3AAAAABESrgBAAAAiJRwAwAAABAp4QYAAAAgUsINAAAAQKSEGwAAAIBICTcAAAAAkRJuAAAAACIl3AAAAABESrgBAAAAiJRwAwAAABAp4QYAAAAgUsINAAAAQKSEGwAAAIBICTcAAAAAkRJuAAAAACIl3AAAAABESrgBAAAAiJRwAwAAABAp4QYAAAAgUsINAAAAQKSEGwAAAIBICTcAAAAAkRJuAAAAACIl3AAAAABESrgBAAAAiJRwAwAAABAp4QYAAAAgUsINAAAAQKSEGwAAAIBICTcAAAAAkRJuAAAAACIl3AAAAABESrgBAAAAiJRwAwAAABAp4QYAAAAgUsINAAAAQKSEGwAAAIBICTcAAAAAkRJuAAAAACIl3AAAAABESrgBAAAAiJRwAwAAABAp4QYAAAAgUsINAMD/nx07JgAAAEAYZP/U1tgBMQAAiBI3AAAAAFHiBgAAACBK3AAAAABEiRsAAACAKHEDAAAAECVuAAAAAKLEDQAAAECUuAEAAACIEjcAAAAAUeIGAAAAIErcAAAAAESJGwAAAIAocQMAAAAQJW4AAAAAosQNAAAAQJS4AQAAAIgSNwAAAABR4gYAAAAgStwAAAAARIkbAAAAgChxAwAAABAlbgAAAACixA0AAABAlLgBAAAAiBI3AAAAAFHiBgAAACBK3AAAAABEiRsAAACAKHEDAAAAECVuAAAAAKLEDQAAAECUuAEAAACIEjcAAAAAUeIGAAAAIErcAAAAAESJGwAAAIAocQMAAAAQJW4AAAAAosQNAAAAQJS4AQAAAIgSNwAAAABR4gYAAAAgStwAAAAARIkbAAAAgChxAwAAABAlbgAAAACixA0AAABAlLgBAAAAiBI3AAAAAFHiBgAAACBK3AAAAABEiRsAAACAKHEDAAAAECVuAAAAAKLEDQAAAECUuAEAAACIEjcAAAAAUeIGAAAAIErcAAAAAESJGwAAAIAocQMAAAAQJW4AAAAAosQNAAAAQJS4AQAAAIgSNwAAAABR4gYAAAAgStwAAAAARIkbAAAAgChxAwAAABAlbgAAAACixA0AAABAlLgBAAAAiBI3AAAAwGgSNwAAAABR4gYAAAAgStwAAAAARIkbAAAAgChxAwAAABAlbgAAAACixA0AAABAlLgBAAAAiBI3AAAAAFHiBgAAACBK3AAAAABEiRsAAACAKHEDAAAAECVuAAAAAKLEDQAAAECUuAEAAACIEjcAAAAAUeIGAAAAIErcAAAAAESJGwAAAIAocQMAAAAQJW4AAAAAosQNAAAAQJS4AQAAAIgSNwAAAABR4gYAAAAgStwAAAAARIkbAAAAgChxAwAAABAlbgAAAACixA0AAABAlLgBAAAAiBI3AAAAAFHiBgAAACBK3AAAAABEiRsAAACAKHEDAAAAECVuAAAAAKLEDQAAAECUuAEAAACIEjcAAAAAUeIGAAAAIErcAAAAAESJGwAAAIAocQMAAAAQJW4AAAAAosQNAAAAQJS4AQAAAIgSNwAAAABR4gYAAAAgStwAAAAARIkbAAAAgChxAwAAABAlbgAAAACixA0AAABAlLgBAAAAiBI3AAAAAFHiBgAAACBK3AAAAABEiRsAAACAKHEDAAAAECVuAAAAAKLEDQAAAECUuAEAAACIEjcAAAAAUeIGAAAAIErcAAAAAESJGwAAAIAocQMAAAAQJW4AAAAAosQNAAAAQJS4AQAAAIgSNwAAAABR4gYAAAAgStwAAAAARIkbAAAAgChxAwAAABAlbgAAAACixA0AAABAlLgBAAAAiBI3AAAAAFHiBgAAACBK3AAAAABEiRsAAACAKHEDAAAAECVuAAAAAKLEDQAAAECUuAEAAACIEjcAAAAAUeIGAAAAIErcAAAAAESJGwAAAIAocQMAAAAQJW4AAAAAosQNAAAAQJS4AQAAAIgSNwAAAABR4gYAAAAgStwAAAAARIkbAAAAgChxAwAAABAlbgAAAACixA0AAABAlLgBAAAAiBI3AAAAAFHiBgAAACBK3AAAAABEiRsAAACAqAMAAP///KpSeQAAAAZJREFUAwDEw1snIOEL0gAAAABJRU5ErkJggg==